// Vitest Snapshot v1, https://vitest.dev/guide/snapshot.html

exports[`Collections > can filter by name 1`] = `
<ol
  class="
            mt-4 bg-subtle
            tablet-landscape:my-24
          "
  data-testid="list"
>
  <li
    class="
        bg-default
        items-center
        tablet:py-6
        group/list-item relative mb-1 flex max-w-(--breakpoint-desktop)
        transform-gpu flex-row gap-x-4 px-container py-4 transition-transform
        tablet:gap-x-6 tablet:px-4
        tablet-landscape:has-[a:hover]:z-hover
        tablet-landscape:has-[a:hover]:scale-105
        tablet-landscape:has-[a:hover]:shadow-all
        tablet-landscape:has-[a:hover]:drop-shadow-2xl
        laptop:px-6
        desktop:has-[a:hover]:scale-[102.5%]
        
      "
  >
    <div
      class="
          relative rounded-full
          after:absolute after:top-0 after:left-0 after:size-full
          after:bg-default after:opacity-15 after:transition-opacity
          group-has-[a:hover]/list-item:after:opacity-0
        "
    >
      <div
        class="
          w-16 safari-border-radius-fix overflow-hidden rounded-full
          drop-shadow-md
          tablet:w-20
        "
      >
        <img
          alt="Friday the 13th"
          class="w-full"
          height="80"
          loading="lazy"
          src="/_image/?href=%2Fcontent%2Fassets%2Favatars%2Ffriday-the-13th.png%3ForigWidth%3D500%26origHeight%3D500%26origFormat%3Dpng&w=80&h=80&q=80&f=avif"
          srcset="/_image/?href=%2Fcontent%2Fassets%2Favatars%2Ffriday-the-13th.png%3ForigWidth%3D500%26origHeight%3D500%26origFormat%3Dpng&w=80&h=80&q=80&f=avif 1x, /_image/?href=%2Fcontent%2Fassets%2Favatars%2Ffriday-the-13th.png%3ForigWidth%3D500%26origHeight%3D500%26origFormat%3Dpng&w=160&h=160&q=80&f=avif 2x"
          width="80"
        />
      </div>
    </div>
    <a
      class="
        leading-normal font-sans text-sm font-medium text-accent
        after:absolute after:top-0 after:left-0 after:size-full after:opacity-0
      "
      href="/collections/friday-the-13th/"
    >
      <div
        class="leading-normal"
      >
        Friday the 13th
      </div>
    </a>
    <div
      class="
          mr-2 ml-auto font-sans text-xs text-nowrap text-subtle
          tablet:text-sm
        "
    >
      11
    </div>
  </li>
  <li
    class="
        bg-default
        items-center
        tablet:py-6
        group/list-item relative mb-1 flex max-w-(--breakpoint-desktop)
        transform-gpu flex-row gap-x-4 px-container py-4 transition-transform
        tablet:gap-x-6 tablet:px-4
        tablet-landscape:has-[a:hover]:z-hover
        tablet-landscape:has-[a:hover]:scale-105
        tablet-landscape:has-[a:hover]:shadow-all
        tablet-landscape:has-[a:hover]:drop-shadow-2xl
        laptop:px-6
        desktop:has-[a:hover]:scale-[102.5%]
        
      "
  >
    <div
      class="
          relative rounded-full
          after:absolute after:top-0 after:left-0 after:size-full
          after:bg-default after:opacity-15 after:transition-opacity
          group-has-[a:hover]/list-item:after:opacity-0
        "
    >
      <div
        class="
          w-16 safari-border-radius-fix overflow-hidden rounded-full
          drop-shadow-md
          tablet:w-20
        "
      >
        <img
          alt="Hammer Films"
          class="w-full"
          height="80"
          loading="lazy"
          src="/_image/?href=%2Fcontent%2Fassets%2Favatars%2Fhammer-films.png%3ForigWidth%3D500%26origHeight%3D500%26origFormat%3Dpng&w=80&h=80&q=80&f=avif"
          srcset="/_image/?href=%2Fcontent%2Fassets%2Favatars%2Fhammer-films.png%3ForigWidth%3D500%26origHeight%3D500%26origFormat%3Dpng&w=80&h=80&q=80&f=avif 1x, /_image/?href=%2Fcontent%2Fassets%2Favatars%2Fhammer-films.png%3ForigWidth%3D500%26origHeight%3D500%26origFormat%3Dpng&w=160&h=160&q=80&f=avif 2x"
          width="80"
        />
      </div>
    </div>
    <a
      class="
        leading-normal font-sans text-sm font-medium text-accent
        after:absolute after:top-0 after:left-0 after:size-full after:opacity-0
      "
      href="/collections/hammer-films/"
    >
      <div
        class="leading-normal"
      >
        Hammer Films
      </div>
    </a>
    <div
      class="
          mr-2 ml-auto font-sans text-xs text-nowrap text-subtle
          tablet:text-sm
        "
    >
      41
    </div>
  </li>
  <li
    class="
        bg-default
        items-center
        tablet:py-6
        group/list-item relative mb-1 flex max-w-(--breakpoint-desktop)
        transform-gpu flex-row gap-x-4 px-container py-4 transition-transform
        tablet:gap-x-6 tablet:px-4
        tablet-landscape:has-[a:hover]:z-hover
        tablet-landscape:has-[a:hover]:scale-105
        tablet-landscape:has-[a:hover]:shadow-all
        tablet-landscape:has-[a:hover]:drop-shadow-2xl
        laptop:px-6
        desktop:has-[a:hover]:scale-[102.5%]
        
      "
  >
    <div
      class="
          relative rounded-full
          after:absolute after:top-0 after:left-0 after:size-full
          after:bg-default after:opacity-15 after:transition-opacity
          group-has-[a:hover]/list-item:after:opacity-0
        "
    >
      <div
        class="
          w-16 safari-border-radius-fix overflow-hidden rounded-full
          drop-shadow-md
          tablet:w-20
        "
      >
        <img
          alt="Hatchet"
          class="w-full"
          height="80"
          loading="lazy"
          src="/_image/?href=%2Fcontent%2Fassets%2Favatars%2Fhatchet.png%3ForigWidth%3D500%26origHeight%3D500%26origFormat%3Dpng&w=80&h=80&q=80&f=avif"
          srcset="/_image/?href=%2Fcontent%2Fassets%2Favatars%2Fhatchet.png%3ForigWidth%3D500%26origHeight%3D500%26origFormat%3Dpng&w=80&h=80&q=80&f=avif 1x, /_image/?href=%2Fcontent%2Fassets%2Favatars%2Fhatchet.png%3ForigWidth%3D500%26origHeight%3D500%26origFormat%3Dpng&w=160&h=160&q=80&f=avif 2x"
          width="80"
        />
      </div>
    </div>
    <a
      class="
        leading-normal font-sans text-sm font-medium text-accent
        after:absolute after:top-0 after:left-0 after:size-full after:opacity-0
      "
      href="/collections/hatchet/"
    >
      <div
        class="leading-normal"
      >
        Hatchet
      </div>
    </a>
    <div
      class="
          mr-2 ml-auto font-sans text-xs text-nowrap text-subtle
          tablet:text-sm
        "
    >
      4
    </div>
  </li>
  <li
    class="
        bg-default
        items-center
        tablet:py-6
        group/list-item relative mb-1 flex max-w-(--breakpoint-desktop)
        transform-gpu flex-row gap-x-4 px-container py-4 transition-transform
        tablet:gap-x-6 tablet:px-4
        tablet-landscape:has-[a:hover]:z-hover
        tablet-landscape:has-[a:hover]:scale-105
        tablet-landscape:has-[a:hover]:shadow-all
        tablet-landscape:has-[a:hover]:drop-shadow-2xl
        laptop:px-6
        desktop:has-[a:hover]:scale-[102.5%]
        
      "
  >
    <div
      class="
          relative rounded-full
          after:absolute after:top-0 after:left-0 after:size-full
          after:bg-default after:opacity-15 after:transition-opacity
          group-has-[a:hover]/list-item:after:opacity-0
        "
    >
      <div
        class="
          w-16 safari-border-radius-fix overflow-hidden rounded-full
          drop-shadow-md
          tablet:w-20
        "
      >
        <img
          alt="James Bond"
          class="w-full"
          height="80"
          loading="lazy"
          src="/_image/?href=%2Fcontent%2Fassets%2Favatars%2Fjames-bond.png%3ForigWidth%3D500%26origHeight%3D500%26origFormat%3Dpng&w=80&h=80&q=80&f=avif"
          srcset="/_image/?href=%2Fcontent%2Fassets%2Favatars%2Fjames-bond.png%3ForigWidth%3D500%26origHeight%3D500%26origFormat%3Dpng&w=80&h=80&q=80&f=avif 1x, /_image/?href=%2Fcontent%2Fassets%2Favatars%2Fjames-bond.png%3ForigWidth%3D500%26origHeight%3D500%26origFormat%3Dpng&w=160&h=160&q=80&f=avif 2x"
          width="80"
        />
      </div>
    </div>
    <a
      class="
        leading-normal font-sans text-sm font-medium text-accent
        after:absolute after:top-0 after:left-0 after:size-full after:opacity-0
      "
      href="/collections/james-bond/"
    >
      <div
        class="leading-normal"
      >
        James Bond
      </div>
    </a>
    <div
      class="
          mr-2 ml-auto font-sans text-xs text-nowrap text-subtle
          tablet:text-sm
        "
    >
      24
    </div>
  </li>
  <li
    class="
        bg-default
        items-center
        tablet:py-6
        group/list-item relative mb-1 flex max-w-(--breakpoint-desktop)
        transform-gpu flex-row gap-x-4 px-container py-4 transition-transform
        tablet:gap-x-6 tablet:px-4
        tablet-landscape:has-[a:hover]:z-hover
        tablet-landscape:has-[a:hover]:scale-105
        tablet-landscape:has-[a:hover]:shadow-all
        tablet-landscape:has-[a:hover]:drop-shadow-2xl
        laptop:px-6
        desktop:has-[a:hover]:scale-[102.5%]
        
      "
  >
    <div
      class="
          relative rounded-full
          after:absolute after:top-0 after:left-0 after:size-full
          after:bg-default after:opacity-15 after:transition-opacity
          group-has-[a:hover]/list-item:after:opacity-0
        "
    >
      <div
        class="
          w-16 safari-border-radius-fix overflow-hidden rounded-full
          drop-shadow-md
          tablet:w-20
        "
      >
        <img
          alt="Shaw Brothers"
          class="w-full"
          height="80"
          loading="lazy"
          src="/_image/?href=%2Fcontent%2Fassets%2Favatars%2Fshaw-brothers.png%3ForigWidth%3D500%26origHeight%3D500%26origFormat%3Dpng&w=80&h=80&q=80&f=avif"
          srcset="/_image/?href=%2Fcontent%2Fassets%2Favatars%2Fshaw-brothers.png%3ForigWidth%3D500%26origHeight%3D500%26origFormat%3Dpng&w=80&h=80&q=80&f=avif 1x, /_image/?href=%2Fcontent%2Fassets%2Favatars%2Fshaw-brothers.png%3ForigWidth%3D500%26origHeight%3D500%26origFormat%3Dpng&w=160&h=160&q=80&f=avif 2x"
          width="80"
        />
      </div>
    </div>
    <a
      class="
        leading-normal font-sans text-sm font-medium text-accent
        after:absolute after:top-0 after:left-0 after:size-full after:opacity-0
      "
      href="/collections/shaw-brothers/"
    >
      <div
        class="leading-normal"
      >
        Shaw Brothers
      </div>
    </a>
    <div
      class="
          mr-2 ml-auto font-sans text-xs text-nowrap text-subtle
          tablet:text-sm
        "
    >
      14
    </div>
  </li>
</ol>
`;

exports[`Collections > can sort by name asc 1`] = `
<ol
  class="
            mt-4 bg-subtle
            tablet-landscape:my-24
          "
  data-testid="list"
>
  <li
    class="
        bg-default
        items-center
        tablet:py-6
        group/list-item relative mb-1 flex max-w-(--breakpoint-desktop)
        transform-gpu flex-row gap-x-4 px-container py-4 transition-transform
        tablet:gap-x-6 tablet:px-4
        tablet-landscape:has-[a:hover]:z-hover
        tablet-landscape:has-[a:hover]:scale-105
        tablet-landscape:has-[a:hover]:shadow-all
        tablet-landscape:has-[a:hover]:drop-shadow-2xl
        laptop:px-6
        desktop:has-[a:hover]:scale-[102.5%]
        
      "
  >
    <div
      class="
          relative rounded-full
          after:absolute after:top-0 after:left-0 after:size-full
          after:bg-default after:opacity-15 after:transition-opacity
          group-has-[a:hover]/list-item:after:opacity-0
        "
    >
      <div
        class="
          w-16 safari-border-radius-fix overflow-hidden rounded-full
          drop-shadow-md
          tablet:w-20
        "
      >
        <img
          alt="Friday the 13th"
          class="w-full"
          height="80"
          loading="lazy"
          src="/_image/?href=%2Fcontent%2Fassets%2Favatars%2Ffriday-the-13th.png%3ForigWidth%3D500%26origHeight%3D500%26origFormat%3Dpng&w=80&h=80&q=80&f=avif"
          srcset="/_image/?href=%2Fcontent%2Fassets%2Favatars%2Ffriday-the-13th.png%3ForigWidth%3D500%26origHeight%3D500%26origFormat%3Dpng&w=80&h=80&q=80&f=avif 1x, /_image/?href=%2Fcontent%2Fassets%2Favatars%2Ffriday-the-13th.png%3ForigWidth%3D500%26origHeight%3D500%26origFormat%3Dpng&w=160&h=160&q=80&f=avif 2x"
          width="80"
        />
      </div>
    </div>
    <a
      class="
        leading-normal font-sans text-sm font-medium text-accent
        after:absolute after:top-0 after:left-0 after:size-full after:opacity-0
      "
      href="/collections/friday-the-13th/"
    >
      <div
        class="leading-normal"
      >
        Friday the 13th
      </div>
    </a>
    <div
      class="
          mr-2 ml-auto font-sans text-xs text-nowrap text-subtle
          tablet:text-sm
        "
    >
      11
    </div>
  </li>
  <li
    class="
        bg-default
        items-center
        tablet:py-6
        group/list-item relative mb-1 flex max-w-(--breakpoint-desktop)
        transform-gpu flex-row gap-x-4 px-container py-4 transition-transform
        tablet:gap-x-6 tablet:px-4
        tablet-landscape:has-[a:hover]:z-hover
        tablet-landscape:has-[a:hover]:scale-105
        tablet-landscape:has-[a:hover]:shadow-all
        tablet-landscape:has-[a:hover]:drop-shadow-2xl
        laptop:px-6
        desktop:has-[a:hover]:scale-[102.5%]
        
      "
  >
    <div
      class="
          relative rounded-full
          after:absolute after:top-0 after:left-0 after:size-full
          after:bg-default after:opacity-15 after:transition-opacity
          group-has-[a:hover]/list-item:after:opacity-0
        "
    >
      <div
        class="
          w-16 safari-border-radius-fix overflow-hidden rounded-full
          drop-shadow-md
          tablet:w-20
        "
      >
        <img
          alt="Hammer Films"
          class="w-full"
          height="80"
          loading="lazy"
          src="/_image/?href=%2Fcontent%2Fassets%2Favatars%2Fhammer-films.png%3ForigWidth%3D500%26origHeight%3D500%26origFormat%3Dpng&w=80&h=80&q=80&f=avif"
          srcset="/_image/?href=%2Fcontent%2Fassets%2Favatars%2Fhammer-films.png%3ForigWidth%3D500%26origHeight%3D500%26origFormat%3Dpng&w=80&h=80&q=80&f=avif 1x, /_image/?href=%2Fcontent%2Fassets%2Favatars%2Fhammer-films.png%3ForigWidth%3D500%26origHeight%3D500%26origFormat%3Dpng&w=160&h=160&q=80&f=avif 2x"
          width="80"
        />
      </div>
    </div>
    <a
      class="
        leading-normal font-sans text-sm font-medium text-accent
        after:absolute after:top-0 after:left-0 after:size-full after:opacity-0
      "
      href="/collections/hammer-films/"
    >
      <div
        class="leading-normal"
      >
        Hammer Films
      </div>
    </a>
    <div
      class="
          mr-2 ml-auto font-sans text-xs text-nowrap text-subtle
          tablet:text-sm
        "
    >
      41
    </div>
  </li>
  <li
    class="
        bg-default
        items-center
        tablet:py-6
        group/list-item relative mb-1 flex max-w-(--breakpoint-desktop)
        transform-gpu flex-row gap-x-4 px-container py-4 transition-transform
        tablet:gap-x-6 tablet:px-4
        tablet-landscape:has-[a:hover]:z-hover
        tablet-landscape:has-[a:hover]:scale-105
        tablet-landscape:has-[a:hover]:shadow-all
        tablet-landscape:has-[a:hover]:drop-shadow-2xl
        laptop:px-6
        desktop:has-[a:hover]:scale-[102.5%]
        
      "
  >
    <div
      class="
          relative rounded-full
          after:absolute after:top-0 after:left-0 after:size-full
          after:bg-default after:opacity-15 after:transition-opacity
          group-has-[a:hover]/list-item:after:opacity-0
        "
    >
      <div
        class="
          w-16 safari-border-radius-fix overflow-hidden rounded-full
          drop-shadow-md
          tablet:w-20
        "
      >
        <img
          alt="Hatchet"
          class="w-full"
          height="80"
          loading="lazy"
          src="/_image/?href=%2Fcontent%2Fassets%2Favatars%2Fhatchet.png%3ForigWidth%3D500%26origHeight%3D500%26origFormat%3Dpng&w=80&h=80&q=80&f=avif"
          srcset="/_image/?href=%2Fcontent%2Fassets%2Favatars%2Fhatchet.png%3ForigWidth%3D500%26origHeight%3D500%26origFormat%3Dpng&w=80&h=80&q=80&f=avif 1x, /_image/?href=%2Fcontent%2Fassets%2Favatars%2Fhatchet.png%3ForigWidth%3D500%26origHeight%3D500%26origFormat%3Dpng&w=160&h=160&q=80&f=avif 2x"
          width="80"
        />
      </div>
    </div>
    <a
      class="
        leading-normal font-sans text-sm font-medium text-accent
        after:absolute after:top-0 after:left-0 after:size-full after:opacity-0
      "
      href="/collections/hatchet/"
    >
      <div
        class="leading-normal"
      >
        Hatchet
      </div>
    </a>
    <div
      class="
          mr-2 ml-auto font-sans text-xs text-nowrap text-subtle
          tablet:text-sm
        "
    >
      4
    </div>
  </li>
  <li
    class="
        bg-default
        items-center
        tablet:py-6
        group/list-item relative mb-1 flex max-w-(--breakpoint-desktop)
        transform-gpu flex-row gap-x-4 px-container py-4 transition-transform
        tablet:gap-x-6 tablet:px-4
        tablet-landscape:has-[a:hover]:z-hover
        tablet-landscape:has-[a:hover]:scale-105
        tablet-landscape:has-[a:hover]:shadow-all
        tablet-landscape:has-[a:hover]:drop-shadow-2xl
        laptop:px-6
        desktop:has-[a:hover]:scale-[102.5%]
        
      "
  >
    <div
      class="
          relative rounded-full
          after:absolute after:top-0 after:left-0 after:size-full
          after:bg-default after:opacity-15 after:transition-opacity
          group-has-[a:hover]/list-item:after:opacity-0
        "
    >
      <div
        class="
          w-16 safari-border-radius-fix overflow-hidden rounded-full
          drop-shadow-md
          tablet:w-20
        "
      >
        <img
          alt="James Bond"
          class="w-full"
          height="80"
          loading="lazy"
          src="/_image/?href=%2Fcontent%2Fassets%2Favatars%2Fjames-bond.png%3ForigWidth%3D500%26origHeight%3D500%26origFormat%3Dpng&w=80&h=80&q=80&f=avif"
          srcset="/_image/?href=%2Fcontent%2Fassets%2Favatars%2Fjames-bond.png%3ForigWidth%3D500%26origHeight%3D500%26origFormat%3Dpng&w=80&h=80&q=80&f=avif 1x, /_image/?href=%2Fcontent%2Fassets%2Favatars%2Fjames-bond.png%3ForigWidth%3D500%26origHeight%3D500%26origFormat%3Dpng&w=160&h=160&q=80&f=avif 2x"
          width="80"
        />
      </div>
    </div>
    <a
      class="
        leading-normal font-sans text-sm font-medium text-accent
        after:absolute after:top-0 after:left-0 after:size-full after:opacity-0
      "
      href="/collections/james-bond/"
    >
      <div
        class="leading-normal"
      >
        James Bond
      </div>
    </a>
    <div
      class="
          mr-2 ml-auto font-sans text-xs text-nowrap text-subtle
          tablet:text-sm
        "
    >
      24
    </div>
  </li>
  <li
    class="
        bg-default
        items-center
        tablet:py-6
        group/list-item relative mb-1 flex max-w-(--breakpoint-desktop)
        transform-gpu flex-row gap-x-4 px-container py-4 transition-transform
        tablet:gap-x-6 tablet:px-4
        tablet-landscape:has-[a:hover]:z-hover
        tablet-landscape:has-[a:hover]:scale-105
        tablet-landscape:has-[a:hover]:shadow-all
        tablet-landscape:has-[a:hover]:drop-shadow-2xl
        laptop:px-6
        desktop:has-[a:hover]:scale-[102.5%]
        
      "
  >
    <div
      class="
          relative rounded-full
          after:absolute after:top-0 after:left-0 after:size-full
          after:bg-default after:opacity-15 after:transition-opacity
          group-has-[a:hover]/list-item:after:opacity-0
        "
    >
      <div
        class="
          w-16 safari-border-radius-fix overflow-hidden rounded-full
          drop-shadow-md
          tablet:w-20
        "
      >
        <img
          alt="Shaw Brothers"
          class="w-full"
          height="80"
          loading="lazy"
          src="/_image/?href=%2Fcontent%2Fassets%2Favatars%2Fshaw-brothers.png%3ForigWidth%3D500%26origHeight%3D500%26origFormat%3Dpng&w=80&h=80&q=80&f=avif"
          srcset="/_image/?href=%2Fcontent%2Fassets%2Favatars%2Fshaw-brothers.png%3ForigWidth%3D500%26origHeight%3D500%26origFormat%3Dpng&w=80&h=80&q=80&f=avif 1x, /_image/?href=%2Fcontent%2Fassets%2Favatars%2Fshaw-brothers.png%3ForigWidth%3D500%26origHeight%3D500%26origFormat%3Dpng&w=160&h=160&q=80&f=avif 2x"
          width="80"
        />
      </div>
    </div>
    <a
      class="
        leading-normal font-sans text-sm font-medium text-accent
        after:absolute after:top-0 after:left-0 after:size-full after:opacity-0
      "
      href="/collections/shaw-brothers/"
    >
      <div
        class="leading-normal"
      >
        Shaw Brothers
      </div>
    </a>
    <div
      class="
          mr-2 ml-auto font-sans text-xs text-nowrap text-subtle
          tablet:text-sm
        "
    >
      14
    </div>
  </li>
</ol>
`;

exports[`Collections > can sort by name desc 1`] = `
<ol
  class="
            mt-4 bg-subtle
            tablet-landscape:my-24
          "
  data-testid="list"
>
  <li
    class="
        bg-default
        items-center
        tablet:py-6
        group/list-item relative mb-1 flex max-w-(--breakpoint-desktop)
        transform-gpu flex-row gap-x-4 px-container py-4 transition-transform
        tablet:gap-x-6 tablet:px-4
        tablet-landscape:has-[a:hover]:z-hover
        tablet-landscape:has-[a:hover]:scale-105
        tablet-landscape:has-[a:hover]:shadow-all
        tablet-landscape:has-[a:hover]:drop-shadow-2xl
        laptop:px-6
        desktop:has-[a:hover]:scale-[102.5%]
        
      "
  >
    <div
      class="
          relative rounded-full
          after:absolute after:top-0 after:left-0 after:size-full
          after:bg-default after:opacity-15 after:transition-opacity
          group-has-[a:hover]/list-item:after:opacity-0
        "
    >
      <div
        class="
          w-16 safari-border-radius-fix overflow-hidden rounded-full
          drop-shadow-md
          tablet:w-20
        "
      >
        <img
          alt="Friday the 13th"
          class="w-full"
          height="80"
          loading="lazy"
          src="/_image/?href=%2Fcontent%2Fassets%2Favatars%2Ffriday-the-13th.png%3ForigWidth%3D500%26origHeight%3D500%26origFormat%3Dpng&w=80&h=80&q=80&f=avif"
          srcset="/_image/?href=%2Fcontent%2Fassets%2Favatars%2Ffriday-the-13th.png%3ForigWidth%3D500%26origHeight%3D500%26origFormat%3Dpng&w=80&h=80&q=80&f=avif 1x, /_image/?href=%2Fcontent%2Fassets%2Favatars%2Ffriday-the-13th.png%3ForigWidth%3D500%26origHeight%3D500%26origFormat%3Dpng&w=160&h=160&q=80&f=avif 2x"
          width="80"
        />
      </div>
    </div>
    <a
      class="
        leading-normal font-sans text-sm font-medium text-accent
        after:absolute after:top-0 after:left-0 after:size-full after:opacity-0
      "
      href="/collections/friday-the-13th/"
    >
      <div
        class="leading-normal"
      >
        Friday the 13th
      </div>
    </a>
    <div
      class="
          mr-2 ml-auto font-sans text-xs text-nowrap text-subtle
          tablet:text-sm
        "
    >
      11
    </div>
  </li>
  <li
    class="
        bg-default
        items-center
        tablet:py-6
        group/list-item relative mb-1 flex max-w-(--breakpoint-desktop)
        transform-gpu flex-row gap-x-4 px-container py-4 transition-transform
        tablet:gap-x-6 tablet:px-4
        tablet-landscape:has-[a:hover]:z-hover
        tablet-landscape:has-[a:hover]:scale-105
        tablet-landscape:has-[a:hover]:shadow-all
        tablet-landscape:has-[a:hover]:drop-shadow-2xl
        laptop:px-6
        desktop:has-[a:hover]:scale-[102.5%]
        
      "
  >
    <div
      class="
          relative rounded-full
          after:absolute after:top-0 after:left-0 after:size-full
          after:bg-default after:opacity-15 after:transition-opacity
          group-has-[a:hover]/list-item:after:opacity-0
        "
    >
      <div
        class="
          w-16 safari-border-radius-fix overflow-hidden rounded-full
          drop-shadow-md
          tablet:w-20
        "
      >
        <img
          alt="Hammer Films"
          class="w-full"
          height="80"
          loading="lazy"
          src="/_image/?href=%2Fcontent%2Fassets%2Favatars%2Fhammer-films.png%3ForigWidth%3D500%26origHeight%3D500%26origFormat%3Dpng&w=80&h=80&q=80&f=avif"
          srcset="/_image/?href=%2Fcontent%2Fassets%2Favatars%2Fhammer-films.png%3ForigWidth%3D500%26origHeight%3D500%26origFormat%3Dpng&w=80&h=80&q=80&f=avif 1x, /_image/?href=%2Fcontent%2Fassets%2Favatars%2Fhammer-films.png%3ForigWidth%3D500%26origHeight%3D500%26origFormat%3Dpng&w=160&h=160&q=80&f=avif 2x"
          width="80"
        />
      </div>
    </div>
    <a
      class="
        leading-normal font-sans text-sm font-medium text-accent
        after:absolute after:top-0 after:left-0 after:size-full after:opacity-0
      "
      href="/collections/hammer-films/"
    >
      <div
        class="leading-normal"
      >
        Hammer Films
      </div>
    </a>
    <div
      class="
          mr-2 ml-auto font-sans text-xs text-nowrap text-subtle
          tablet:text-sm
        "
    >
      41
    </div>
  </li>
  <li
    class="
        bg-default
        items-center
        tablet:py-6
        group/list-item relative mb-1 flex max-w-(--breakpoint-desktop)
        transform-gpu flex-row gap-x-4 px-container py-4 transition-transform
        tablet:gap-x-6 tablet:px-4
        tablet-landscape:has-[a:hover]:z-hover
        tablet-landscape:has-[a:hover]:scale-105
        tablet-landscape:has-[a:hover]:shadow-all
        tablet-landscape:has-[a:hover]:drop-shadow-2xl
        laptop:px-6
        desktop:has-[a:hover]:scale-[102.5%]
        
      "
  >
    <div
      class="
          relative rounded-full
          after:absolute after:top-0 after:left-0 after:size-full
          after:bg-default after:opacity-15 after:transition-opacity
          group-has-[a:hover]/list-item:after:opacity-0
        "
    >
      <div
        class="
          w-16 safari-border-radius-fix overflow-hidden rounded-full
          drop-shadow-md
          tablet:w-20
        "
      >
        <img
          alt="Hatchet"
          class="w-full"
          height="80"
          loading="lazy"
          src="/_image/?href=%2Fcontent%2Fassets%2Favatars%2Fhatchet.png%3ForigWidth%3D500%26origHeight%3D500%26origFormat%3Dpng&w=80&h=80&q=80&f=avif"
          srcset="/_image/?href=%2Fcontent%2Fassets%2Favatars%2Fhatchet.png%3ForigWidth%3D500%26origHeight%3D500%26origFormat%3Dpng&w=80&h=80&q=80&f=avif 1x, /_image/?href=%2Fcontent%2Fassets%2Favatars%2Fhatchet.png%3ForigWidth%3D500%26origHeight%3D500%26origFormat%3Dpng&w=160&h=160&q=80&f=avif 2x"
          width="80"
        />
      </div>
    </div>
    <a
      class="
        leading-normal font-sans text-sm font-medium text-accent
        after:absolute after:top-0 after:left-0 after:size-full after:opacity-0
      "
      href="/collections/hatchet/"
    >
      <div
        class="leading-normal"
      >
        Hatchet
      </div>
    </a>
    <div
      class="
          mr-2 ml-auto font-sans text-xs text-nowrap text-subtle
          tablet:text-sm
        "
    >
      4
    </div>
  </li>
  <li
    class="
        bg-default
        items-center
        tablet:py-6
        group/list-item relative mb-1 flex max-w-(--breakpoint-desktop)
        transform-gpu flex-row gap-x-4 px-container py-4 transition-transform
        tablet:gap-x-6 tablet:px-4
        tablet-landscape:has-[a:hover]:z-hover
        tablet-landscape:has-[a:hover]:scale-105
        tablet-landscape:has-[a:hover]:shadow-all
        tablet-landscape:has-[a:hover]:drop-shadow-2xl
        laptop:px-6
        desktop:has-[a:hover]:scale-[102.5%]
        
      "
  >
    <div
      class="
          relative rounded-full
          after:absolute after:top-0 after:left-0 after:size-full
          after:bg-default after:opacity-15 after:transition-opacity
          group-has-[a:hover]/list-item:after:opacity-0
        "
    >
      <div
        class="
          w-16 safari-border-radius-fix overflow-hidden rounded-full
          drop-shadow-md
          tablet:w-20
        "
      >
        <img
          alt="James Bond"
          class="w-full"
          height="80"
          loading="lazy"
          src="/_image/?href=%2Fcontent%2Fassets%2Favatars%2Fjames-bond.png%3ForigWidth%3D500%26origHeight%3D500%26origFormat%3Dpng&w=80&h=80&q=80&f=avif"
          srcset="/_image/?href=%2Fcontent%2Fassets%2Favatars%2Fjames-bond.png%3ForigWidth%3D500%26origHeight%3D500%26origFormat%3Dpng&w=80&h=80&q=80&f=avif 1x, /_image/?href=%2Fcontent%2Fassets%2Favatars%2Fjames-bond.png%3ForigWidth%3D500%26origHeight%3D500%26origFormat%3Dpng&w=160&h=160&q=80&f=avif 2x"
          width="80"
        />
      </div>
    </div>
    <a
      class="
        leading-normal font-sans text-sm font-medium text-accent
        after:absolute after:top-0 after:left-0 after:size-full after:opacity-0
      "
      href="/collections/james-bond/"
    >
      <div
        class="leading-normal"
      >
        James Bond
      </div>
    </a>
    <div
      class="
          mr-2 ml-auto font-sans text-xs text-nowrap text-subtle
          tablet:text-sm
        "
    >
      24
    </div>
  </li>
  <li
    class="
        bg-default
        items-center
        tablet:py-6
        group/list-item relative mb-1 flex max-w-(--breakpoint-desktop)
        transform-gpu flex-row gap-x-4 px-container py-4 transition-transform
        tablet:gap-x-6 tablet:px-4
        tablet-landscape:has-[a:hover]:z-hover
        tablet-landscape:has-[a:hover]:scale-105
        tablet-landscape:has-[a:hover]:shadow-all
        tablet-landscape:has-[a:hover]:drop-shadow-2xl
        laptop:px-6
        desktop:has-[a:hover]:scale-[102.5%]
        
      "
  >
    <div
      class="
          relative rounded-full
          after:absolute after:top-0 after:left-0 after:size-full
          after:bg-default after:opacity-15 after:transition-opacity
          group-has-[a:hover]/list-item:after:opacity-0
        "
    >
      <div
        class="
          w-16 safari-border-radius-fix overflow-hidden rounded-full
          drop-shadow-md
          tablet:w-20
        "
      >
        <img
          alt="Shaw Brothers"
          class="w-full"
          height="80"
          loading="lazy"
          src="/_image/?href=%2Fcontent%2Fassets%2Favatars%2Fshaw-brothers.png%3ForigWidth%3D500%26origHeight%3D500%26origFormat%3Dpng&w=80&h=80&q=80&f=avif"
          srcset="/_image/?href=%2Fcontent%2Fassets%2Favatars%2Fshaw-brothers.png%3ForigWidth%3D500%26origHeight%3D500%26origFormat%3Dpng&w=80&h=80&q=80&f=avif 1x, /_image/?href=%2Fcontent%2Fassets%2Favatars%2Fshaw-brothers.png%3ForigWidth%3D500%26origHeight%3D500%26origFormat%3Dpng&w=160&h=160&q=80&f=avif 2x"
          width="80"
        />
      </div>
    </div>
    <a
      class="
        leading-normal font-sans text-sm font-medium text-accent
        after:absolute after:top-0 after:left-0 after:size-full after:opacity-0
      "
      href="/collections/shaw-brothers/"
    >
      <div
        class="leading-normal"
      >
        Shaw Brothers
      </div>
    </a>
    <div
      class="
          mr-2 ml-auto font-sans text-xs text-nowrap text-subtle
          tablet:text-sm
        "
    >
      14
    </div>
  </li>
</ol>
`;

exports[`Collections > can sort by review count asc 1`] = `
<ol
  class="
            mt-4 bg-subtle
            tablet-landscape:my-24
          "
  data-testid="list"
>
  <li
    class="
        bg-default
        items-center
        tablet:py-6
        group/list-item relative mb-1 flex max-w-(--breakpoint-desktop)
        transform-gpu flex-row gap-x-4 px-container py-4 transition-transform
        tablet:gap-x-6 tablet:px-4
        tablet-landscape:has-[a:hover]:z-hover
        tablet-landscape:has-[a:hover]:scale-105
        tablet-landscape:has-[a:hover]:shadow-all
        tablet-landscape:has-[a:hover]:drop-shadow-2xl
        laptop:px-6
        desktop:has-[a:hover]:scale-[102.5%]
        
      "
  >
    <div
      class="
          relative rounded-full
          after:absolute after:top-0 after:left-0 after:size-full
          after:bg-default after:opacity-15 after:transition-opacity
          group-has-[a:hover]/list-item:after:opacity-0
        "
    >
      <div
        class="
          w-16 safari-border-radius-fix overflow-hidden rounded-full
          drop-shadow-md
          tablet:w-20
        "
      >
        <img
          alt="Friday the 13th"
          class="w-full"
          height="80"
          loading="lazy"
          src="/_image/?href=%2Fcontent%2Fassets%2Favatars%2Ffriday-the-13th.png%3ForigWidth%3D500%26origHeight%3D500%26origFormat%3Dpng&w=80&h=80&q=80&f=avif"
          srcset="/_image/?href=%2Fcontent%2Fassets%2Favatars%2Ffriday-the-13th.png%3ForigWidth%3D500%26origHeight%3D500%26origFormat%3Dpng&w=80&h=80&q=80&f=avif 1x, /_image/?href=%2Fcontent%2Fassets%2Favatars%2Ffriday-the-13th.png%3ForigWidth%3D500%26origHeight%3D500%26origFormat%3Dpng&w=160&h=160&q=80&f=avif 2x"
          width="80"
        />
      </div>
    </div>
    <a
      class="
        leading-normal font-sans text-sm font-medium text-accent
        after:absolute after:top-0 after:left-0 after:size-full after:opacity-0
      "
      href="/collections/friday-the-13th/"
    >
      <div
        class="leading-normal"
      >
        Friday the 13th
      </div>
    </a>
    <div
      class="
          mr-2 ml-auto font-sans text-xs text-nowrap text-subtle
          tablet:text-sm
        "
    >
      11
    </div>
  </li>
  <li
    class="
        bg-default
        items-center
        tablet:py-6
        group/list-item relative mb-1 flex max-w-(--breakpoint-desktop)
        transform-gpu flex-row gap-x-4 px-container py-4 transition-transform
        tablet:gap-x-6 tablet:px-4
        tablet-landscape:has-[a:hover]:z-hover
        tablet-landscape:has-[a:hover]:scale-105
        tablet-landscape:has-[a:hover]:shadow-all
        tablet-landscape:has-[a:hover]:drop-shadow-2xl
        laptop:px-6
        desktop:has-[a:hover]:scale-[102.5%]
        
      "
  >
    <div
      class="
          relative rounded-full
          after:absolute after:top-0 after:left-0 after:size-full
          after:bg-default after:opacity-15 after:transition-opacity
          group-has-[a:hover]/list-item:after:opacity-0
        "
    >
      <div
        class="
          w-16 safari-border-radius-fix overflow-hidden rounded-full
          drop-shadow-md
          tablet:w-20
        "
      >
        <img
          alt="Hammer Films"
          class="w-full"
          height="80"
          loading="lazy"
          src="/_image/?href=%2Fcontent%2Fassets%2Favatars%2Fhammer-films.png%3ForigWidth%3D500%26origHeight%3D500%26origFormat%3Dpng&w=80&h=80&q=80&f=avif"
          srcset="/_image/?href=%2Fcontent%2Fassets%2Favatars%2Fhammer-films.png%3ForigWidth%3D500%26origHeight%3D500%26origFormat%3Dpng&w=80&h=80&q=80&f=avif 1x, /_image/?href=%2Fcontent%2Fassets%2Favatars%2Fhammer-films.png%3ForigWidth%3D500%26origHeight%3D500%26origFormat%3Dpng&w=160&h=160&q=80&f=avif 2x"
          width="80"
        />
      </div>
    </div>
    <a
      class="
        leading-normal font-sans text-sm font-medium text-accent
        after:absolute after:top-0 after:left-0 after:size-full after:opacity-0
      "
      href="/collections/hammer-films/"
    >
      <div
        class="leading-normal"
      >
        Hammer Films
      </div>
    </a>
    <div
      class="
          mr-2 ml-auto font-sans text-xs text-nowrap text-subtle
          tablet:text-sm
        "
    >
      41
    </div>
  </li>
  <li
    class="
        bg-default
        items-center
        tablet:py-6
        group/list-item relative mb-1 flex max-w-(--breakpoint-desktop)
        transform-gpu flex-row gap-x-4 px-container py-4 transition-transform
        tablet:gap-x-6 tablet:px-4
        tablet-landscape:has-[a:hover]:z-hover
        tablet-landscape:has-[a:hover]:scale-105
        tablet-landscape:has-[a:hover]:shadow-all
        tablet-landscape:has-[a:hover]:drop-shadow-2xl
        laptop:px-6
        desktop:has-[a:hover]:scale-[102.5%]
        
      "
  >
    <div
      class="
          relative rounded-full
          after:absolute after:top-0 after:left-0 after:size-full
          after:bg-default after:opacity-15 after:transition-opacity
          group-has-[a:hover]/list-item:after:opacity-0
        "
    >
      <div
        class="
          w-16 safari-border-radius-fix overflow-hidden rounded-full
          drop-shadow-md
          tablet:w-20
        "
      >
        <img
          alt="Hatchet"
          class="w-full"
          height="80"
          loading="lazy"
          src="/_image/?href=%2Fcontent%2Fassets%2Favatars%2Fhatchet.png%3ForigWidth%3D500%26origHeight%3D500%26origFormat%3Dpng&w=80&h=80&q=80&f=avif"
          srcset="/_image/?href=%2Fcontent%2Fassets%2Favatars%2Fhatchet.png%3ForigWidth%3D500%26origHeight%3D500%26origFormat%3Dpng&w=80&h=80&q=80&f=avif 1x, /_image/?href=%2Fcontent%2Fassets%2Favatars%2Fhatchet.png%3ForigWidth%3D500%26origHeight%3D500%26origFormat%3Dpng&w=160&h=160&q=80&f=avif 2x"
          width="80"
        />
      </div>
    </div>
    <a
      class="
        leading-normal font-sans text-sm font-medium text-accent
        after:absolute after:top-0 after:left-0 after:size-full after:opacity-0
      "
      href="/collections/hatchet/"
    >
      <div
        class="leading-normal"
      >
        Hatchet
      </div>
    </a>
    <div
      class="
          mr-2 ml-auto font-sans text-xs text-nowrap text-subtle
          tablet:text-sm
        "
    >
      4
    </div>
  </li>
  <li
    class="
        bg-default
        items-center
        tablet:py-6
        group/list-item relative mb-1 flex max-w-(--breakpoint-desktop)
        transform-gpu flex-row gap-x-4 px-container py-4 transition-transform
        tablet:gap-x-6 tablet:px-4
        tablet-landscape:has-[a:hover]:z-hover
        tablet-landscape:has-[a:hover]:scale-105
        tablet-landscape:has-[a:hover]:shadow-all
        tablet-landscape:has-[a:hover]:drop-shadow-2xl
        laptop:px-6
        desktop:has-[a:hover]:scale-[102.5%]
        
      "
  >
    <div
      class="
          relative rounded-full
          after:absolute after:top-0 after:left-0 after:size-full
          after:bg-default after:opacity-15 after:transition-opacity
          group-has-[a:hover]/list-item:after:opacity-0
        "
    >
      <div
        class="
          w-16 safari-border-radius-fix overflow-hidden rounded-full
          drop-shadow-md
          tablet:w-20
        "
      >
        <img
          alt="James Bond"
          class="w-full"
          height="80"
          loading="lazy"
          src="/_image/?href=%2Fcontent%2Fassets%2Favatars%2Fjames-bond.png%3ForigWidth%3D500%26origHeight%3D500%26origFormat%3Dpng&w=80&h=80&q=80&f=avif"
          srcset="/_image/?href=%2Fcontent%2Fassets%2Favatars%2Fjames-bond.png%3ForigWidth%3D500%26origHeight%3D500%26origFormat%3Dpng&w=80&h=80&q=80&f=avif 1x, /_image/?href=%2Fcontent%2Fassets%2Favatars%2Fjames-bond.png%3ForigWidth%3D500%26origHeight%3D500%26origFormat%3Dpng&w=160&h=160&q=80&f=avif 2x"
          width="80"
        />
      </div>
    </div>
    <a
      class="
        leading-normal font-sans text-sm font-medium text-accent
        after:absolute after:top-0 after:left-0 after:size-full after:opacity-0
      "
      href="/collections/james-bond/"
    >
      <div
        class="leading-normal"
      >
        James Bond
      </div>
    </a>
    <div
      class="
          mr-2 ml-auto font-sans text-xs text-nowrap text-subtle
          tablet:text-sm
        "
    >
      24
    </div>
  </li>
  <li
    class="
        bg-default
        items-center
        tablet:py-6
        group/list-item relative mb-1 flex max-w-(--breakpoint-desktop)
        transform-gpu flex-row gap-x-4 px-container py-4 transition-transform
        tablet:gap-x-6 tablet:px-4
        tablet-landscape:has-[a:hover]:z-hover
        tablet-landscape:has-[a:hover]:scale-105
        tablet-landscape:has-[a:hover]:shadow-all
        tablet-landscape:has-[a:hover]:drop-shadow-2xl
        laptop:px-6
        desktop:has-[a:hover]:scale-[102.5%]
        
      "
  >
    <div
      class="
          relative rounded-full
          after:absolute after:top-0 after:left-0 after:size-full
          after:bg-default after:opacity-15 after:transition-opacity
          group-has-[a:hover]/list-item:after:opacity-0
        "
    >
      <div
        class="
          w-16 safari-border-radius-fix overflow-hidden rounded-full
          drop-shadow-md
          tablet:w-20
        "
      >
        <img
          alt="Shaw Brothers"
          class="w-full"
          height="80"
          loading="lazy"
          src="/_image/?href=%2Fcontent%2Fassets%2Favatars%2Fshaw-brothers.png%3ForigWidth%3D500%26origHeight%3D500%26origFormat%3Dpng&w=80&h=80&q=80&f=avif"
          srcset="/_image/?href=%2Fcontent%2Fassets%2Favatars%2Fshaw-brothers.png%3ForigWidth%3D500%26origHeight%3D500%26origFormat%3Dpng&w=80&h=80&q=80&f=avif 1x, /_image/?href=%2Fcontent%2Fassets%2Favatars%2Fshaw-brothers.png%3ForigWidth%3D500%26origHeight%3D500%26origFormat%3Dpng&w=160&h=160&q=80&f=avif 2x"
          width="80"
        />
      </div>
    </div>
    <a
      class="
        leading-normal font-sans text-sm font-medium text-accent
        after:absolute after:top-0 after:left-0 after:size-full after:opacity-0
      "
      href="/collections/shaw-brothers/"
    >
      <div
        class="leading-normal"
      >
        Shaw Brothers
      </div>
    </a>
    <div
      class="
          mr-2 ml-auto font-sans text-xs text-nowrap text-subtle
          tablet:text-sm
        "
    >
      14
    </div>
  </li>
</ol>
`;

exports[`Collections > can sort by review count desc 1`] = `
<ol
  class="
            mt-4 bg-subtle
            tablet-landscape:my-24
          "
  data-testid="list"
>
  <li
    class="
        bg-default
        items-center
        tablet:py-6
        group/list-item relative mb-1 flex max-w-(--breakpoint-desktop)
        transform-gpu flex-row gap-x-4 px-container py-4 transition-transform
        tablet:gap-x-6 tablet:px-4
        tablet-landscape:has-[a:hover]:z-hover
        tablet-landscape:has-[a:hover]:scale-105
        tablet-landscape:has-[a:hover]:shadow-all
        tablet-landscape:has-[a:hover]:drop-shadow-2xl
        laptop:px-6
        desktop:has-[a:hover]:scale-[102.5%]
        
      "
  >
    <div
      class="
          relative rounded-full
          after:absolute after:top-0 after:left-0 after:size-full
          after:bg-default after:opacity-15 after:transition-opacity
          group-has-[a:hover]/list-item:after:opacity-0
        "
    >
      <div
        class="
          w-16 safari-border-radius-fix overflow-hidden rounded-full
          drop-shadow-md
          tablet:w-20
        "
      >
        <img
          alt="Friday the 13th"
          class="w-full"
          height="80"
          loading="lazy"
          src="/_image/?href=%2Fcontent%2Fassets%2Favatars%2Ffriday-the-13th.png%3ForigWidth%3D500%26origHeight%3D500%26origFormat%3Dpng&w=80&h=80&q=80&f=avif"
          srcset="/_image/?href=%2Fcontent%2Fassets%2Favatars%2Ffriday-the-13th.png%3ForigWidth%3D500%26origHeight%3D500%26origFormat%3Dpng&w=80&h=80&q=80&f=avif 1x, /_image/?href=%2Fcontent%2Fassets%2Favatars%2Ffriday-the-13th.png%3ForigWidth%3D500%26origHeight%3D500%26origFormat%3Dpng&w=160&h=160&q=80&f=avif 2x"
          width="80"
        />
      </div>
    </div>
    <a
      class="
        leading-normal font-sans text-sm font-medium text-accent
        after:absolute after:top-0 after:left-0 after:size-full after:opacity-0
      "
      href="/collections/friday-the-13th/"
    >
      <div
        class="leading-normal"
      >
        Friday the 13th
      </div>
    </a>
    <div
      class="
          mr-2 ml-auto font-sans text-xs text-nowrap text-subtle
          tablet:text-sm
        "
    >
      11
    </div>
  </li>
  <li
    class="
        bg-default
        items-center
        tablet:py-6
        group/list-item relative mb-1 flex max-w-(--breakpoint-desktop)
        transform-gpu flex-row gap-x-4 px-container py-4 transition-transform
        tablet:gap-x-6 tablet:px-4
        tablet-landscape:has-[a:hover]:z-hover
        tablet-landscape:has-[a:hover]:scale-105
        tablet-landscape:has-[a:hover]:shadow-all
        tablet-landscape:has-[a:hover]:drop-shadow-2xl
        laptop:px-6
        desktop:has-[a:hover]:scale-[102.5%]
        
      "
  >
    <div
      class="
          relative rounded-full
          after:absolute after:top-0 after:left-0 after:size-full
          after:bg-default after:opacity-15 after:transition-opacity
          group-has-[a:hover]/list-item:after:opacity-0
        "
    >
      <div
        class="
          w-16 safari-border-radius-fix overflow-hidden rounded-full
          drop-shadow-md
          tablet:w-20
        "
      >
        <img
          alt="Hammer Films"
          class="w-full"
          height="80"
          loading="lazy"
          src="/_image/?href=%2Fcontent%2Fassets%2Favatars%2Fhammer-films.png%3ForigWidth%3D500%26origHeight%3D500%26origFormat%3Dpng&w=80&h=80&q=80&f=avif"
          srcset="/_image/?href=%2Fcontent%2Fassets%2Favatars%2Fhammer-films.png%3ForigWidth%3D500%26origHeight%3D500%26origFormat%3Dpng&w=80&h=80&q=80&f=avif 1x, /_image/?href=%2Fcontent%2Fassets%2Favatars%2Fhammer-films.png%3ForigWidth%3D500%26origHeight%3D500%26origFormat%3Dpng&w=160&h=160&q=80&f=avif 2x"
          width="80"
        />
      </div>
    </div>
    <a
      class="
        leading-normal font-sans text-sm font-medium text-accent
        after:absolute after:top-0 after:left-0 after:size-full after:opacity-0
      "
      href="/collections/hammer-films/"
    >
      <div
        class="leading-normal"
      >
        Hammer Films
      </div>
    </a>
    <div
      class="
          mr-2 ml-auto font-sans text-xs text-nowrap text-subtle
          tablet:text-sm
        "
    >
      41
    </div>
  </li>
  <li
    class="
        bg-default
        items-center
        tablet:py-6
        group/list-item relative mb-1 flex max-w-(--breakpoint-desktop)
        transform-gpu flex-row gap-x-4 px-container py-4 transition-transform
        tablet:gap-x-6 tablet:px-4
        tablet-landscape:has-[a:hover]:z-hover
        tablet-landscape:has-[a:hover]:scale-105
        tablet-landscape:has-[a:hover]:shadow-all
        tablet-landscape:has-[a:hover]:drop-shadow-2xl
        laptop:px-6
        desktop:has-[a:hover]:scale-[102.5%]
        
      "
  >
    <div
      class="
          relative rounded-full
          after:absolute after:top-0 after:left-0 after:size-full
          after:bg-default after:opacity-15 after:transition-opacity
          group-has-[a:hover]/list-item:after:opacity-0
        "
    >
      <div
        class="
          w-16 safari-border-radius-fix overflow-hidden rounded-full
          drop-shadow-md
          tablet:w-20
        "
      >
        <img
          alt="Hatchet"
          class="w-full"
          height="80"
          loading="lazy"
          src="/_image/?href=%2Fcontent%2Fassets%2Favatars%2Fhatchet.png%3ForigWidth%3D500%26origHeight%3D500%26origFormat%3Dpng&w=80&h=80&q=80&f=avif"
          srcset="/_image/?href=%2Fcontent%2Fassets%2Favatars%2Fhatchet.png%3ForigWidth%3D500%26origHeight%3D500%26origFormat%3Dpng&w=80&h=80&q=80&f=avif 1x, /_image/?href=%2Fcontent%2Fassets%2Favatars%2Fhatchet.png%3ForigWidth%3D500%26origHeight%3D500%26origFormat%3Dpng&w=160&h=160&q=80&f=avif 2x"
          width="80"
        />
      </div>
    </div>
    <a
      class="
        leading-normal font-sans text-sm font-medium text-accent
        after:absolute after:top-0 after:left-0 after:size-full after:opacity-0
      "
      href="/collections/hatchet/"
    >
      <div
        class="leading-normal"
      >
        Hatchet
      </div>
    </a>
    <div
      class="
          mr-2 ml-auto font-sans text-xs text-nowrap text-subtle
          tablet:text-sm
        "
    >
      4
    </div>
  </li>
  <li
    class="
        bg-default
        items-center
        tablet:py-6
        group/list-item relative mb-1 flex max-w-(--breakpoint-desktop)
        transform-gpu flex-row gap-x-4 px-container py-4 transition-transform
        tablet:gap-x-6 tablet:px-4
        tablet-landscape:has-[a:hover]:z-hover
        tablet-landscape:has-[a:hover]:scale-105
        tablet-landscape:has-[a:hover]:shadow-all
        tablet-landscape:has-[a:hover]:drop-shadow-2xl
        laptop:px-6
        desktop:has-[a:hover]:scale-[102.5%]
        
      "
  >
    <div
      class="
          relative rounded-full
          after:absolute after:top-0 after:left-0 after:size-full
          after:bg-default after:opacity-15 after:transition-opacity
          group-has-[a:hover]/list-item:after:opacity-0
        "
    >
      <div
        class="
          w-16 safari-border-radius-fix overflow-hidden rounded-full
          drop-shadow-md
          tablet:w-20
        "
      >
        <img
          alt="James Bond"
          class="w-full"
          height="80"
          loading="lazy"
          src="/_image/?href=%2Fcontent%2Fassets%2Favatars%2Fjames-bond.png%3ForigWidth%3D500%26origHeight%3D500%26origFormat%3Dpng&w=80&h=80&q=80&f=avif"
          srcset="/_image/?href=%2Fcontent%2Fassets%2Favatars%2Fjames-bond.png%3ForigWidth%3D500%26origHeight%3D500%26origFormat%3Dpng&w=80&h=80&q=80&f=avif 1x, /_image/?href=%2Fcontent%2Fassets%2Favatars%2Fjames-bond.png%3ForigWidth%3D500%26origHeight%3D500%26origFormat%3Dpng&w=160&h=160&q=80&f=avif 2x"
          width="80"
        />
      </div>
    </div>
    <a
      class="
        leading-normal font-sans text-sm font-medium text-accent
        after:absolute after:top-0 after:left-0 after:size-full after:opacity-0
      "
      href="/collections/james-bond/"
    >
      <div
        class="leading-normal"
      >
        James Bond
      </div>
    </a>
    <div
      class="
          mr-2 ml-auto font-sans text-xs text-nowrap text-subtle
          tablet:text-sm
        "
    >
      24
    </div>
  </li>
  <li
    class="
        bg-default
        items-center
        tablet:py-6
        group/list-item relative mb-1 flex max-w-(--breakpoint-desktop)
        transform-gpu flex-row gap-x-4 px-container py-4 transition-transform
        tablet:gap-x-6 tablet:px-4
        tablet-landscape:has-[a:hover]:z-hover
        tablet-landscape:has-[a:hover]:scale-105
        tablet-landscape:has-[a:hover]:shadow-all
        tablet-landscape:has-[a:hover]:drop-shadow-2xl
        laptop:px-6
        desktop:has-[a:hover]:scale-[102.5%]
        
      "
  >
    <div
      class="
          relative rounded-full
          after:absolute after:top-0 after:left-0 after:size-full
          after:bg-default after:opacity-15 after:transition-opacity
          group-has-[a:hover]/list-item:after:opacity-0
        "
    >
      <div
        class="
          w-16 safari-border-radius-fix overflow-hidden rounded-full
          drop-shadow-md
          tablet:w-20
        "
      >
        <img
          alt="Shaw Brothers"
          class="w-full"
          height="80"
          loading="lazy"
          src="/_image/?href=%2Fcontent%2Fassets%2Favatars%2Fshaw-brothers.png%3ForigWidth%3D500%26origHeight%3D500%26origFormat%3Dpng&w=80&h=80&q=80&f=avif"
          srcset="/_image/?href=%2Fcontent%2Fassets%2Favatars%2Fshaw-brothers.png%3ForigWidth%3D500%26origHeight%3D500%26origFormat%3Dpng&w=80&h=80&q=80&f=avif 1x, /_image/?href=%2Fcontent%2Fassets%2Favatars%2Fshaw-brothers.png%3ForigWidth%3D500%26origHeight%3D500%26origFormat%3Dpng&w=160&h=160&q=80&f=avif 2x"
          width="80"
        />
      </div>
    </div>
    <a
      class="
        leading-normal font-sans text-sm font-medium text-accent
        after:absolute after:top-0 after:left-0 after:size-full after:opacity-0
      "
      href="/collections/shaw-brothers/"
    >
      <div
        class="leading-normal"
      >
        Shaw Brothers
      </div>
    </a>
    <div
      class="
          mr-2 ml-auto font-sans text-xs text-nowrap text-subtle
          tablet:text-sm
        "
    >
      14
    </div>
  </li>
</ol>
`;

exports[`Collections > can sort by title count asc 1`] = `
<ol
  class="
            mt-4 bg-subtle
            tablet-landscape:my-24
          "
  data-testid="list"
>
  <li
    class="
        bg-default
        items-center
        tablet:py-6
        group/list-item relative mb-1 flex max-w-(--breakpoint-desktop)
        transform-gpu flex-row gap-x-4 px-container py-4 transition-transform
        tablet:gap-x-6 tablet:px-4
        tablet-landscape:has-[a:hover]:z-hover
        tablet-landscape:has-[a:hover]:scale-105
        tablet-landscape:has-[a:hover]:shadow-all
        tablet-landscape:has-[a:hover]:drop-shadow-2xl
        laptop:px-6
        desktop:has-[a:hover]:scale-[102.5%]
        
      "
  >
    <div
      class="
          relative rounded-full
          after:absolute after:top-0 after:left-0 after:size-full
          after:bg-default after:opacity-15 after:transition-opacity
          group-has-[a:hover]/list-item:after:opacity-0
        "
    >
      <div
        class="
          w-16 safari-border-radius-fix overflow-hidden rounded-full
          drop-shadow-md
          tablet:w-20
        "
      >
        <img
          alt="Friday the 13th"
          class="w-full"
          height="80"
          loading="lazy"
          src="/_image/?href=%2Fcontent%2Fassets%2Favatars%2Ffriday-the-13th.png%3ForigWidth%3D500%26origHeight%3D500%26origFormat%3Dpng&w=80&h=80&q=80&f=avif"
          srcset="/_image/?href=%2Fcontent%2Fassets%2Favatars%2Ffriday-the-13th.png%3ForigWidth%3D500%26origHeight%3D500%26origFormat%3Dpng&w=80&h=80&q=80&f=avif 1x, /_image/?href=%2Fcontent%2Fassets%2Favatars%2Ffriday-the-13th.png%3ForigWidth%3D500%26origHeight%3D500%26origFormat%3Dpng&w=160&h=160&q=80&f=avif 2x"
          width="80"
        />
      </div>
    </div>
    <a
      class="
        leading-normal font-sans text-sm font-medium text-accent
        after:absolute after:top-0 after:left-0 after:size-full after:opacity-0
      "
      href="/collections/friday-the-13th/"
    >
      <div
        class="leading-normal"
      >
        Friday the 13th
      </div>
    </a>
    <div
      class="
          mr-2 ml-auto font-sans text-xs text-nowrap text-subtle
          tablet:text-sm
        "
    >
      11
    </div>
  </li>
  <li
    class="
        bg-default
        items-center
        tablet:py-6
        group/list-item relative mb-1 flex max-w-(--breakpoint-desktop)
        transform-gpu flex-row gap-x-4 px-container py-4 transition-transform
        tablet:gap-x-6 tablet:px-4
        tablet-landscape:has-[a:hover]:z-hover
        tablet-landscape:has-[a:hover]:scale-105
        tablet-landscape:has-[a:hover]:shadow-all
        tablet-landscape:has-[a:hover]:drop-shadow-2xl
        laptop:px-6
        desktop:has-[a:hover]:scale-[102.5%]
        
      "
  >
    <div
      class="
          relative rounded-full
          after:absolute after:top-0 after:left-0 after:size-full
          after:bg-default after:opacity-15 after:transition-opacity
          group-has-[a:hover]/list-item:after:opacity-0
        "
    >
      <div
        class="
          w-16 safari-border-radius-fix overflow-hidden rounded-full
          drop-shadow-md
          tablet:w-20
        "
      >
        <img
          alt="Hammer Films"
          class="w-full"
          height="80"
          loading="lazy"
          src="/_image/?href=%2Fcontent%2Fassets%2Favatars%2Fhammer-films.png%3ForigWidth%3D500%26origHeight%3D500%26origFormat%3Dpng&w=80&h=80&q=80&f=avif"
          srcset="/_image/?href=%2Fcontent%2Fassets%2Favatars%2Fhammer-films.png%3ForigWidth%3D500%26origHeight%3D500%26origFormat%3Dpng&w=80&h=80&q=80&f=avif 1x, /_image/?href=%2Fcontent%2Fassets%2Favatars%2Fhammer-films.png%3ForigWidth%3D500%26origHeight%3D500%26origFormat%3Dpng&w=160&h=160&q=80&f=avif 2x"
          width="80"
        />
      </div>
    </div>
    <a
      class="
        leading-normal font-sans text-sm font-medium text-accent
        after:absolute after:top-0 after:left-0 after:size-full after:opacity-0
      "
      href="/collections/hammer-films/"
    >
      <div
        class="leading-normal"
      >
        Hammer Films
      </div>
    </a>
    <div
      class="
          mr-2 ml-auto font-sans text-xs text-nowrap text-subtle
          tablet:text-sm
        "
    >
      41
    </div>
  </li>
  <li
    class="
        bg-default
        items-center
        tablet:py-6
        group/list-item relative mb-1 flex max-w-(--breakpoint-desktop)
        transform-gpu flex-row gap-x-4 px-container py-4 transition-transform
        tablet:gap-x-6 tablet:px-4
        tablet-landscape:has-[a:hover]:z-hover
        tablet-landscape:has-[a:hover]:scale-105
        tablet-landscape:has-[a:hover]:shadow-all
        tablet-landscape:has-[a:hover]:drop-shadow-2xl
        laptop:px-6
        desktop:has-[a:hover]:scale-[102.5%]
        
      "
  >
    <div
      class="
          relative rounded-full
          after:absolute after:top-0 after:left-0 after:size-full
          after:bg-default after:opacity-15 after:transition-opacity
          group-has-[a:hover]/list-item:after:opacity-0
        "
    >
      <div
        class="
          w-16 safari-border-radius-fix overflow-hidden rounded-full
          drop-shadow-md
          tablet:w-20
        "
      >
        <img
          alt="Hatchet"
          class="w-full"
          height="80"
          loading="lazy"
          src="/_image/?href=%2Fcontent%2Fassets%2Favatars%2Fhatchet.png%3ForigWidth%3D500%26origHeight%3D500%26origFormat%3Dpng&w=80&h=80&q=80&f=avif"
          srcset="/_image/?href=%2Fcontent%2Fassets%2Favatars%2Fhatchet.png%3ForigWidth%3D500%26origHeight%3D500%26origFormat%3Dpng&w=80&h=80&q=80&f=avif 1x, /_image/?href=%2Fcontent%2Fassets%2Favatars%2Fhatchet.png%3ForigWidth%3D500%26origHeight%3D500%26origFormat%3Dpng&w=160&h=160&q=80&f=avif 2x"
          width="80"
        />
      </div>
    </div>
    <a
      class="
        leading-normal font-sans text-sm font-medium text-accent
        after:absolute after:top-0 after:left-0 after:size-full after:opacity-0
      "
      href="/collections/hatchet/"
    >
      <div
        class="leading-normal"
      >
        Hatchet
      </div>
    </a>
    <div
      class="
          mr-2 ml-auto font-sans text-xs text-nowrap text-subtle
          tablet:text-sm
        "
    >
      4
    </div>
  </li>
  <li
    class="
        bg-default
        items-center
        tablet:py-6
        group/list-item relative mb-1 flex max-w-(--breakpoint-desktop)
        transform-gpu flex-row gap-x-4 px-container py-4 transition-transform
        tablet:gap-x-6 tablet:px-4
        tablet-landscape:has-[a:hover]:z-hover
        tablet-landscape:has-[a:hover]:scale-105
        tablet-landscape:has-[a:hover]:shadow-all
        tablet-landscape:has-[a:hover]:drop-shadow-2xl
        laptop:px-6
        desktop:has-[a:hover]:scale-[102.5%]
        
      "
  >
    <div
      class="
          relative rounded-full
          after:absolute after:top-0 after:left-0 after:size-full
          after:bg-default after:opacity-15 after:transition-opacity
          group-has-[a:hover]/list-item:after:opacity-0
        "
    >
      <div
        class="
          w-16 safari-border-radius-fix overflow-hidden rounded-full
          drop-shadow-md
          tablet:w-20
        "
      >
        <img
          alt="James Bond"
          class="w-full"
          height="80"
          loading="lazy"
          src="/_image/?href=%2Fcontent%2Fassets%2Favatars%2Fjames-bond.png%3ForigWidth%3D500%26origHeight%3D500%26origFormat%3Dpng&w=80&h=80&q=80&f=avif"
          srcset="/_image/?href=%2Fcontent%2Fassets%2Favatars%2Fjames-bond.png%3ForigWidth%3D500%26origHeight%3D500%26origFormat%3Dpng&w=80&h=80&q=80&f=avif 1x, /_image/?href=%2Fcontent%2Fassets%2Favatars%2Fjames-bond.png%3ForigWidth%3D500%26origHeight%3D500%26origFormat%3Dpng&w=160&h=160&q=80&f=avif 2x"
          width="80"
        />
      </div>
    </div>
    <a
      class="
        leading-normal font-sans text-sm font-medium text-accent
        after:absolute after:top-0 after:left-0 after:size-full after:opacity-0
      "
      href="/collections/james-bond/"
    >
      <div
        class="leading-normal"
      >
        James Bond
      </div>
    </a>
    <div
      class="
          mr-2 ml-auto font-sans text-xs text-nowrap text-subtle
          tablet:text-sm
        "
    >
      24
    </div>
  </li>
  <li
    class="
        bg-default
        items-center
        tablet:py-6
        group/list-item relative mb-1 flex max-w-(--breakpoint-desktop)
        transform-gpu flex-row gap-x-4 px-container py-4 transition-transform
        tablet:gap-x-6 tablet:px-4
        tablet-landscape:has-[a:hover]:z-hover
        tablet-landscape:has-[a:hover]:scale-105
        tablet-landscape:has-[a:hover]:shadow-all
        tablet-landscape:has-[a:hover]:drop-shadow-2xl
        laptop:px-6
        desktop:has-[a:hover]:scale-[102.5%]
        
      "
  >
    <div
      class="
          relative rounded-full
          after:absolute after:top-0 after:left-0 after:size-full
          after:bg-default after:opacity-15 after:transition-opacity
          group-has-[a:hover]/list-item:after:opacity-0
        "
    >
      <div
        class="
          w-16 safari-border-radius-fix overflow-hidden rounded-full
          drop-shadow-md
          tablet:w-20
        "
      >
        <img
          alt="Shaw Brothers"
          class="w-full"
          height="80"
          loading="lazy"
          src="/_image/?href=%2Fcontent%2Fassets%2Favatars%2Fshaw-brothers.png%3ForigWidth%3D500%26origHeight%3D500%26origFormat%3Dpng&w=80&h=80&q=80&f=avif"
          srcset="/_image/?href=%2Fcontent%2Fassets%2Favatars%2Fshaw-brothers.png%3ForigWidth%3D500%26origHeight%3D500%26origFormat%3Dpng&w=80&h=80&q=80&f=avif 1x, /_image/?href=%2Fcontent%2Fassets%2Favatars%2Fshaw-brothers.png%3ForigWidth%3D500%26origHeight%3D500%26origFormat%3Dpng&w=160&h=160&q=80&f=avif 2x"
          width="80"
        />
      </div>
    </div>
    <a
      class="
        leading-normal font-sans text-sm font-medium text-accent
        after:absolute after:top-0 after:left-0 after:size-full after:opacity-0
      "
      href="/collections/shaw-brothers/"
    >
      <div
        class="leading-normal"
      >
        Shaw Brothers
      </div>
    </a>
    <div
      class="
          mr-2 ml-auto font-sans text-xs text-nowrap text-subtle
          tablet:text-sm
        "
    >
      14
    </div>
  </li>
</ol>
`;

exports[`Collections > can sort by title count desc 1`] = `
<ol
  class="
            mt-4 bg-subtle
            tablet-landscape:my-24
          "
  data-testid="list"
>
  <li
    class="
        bg-default
        items-center
        tablet:py-6
        group/list-item relative mb-1 flex max-w-(--breakpoint-desktop)
        transform-gpu flex-row gap-x-4 px-container py-4 transition-transform
        tablet:gap-x-6 tablet:px-4
        tablet-landscape:has-[a:hover]:z-hover
        tablet-landscape:has-[a:hover]:scale-105
        tablet-landscape:has-[a:hover]:shadow-all
        tablet-landscape:has-[a:hover]:drop-shadow-2xl
        laptop:px-6
        desktop:has-[a:hover]:scale-[102.5%]
        
      "
  >
    <div
      class="
          relative rounded-full
          after:absolute after:top-0 after:left-0 after:size-full
          after:bg-default after:opacity-15 after:transition-opacity
          group-has-[a:hover]/list-item:after:opacity-0
        "
    >
      <div
        class="
          w-16 safari-border-radius-fix overflow-hidden rounded-full
          drop-shadow-md
          tablet:w-20
        "
      >
        <img
          alt="Friday the 13th"
          class="w-full"
          height="80"
          loading="lazy"
          src="/_image/?href=%2Fcontent%2Fassets%2Favatars%2Ffriday-the-13th.png%3ForigWidth%3D500%26origHeight%3D500%26origFormat%3Dpng&w=80&h=80&q=80&f=avif"
          srcset="/_image/?href=%2Fcontent%2Fassets%2Favatars%2Ffriday-the-13th.png%3ForigWidth%3D500%26origHeight%3D500%26origFormat%3Dpng&w=80&h=80&q=80&f=avif 1x, /_image/?href=%2Fcontent%2Fassets%2Favatars%2Ffriday-the-13th.png%3ForigWidth%3D500%26origHeight%3D500%26origFormat%3Dpng&w=160&h=160&q=80&f=avif 2x"
          width="80"
        />
      </div>
    </div>
    <a
      class="
        leading-normal font-sans text-sm font-medium text-accent
        after:absolute after:top-0 after:left-0 after:size-full after:opacity-0
      "
      href="/collections/friday-the-13th/"
    >
      <div
        class="leading-normal"
      >
        Friday the 13th
      </div>
    </a>
    <div
      class="
          mr-2 ml-auto font-sans text-xs text-nowrap text-subtle
          tablet:text-sm
        "
    >
      11
    </div>
  </li>
  <li
    class="
        bg-default
        items-center
        tablet:py-6
        group/list-item relative mb-1 flex max-w-(--breakpoint-desktop)
        transform-gpu flex-row gap-x-4 px-container py-4 transition-transform
        tablet:gap-x-6 tablet:px-4
        tablet-landscape:has-[a:hover]:z-hover
        tablet-landscape:has-[a:hover]:scale-105
        tablet-landscape:has-[a:hover]:shadow-all
        tablet-landscape:has-[a:hover]:drop-shadow-2xl
        laptop:px-6
        desktop:has-[a:hover]:scale-[102.5%]
        
      "
  >
    <div
      class="
          relative rounded-full
          after:absolute after:top-0 after:left-0 after:size-full
          after:bg-default after:opacity-15 after:transition-opacity
          group-has-[a:hover]/list-item:after:opacity-0
        "
    >
      <div
        class="
          w-16 safari-border-radius-fix overflow-hidden rounded-full
          drop-shadow-md
          tablet:w-20
        "
      >
        <img
          alt="Hammer Films"
          class="w-full"
          height="80"
          loading="lazy"
          src="/_image/?href=%2Fcontent%2Fassets%2Favatars%2Fhammer-films.png%3ForigWidth%3D500%26origHeight%3D500%26origFormat%3Dpng&w=80&h=80&q=80&f=avif"
          srcset="/_image/?href=%2Fcontent%2Fassets%2Favatars%2Fhammer-films.png%3ForigWidth%3D500%26origHeight%3D500%26origFormat%3Dpng&w=80&h=80&q=80&f=avif 1x, /_image/?href=%2Fcontent%2Fassets%2Favatars%2Fhammer-films.png%3ForigWidth%3D500%26origHeight%3D500%26origFormat%3Dpng&w=160&h=160&q=80&f=avif 2x"
          width="80"
        />
      </div>
    </div>
    <a
      class="
        leading-normal font-sans text-sm font-medium text-accent
        after:absolute after:top-0 after:left-0 after:size-full after:opacity-0
      "
      href="/collections/hammer-films/"
    >
      <div
        class="leading-normal"
      >
        Hammer Films
      </div>
    </a>
    <div
      class="
          mr-2 ml-auto font-sans text-xs text-nowrap text-subtle
          tablet:text-sm
        "
    >
      41
    </div>
  </li>
  <li
    class="
        bg-default
        items-center
        tablet:py-6
        group/list-item relative mb-1 flex max-w-(--breakpoint-desktop)
        transform-gpu flex-row gap-x-4 px-container py-4 transition-transform
        tablet:gap-x-6 tablet:px-4
        tablet-landscape:has-[a:hover]:z-hover
        tablet-landscape:has-[a:hover]:scale-105
        tablet-landscape:has-[a:hover]:shadow-all
        tablet-landscape:has-[a:hover]:drop-shadow-2xl
        laptop:px-6
        desktop:has-[a:hover]:scale-[102.5%]
        
      "
  >
    <div
      class="
          relative rounded-full
          after:absolute after:top-0 after:left-0 after:size-full
          after:bg-default after:opacity-15 after:transition-opacity
          group-has-[a:hover]/list-item:after:opacity-0
        "
    >
      <div
        class="
          w-16 safari-border-radius-fix overflow-hidden rounded-full
          drop-shadow-md
          tablet:w-20
        "
      >
        <img
          alt="Hatchet"
          class="w-full"
          height="80"
          loading="lazy"
          src="/_image/?href=%2Fcontent%2Fassets%2Favatars%2Fhatchet.png%3ForigWidth%3D500%26origHeight%3D500%26origFormat%3Dpng&w=80&h=80&q=80&f=avif"
          srcset="/_image/?href=%2Fcontent%2Fassets%2Favatars%2Fhatchet.png%3ForigWidth%3D500%26origHeight%3D500%26origFormat%3Dpng&w=80&h=80&q=80&f=avif 1x, /_image/?href=%2Fcontent%2Fassets%2Favatars%2Fhatchet.png%3ForigWidth%3D500%26origHeight%3D500%26origFormat%3Dpng&w=160&h=160&q=80&f=avif 2x"
          width="80"
        />
      </div>
    </div>
    <a
      class="
        leading-normal font-sans text-sm font-medium text-accent
        after:absolute after:top-0 after:left-0 after:size-full after:opacity-0
      "
      href="/collections/hatchet/"
    >
      <div
        class="leading-normal"
      >
        Hatchet
      </div>
    </a>
    <div
      class="
          mr-2 ml-auto font-sans text-xs text-nowrap text-subtle
          tablet:text-sm
        "
    >
      4
    </div>
  </li>
  <li
    class="
        bg-default
        items-center
        tablet:py-6
        group/list-item relative mb-1 flex max-w-(--breakpoint-desktop)
        transform-gpu flex-row gap-x-4 px-container py-4 transition-transform
        tablet:gap-x-6 tablet:px-4
        tablet-landscape:has-[a:hover]:z-hover
        tablet-landscape:has-[a:hover]:scale-105
        tablet-landscape:has-[a:hover]:shadow-all
        tablet-landscape:has-[a:hover]:drop-shadow-2xl
        laptop:px-6
        desktop:has-[a:hover]:scale-[102.5%]
        
      "
  >
    <div
      class="
          relative rounded-full
          after:absolute after:top-0 after:left-0 after:size-full
          after:bg-default after:opacity-15 after:transition-opacity
          group-has-[a:hover]/list-item:after:opacity-0
        "
    >
      <div
        class="
          w-16 safari-border-radius-fix overflow-hidden rounded-full
          drop-shadow-md
          tablet:w-20
        "
      >
        <img
          alt="James Bond"
          class="w-full"
          height="80"
          loading="lazy"
          src="/_image/?href=%2Fcontent%2Fassets%2Favatars%2Fjames-bond.png%3ForigWidth%3D500%26origHeight%3D500%26origFormat%3Dpng&w=80&h=80&q=80&f=avif"
          srcset="/_image/?href=%2Fcontent%2Fassets%2Favatars%2Fjames-bond.png%3ForigWidth%3D500%26origHeight%3D500%26origFormat%3Dpng&w=80&h=80&q=80&f=avif 1x, /_image/?href=%2Fcontent%2Fassets%2Favatars%2Fjames-bond.png%3ForigWidth%3D500%26origHeight%3D500%26origFormat%3Dpng&w=160&h=160&q=80&f=avif 2x"
          width="80"
        />
      </div>
    </div>
    <a
      class="
        leading-normal font-sans text-sm font-medium text-accent
        after:absolute after:top-0 after:left-0 after:size-full after:opacity-0
      "
      href="/collections/james-bond/"
    >
      <div
        class="leading-normal"
      >
        James Bond
      </div>
    </a>
    <div
      class="
          mr-2 ml-auto font-sans text-xs text-nowrap text-subtle
          tablet:text-sm
        "
    >
      24
    </div>
  </li>
  <li
    class="
        bg-default
        items-center
        tablet:py-6
        group/list-item relative mb-1 flex max-w-(--breakpoint-desktop)
        transform-gpu flex-row gap-x-4 px-container py-4 transition-transform
        tablet:gap-x-6 tablet:px-4
        tablet-landscape:has-[a:hover]:z-hover
        tablet-landscape:has-[a:hover]:scale-105
        tablet-landscape:has-[a:hover]:shadow-all
        tablet-landscape:has-[a:hover]:drop-shadow-2xl
        laptop:px-6
        desktop:has-[a:hover]:scale-[102.5%]
        
      "
  >
    <div
      class="
          relative rounded-full
          after:absolute after:top-0 after:left-0 after:size-full
          after:bg-default after:opacity-15 after:transition-opacity
          group-has-[a:hover]/list-item:after:opacity-0
        "
    >
      <div
        class="
          w-16 safari-border-radius-fix overflow-hidden rounded-full
          drop-shadow-md
          tablet:w-20
        "
      >
        <img
          alt="Shaw Brothers"
          class="w-full"
          height="80"
          loading="lazy"
          src="/_image/?href=%2Fcontent%2Fassets%2Favatars%2Fshaw-brothers.png%3ForigWidth%3D500%26origHeight%3D500%26origFormat%3Dpng&w=80&h=80&q=80&f=avif"
          srcset="/_image/?href=%2Fcontent%2Fassets%2Favatars%2Fshaw-brothers.png%3ForigWidth%3D500%26origHeight%3D500%26origFormat%3Dpng&w=80&h=80&q=80&f=avif 1x, /_image/?href=%2Fcontent%2Fassets%2Favatars%2Fshaw-brothers.png%3ForigWidth%3D500%26origHeight%3D500%26origFormat%3Dpng&w=160&h=160&q=80&f=avif 2x"
          width="80"
        />
      </div>
    </div>
    <a
      class="
        leading-normal font-sans text-sm font-medium text-accent
        after:absolute after:top-0 after:left-0 after:size-full after:opacity-0
      "
      href="/collections/shaw-brothers/"
    >
      <div
        class="leading-normal"
      >
        Shaw Brothers
      </div>
    </a>
    <div
      class="
          mr-2 ml-auto font-sans text-xs text-nowrap text-subtle
          tablet:text-sm
        "
    >
      14
    </div>
  </li>
</ol>
`;

exports[`Collections > opens and closes filter drawer on mobile 1`] = `
<div
  aria-label="Filters"
  class="
              fixed top-0 right-0 z-filter-drawer flex h-full max-w-[380px]
              flex-col items-start gap-y-5 bg-default text-left text-inverse
              duration-200 ease-in-out
              w-0 transform-[translateX(100%)] overflow-y-hidden
              tablet:gap-y-10
              tablet-landscape:relative tablet-landscape:z-auto
              tablet-landscape:col-start-4 tablet-landscape:block
              tablet-landscape:w-auto tablet-landscape:max-w-unset
              tablet-landscape:min-w-[320px] tablet-landscape:transform-none
              tablet-landscape:scroll-mt-[25px] tablet-landscape:bg-inherit
              tablet-landscape:py-24 tablet-landscape:pb-12
              tablet-landscape:drop-shadow-none
              laptop:w-[33%]
            "
  id="filters"
>
  <div
    class="
                flex h-full w-full flex-col text-sm
                tablet:pt-12 tablet:text-base
                tablet-landscape:h-auto tablet-landscape:overflow-visible
                tablet-landscape:bg-default tablet-landscape:px-container
                tablet-landscape:pt-0
                laptop:px-8
              "
  >
    <fieldset
      class="
                  flex grow flex-col gap-5 px-container pb-4
                  tablet:gap-8
                  tablet-landscape:mt-0 tablet-landscape:gap-12
                  tablet-landscape:px-0 tablet-landscape:py-10
                "
    >
      <legend
        class="
                    mb-5 block w-full pt-4 pb-4 text-lg text-subtle
                    shadow-bottom
                    tablet-landscape:mb-0 tablet-landscape:pt-10
                    tablet-landscape:pb-8 tablet-landscape:font-sans
                    tablet-landscape:text-xxs tablet-landscape:font-semibold
                    tablet-landscape:tracking-wide tablet-landscape:uppercase
                  "
      >
        Filter
      </legend>
      <label
        class="flex flex-col text-subtle"
      >
        <span
          class="
        inline-block h-6 text-left font-sans text-xxs leading-none tracking-wide
        text-subtle uppercase
      "
        >
          Name
        </span>
        <input
          class="
          border-0 bg-default px-4 py-2 text-base text-default shadow-all
          outline-accent
          placeholder:text-default placeholder:opacity-50
        "
          placeholder="Enter all or part of a name"
          type="text"
        />
      </label>
    </fieldset>
    <div
      class="
                  sticky bottom-0 z-filter-footer mt-auto w-full self-end
                  border-t border-t-default bg-default px-8 py-4 drop-shadow-2xl
                  tablet-landscape:hidden
                "
    >
      <button
        class="
                    flex w-full cursor-pointer items-center justify-center
                    gap-x-4 bg-footer px-4 py-3 font-sans text-xs text-nowrap
                    text-inverse uppercase
                    tablet-landscape:hidden
                  "
        type="button"
      >
        View 
        5
         Results
      </button>
    </div>
  </div>
</div>
`;

exports[`Collections > opens and closes filter drawer on mobile 2`] = `
<div
  aria-label="Filters"
  class="
              fixed top-0 right-0 z-filter-drawer flex h-full max-w-[380px]
              flex-col items-start gap-y-5 bg-default text-left text-inverse
              duration-200 ease-in-out
              
                    bottom-0 w-full transform-[translateX(0)] overflow-y-auto
                    drop-shadow-2xl
                  
              tablet:gap-y-10
              tablet-landscape:relative tablet-landscape:z-auto
              tablet-landscape:col-start-4 tablet-landscape:block
              tablet-landscape:w-auto tablet-landscape:max-w-unset
              tablet-landscape:min-w-[320px] tablet-landscape:transform-none
              tablet-landscape:scroll-mt-[25px] tablet-landscape:bg-inherit
              tablet-landscape:py-24 tablet-landscape:pb-12
              tablet-landscape:drop-shadow-none
              laptop:w-[33%]
            "
  id="filters"
>
  <div
    class="
                flex h-full w-full flex-col text-sm
                tablet:pt-12 tablet:text-base
                tablet-landscape:h-auto tablet-landscape:overflow-visible
                tablet-landscape:bg-default tablet-landscape:px-container
                tablet-landscape:pt-0
                laptop:px-8
              "
  >
    <fieldset
      class="
                  flex grow flex-col gap-5 px-container pb-4
                  tablet:gap-8
                  tablet-landscape:mt-0 tablet-landscape:gap-12
                  tablet-landscape:px-0 tablet-landscape:py-10
                "
    >
      <legend
        class="
                    mb-5 block w-full pt-4 pb-4 text-lg text-subtle
                    shadow-bottom
                    tablet-landscape:mb-0 tablet-landscape:pt-10
                    tablet-landscape:pb-8 tablet-landscape:font-sans
                    tablet-landscape:text-xxs tablet-landscape:font-semibold
                    tablet-landscape:tracking-wide tablet-landscape:uppercase
                  "
      >
        Filter
      </legend>
      <label
        class="flex flex-col text-subtle"
      >
        <span
          class="
        inline-block h-6 text-left font-sans text-xxs leading-none tracking-wide
        text-subtle uppercase
      "
        >
          Name
        </span>
        <input
          class="
          border-0 bg-default px-4 py-2 text-base text-default shadow-all
          outline-accent
          placeholder:text-default placeholder:opacity-50
        "
          placeholder="Enter all or part of a name"
          type="text"
        />
      </label>
    </fieldset>
    <div
      class="
                  sticky bottom-0 z-filter-footer mt-auto w-full self-end
                  border-t border-t-default bg-default px-8 py-4 drop-shadow-2xl
                  tablet-landscape:hidden
                "
    >
      <button
        class="
                    flex w-full cursor-pointer items-center justify-center
                    gap-x-4 bg-footer px-4 py-3 font-sans text-xs text-nowrap
                    text-inverse uppercase
                    tablet-landscape:hidden
                  "
        type="button"
      >
        View 
        5
         Results
      </button>
    </div>
  </div>
</div>
`;
