// Vitest Snapshot v1, https://vitest.dev/guide/snapshot.html

exports[`Collections > can clear all filters 1`] = `
<ol
  class="
            mt-4 bg-subtle
            tablet-landscape:my-24
          "
  data-testid="list"
>
  <li
    class="
        group/list-item relative mb-1 flex max-w-(--breakpoint-desktop)
        transform-gpu flex-row gap-x-4 bg-default px-container py-4
        transition-transform
        tablet:gap-x-6 tablet:px-4
        tablet-landscape:has-[a:hover]:z-5
        tablet-landscape:has-[a:hover]:scale-[102.5%]
        tablet-landscape:has-[a:hover]:shadow-all
        tablet-landscape:has-[a:hover]:drop-shadow-2xl
        laptop:px-6
        
      "
  >
    <div
      class="
          relative rounded-full
          after:absolute after:top-0 after:left-0 after:size-full
          after:bg-default after:opacity-15 after:transition-opacity
          group-has-[a:hover]/list-item:after:opacity-0
          
        "
    >
      <div
        class="
          w-16 safari-border-radius-fix overflow-hidden rounded-full
          drop-shadow-md
          tablet:w-20
        "
      >
        <img
          alt=""
          class="w-full"
          height="80"
          loading="lazy"
          src="/_image/?href=%2Fcontent%2Fassets%2Favatars%2Ffriday-the-13th.png%3ForigWidth%3D500%26origHeight%3D500%26origFormat%3Dpng&w=80&h=80&q=80&f=avif"
          srcset="/_image/?href=%2Fcontent%2Fassets%2Favatars%2Ffriday-the-13th.png%3ForigWidth%3D500%26origHeight%3D500%26origFormat%3Dpng&w=80&h=80&q=80&f=avif 1x, /_image/?href=%2Fcontent%2Fassets%2Favatars%2Ffriday-the-13th.png%3ForigWidth%3D500%26origHeight%3D500%26origFormat%3Dpng&w=160&h=160&q=80&f=avif 2x"
          width="80"
        />
      </div>
    </div>
    <div
      class="flex flex-col justify-center"
    >
      <a
        class="
        leading-normal font-sans text-sm font-medium text-accent
        after:absolute after:top-0 after:left-0 after:z-sticky after:size-full
        after:opacity-0
      "
        href="/collections/friday-the-13th/"
      >
        <div
          class="leading-normal"
        >
          Friday the 13th
        </div>
      </a>
      <div
        class="mt-1 font-sans text-xs font-light text-nowrap text-subtle"
      >
        11
         Reviews
      </div>
    </div>
  </li>
  <li
    class="
        group/list-item relative mb-1 flex max-w-(--breakpoint-desktop)
        transform-gpu flex-row gap-x-4 bg-default px-container py-4
        transition-transform
        tablet:gap-x-6 tablet:px-4
        tablet-landscape:has-[a:hover]:z-5
        tablet-landscape:has-[a:hover]:scale-[102.5%]
        tablet-landscape:has-[a:hover]:shadow-all
        tablet-landscape:has-[a:hover]:drop-shadow-2xl
        laptop:px-6
        
      "
  >
    <div
      class="
          relative rounded-full
          after:absolute after:top-0 after:left-0 after:size-full
          after:bg-default after:opacity-15 after:transition-opacity
          group-has-[a:hover]/list-item:after:opacity-0
          
        "
    >
      <div
        class="
          w-16 safari-border-radius-fix overflow-hidden rounded-full
          drop-shadow-md
          tablet:w-20
        "
      >
        <img
          alt=""
          class="w-full"
          height="80"
          loading="lazy"
          src="/_image/?href=%2Fcontent%2Fassets%2Favatars%2Fhammer-films.png%3ForigWidth%3D500%26origHeight%3D500%26origFormat%3Dpng&w=80&h=80&q=80&f=avif"
          srcset="/_image/?href=%2Fcontent%2Fassets%2Favatars%2Fhammer-films.png%3ForigWidth%3D500%26origHeight%3D500%26origFormat%3Dpng&w=80&h=80&q=80&f=avif 1x, /_image/?href=%2Fcontent%2Fassets%2Favatars%2Fhammer-films.png%3ForigWidth%3D500%26origHeight%3D500%26origFormat%3Dpng&w=160&h=160&q=80&f=avif 2x"
          width="80"
        />
      </div>
    </div>
    <div
      class="flex flex-col justify-center"
    >
      <a
        class="
        leading-normal font-sans text-sm font-medium text-accent
        after:absolute after:top-0 after:left-0 after:z-sticky after:size-full
        after:opacity-0
      "
        href="/collections/hammer-films/"
      >
        <div
          class="leading-normal"
        >
          Hammer Films
        </div>
      </a>
      <div
        class="mt-1 font-sans text-xs font-light text-nowrap text-subtle"
      >
        41
         Reviews
      </div>
    </div>
  </li>
  <li
    class="
        group/list-item relative mb-1 flex max-w-(--breakpoint-desktop)
        transform-gpu flex-row gap-x-4 bg-default px-container py-4
        transition-transform
        tablet:gap-x-6 tablet:px-4
        tablet-landscape:has-[a:hover]:z-5
        tablet-landscape:has-[a:hover]:scale-[102.5%]
        tablet-landscape:has-[a:hover]:shadow-all
        tablet-landscape:has-[a:hover]:drop-shadow-2xl
        laptop:px-6
        
      "
  >
    <div
      class="
          relative rounded-full
          after:absolute after:top-0 after:left-0 after:size-full
          after:bg-default after:opacity-15 after:transition-opacity
          group-has-[a:hover]/list-item:after:opacity-0
          
        "
    >
      <div
        class="
          w-16 safari-border-radius-fix overflow-hidden rounded-full
          drop-shadow-md
          tablet:w-20
        "
      >
        <img
          alt=""
          class="w-full"
          height="80"
          loading="lazy"
          src="/_image/?href=%2Fcontent%2Fassets%2Favatars%2Fhatchet.png%3ForigWidth%3D500%26origHeight%3D500%26origFormat%3Dpng&w=80&h=80&q=80&f=avif"
          srcset="/_image/?href=%2Fcontent%2Fassets%2Favatars%2Fhatchet.png%3ForigWidth%3D500%26origHeight%3D500%26origFormat%3Dpng&w=80&h=80&q=80&f=avif 1x, /_image/?href=%2Fcontent%2Fassets%2Favatars%2Fhatchet.png%3ForigWidth%3D500%26origHeight%3D500%26origFormat%3Dpng&w=160&h=160&q=80&f=avif 2x"
          width="80"
        />
      </div>
    </div>
    <div
      class="flex flex-col justify-center"
    >
      <a
        class="
        leading-normal font-sans text-sm font-medium text-accent
        after:absolute after:top-0 after:left-0 after:z-sticky after:size-full
        after:opacity-0
      "
        href="/collections/hatchet/"
      >
        <div
          class="leading-normal"
        >
          Hatchet
        </div>
      </a>
      <div
        class="mt-1 font-sans text-xs font-light text-nowrap text-subtle"
      >
        4
         Reviews
      </div>
    </div>
  </li>
  <li
    class="
        group/list-item relative mb-1 flex max-w-(--breakpoint-desktop)
        transform-gpu flex-row gap-x-4 bg-default px-container py-4
        transition-transform
        tablet:gap-x-6 tablet:px-4
        tablet-landscape:has-[a:hover]:z-5
        tablet-landscape:has-[a:hover]:scale-[102.5%]
        tablet-landscape:has-[a:hover]:shadow-all
        tablet-landscape:has-[a:hover]:drop-shadow-2xl
        laptop:px-6
        
      "
  >
    <div
      class="
          relative rounded-full
          after:absolute after:top-0 after:left-0 after:size-full
          after:bg-default after:opacity-15 after:transition-opacity
          group-has-[a:hover]/list-item:after:opacity-0
          
        "
    >
      <div
        class="
          w-16 safari-border-radius-fix overflow-hidden rounded-full
          drop-shadow-md
          tablet:w-20
        "
      >
        <img
          alt=""
          class="w-full"
          height="80"
          loading="lazy"
          src="/_image/?href=%2Fcontent%2Fassets%2Favatars%2Fjames-bond.png%3ForigWidth%3D500%26origHeight%3D500%26origFormat%3Dpng&w=80&h=80&q=80&f=avif"
          srcset="/_image/?href=%2Fcontent%2Fassets%2Favatars%2Fjames-bond.png%3ForigWidth%3D500%26origHeight%3D500%26origFormat%3Dpng&w=80&h=80&q=80&f=avif 1x, /_image/?href=%2Fcontent%2Fassets%2Favatars%2Fjames-bond.png%3ForigWidth%3D500%26origHeight%3D500%26origFormat%3Dpng&w=160&h=160&q=80&f=avif 2x"
          width="80"
        />
      </div>
    </div>
    <div
      class="flex flex-col justify-center"
    >
      <a
        class="
        leading-normal font-sans text-sm font-medium text-accent
        after:absolute after:top-0 after:left-0 after:z-sticky after:size-full
        after:opacity-0
      "
        href="/collections/james-bond/"
      >
        <div
          class="leading-normal"
        >
          James Bond
        </div>
      </a>
      <div
        class="mt-1 font-sans text-xs font-light text-nowrap text-subtle"
      >
        24
         Reviews
      </div>
    </div>
  </li>
  <li
    class="
        group/list-item relative mb-1 flex max-w-(--breakpoint-desktop)
        transform-gpu flex-row gap-x-4 bg-default px-container py-4
        transition-transform
        tablet:gap-x-6 tablet:px-4
        tablet-landscape:has-[a:hover]:z-5
        tablet-landscape:has-[a:hover]:scale-[102.5%]
        tablet-landscape:has-[a:hover]:shadow-all
        tablet-landscape:has-[a:hover]:drop-shadow-2xl
        laptop:px-6
        
      "
  >
    <div
      class="
          relative rounded-full
          after:absolute after:top-0 after:left-0 after:size-full
          after:bg-default after:opacity-15 after:transition-opacity
          group-has-[a:hover]/list-item:after:opacity-0
          
        "
    >
      <div
        class="
          w-16 safari-border-radius-fix overflow-hidden rounded-full
          drop-shadow-md
          tablet:w-20
        "
      >
        <img
          alt=""
          class="w-full"
          height="80"
          loading="lazy"
          src="/_image/?href=%2Fcontent%2Fassets%2Favatars%2Fshaw-brothers.png%3ForigWidth%3D500%26origHeight%3D500%26origFormat%3Dpng&w=80&h=80&q=80&f=avif"
          srcset="/_image/?href=%2Fcontent%2Fassets%2Favatars%2Fshaw-brothers.png%3ForigWidth%3D500%26origHeight%3D500%26origFormat%3Dpng&w=80&h=80&q=80&f=avif 1x, /_image/?href=%2Fcontent%2Fassets%2Favatars%2Fshaw-brothers.png%3ForigWidth%3D500%26origHeight%3D500%26origFormat%3Dpng&w=160&h=160&q=80&f=avif 2x"
          width="80"
        />
      </div>
    </div>
    <div
      class="flex flex-col justify-center"
    >
      <a
        class="
        leading-normal font-sans text-sm font-medium text-accent
        after:absolute after:top-0 after:left-0 after:z-sticky after:size-full
        after:opacity-0
      "
        href="/collections/shaw-brothers/"
      >
        <div
          class="leading-normal"
        >
          Shaw Brothers
        </div>
      </a>
      <div
        class="mt-1 font-sans text-xs font-light text-nowrap text-subtle"
      >
        14
         Reviews
      </div>
    </div>
  </li>
</ol>
`;

exports[`Collections > can filter by name 1`] = `
<ol
  class="
            mt-4 bg-subtle
            tablet-landscape:my-24
          "
  data-testid="list"
>
  <li
    class="
        group/list-item relative mb-1 flex max-w-(--breakpoint-desktop)
        transform-gpu flex-row gap-x-4 bg-default px-container py-4
        transition-transform
        tablet:gap-x-6 tablet:px-4
        tablet-landscape:has-[a:hover]:z-5
        tablet-landscape:has-[a:hover]:scale-[102.5%]
        tablet-landscape:has-[a:hover]:shadow-all
        tablet-landscape:has-[a:hover]:drop-shadow-2xl
        laptop:px-6
        
      "
  >
    <div
      class="
          relative rounded-full
          after:absolute after:top-0 after:left-0 after:size-full
          after:bg-default after:opacity-15 after:transition-opacity
          group-has-[a:hover]/list-item:after:opacity-0
          
        "
    >
      <div
        class="
          w-16 safari-border-radius-fix overflow-hidden rounded-full
          drop-shadow-md
          tablet:w-20
        "
      >
        <img
          alt=""
          class="w-full"
          height="80"
          loading="lazy"
          src="/_image/?href=%2Fcontent%2Fassets%2Favatars%2Ffriday-the-13th.png%3ForigWidth%3D500%26origHeight%3D500%26origFormat%3Dpng&w=80&h=80&q=80&f=avif"
          srcset="/_image/?href=%2Fcontent%2Fassets%2Favatars%2Ffriday-the-13th.png%3ForigWidth%3D500%26origHeight%3D500%26origFormat%3Dpng&w=80&h=80&q=80&f=avif 1x, /_image/?href=%2Fcontent%2Fassets%2Favatars%2Ffriday-the-13th.png%3ForigWidth%3D500%26origHeight%3D500%26origFormat%3Dpng&w=160&h=160&q=80&f=avif 2x"
          width="80"
        />
      </div>
    </div>
    <div
      class="flex flex-col justify-center"
    >
      <a
        class="
        leading-normal font-sans text-sm font-medium text-accent
        after:absolute after:top-0 after:left-0 after:z-sticky after:size-full
        after:opacity-0
      "
        href="/collections/friday-the-13th/"
      >
        <div
          class="leading-normal"
        >
          Friday the 13th
        </div>
      </a>
      <div
        class="mt-1 font-sans text-xs font-light text-nowrap text-subtle"
      >
        11
         Reviews
      </div>
    </div>
  </li>
</ol>
`;

exports[`Collections > can sort by name asc 1`] = `
<ol
  class="
            mt-4 bg-subtle
            tablet-landscape:my-24
          "
  data-testid="list"
>
  <li
    class="
        group/list-item relative mb-1 flex max-w-(--breakpoint-desktop)
        transform-gpu flex-row gap-x-4 bg-default px-container py-4
        transition-transform
        tablet:gap-x-6 tablet:px-4
        tablet-landscape:has-[a:hover]:z-5
        tablet-landscape:has-[a:hover]:scale-[102.5%]
        tablet-landscape:has-[a:hover]:shadow-all
        tablet-landscape:has-[a:hover]:drop-shadow-2xl
        laptop:px-6
        
      "
  >
    <div
      class="
          relative rounded-full
          after:absolute after:top-0 after:left-0 after:size-full
          after:bg-default after:opacity-15 after:transition-opacity
          group-has-[a:hover]/list-item:after:opacity-0
          
        "
    >
      <div
        class="
          w-16 safari-border-radius-fix overflow-hidden rounded-full
          drop-shadow-md
          tablet:w-20
        "
      >
        <img
          alt=""
          class="w-full"
          height="80"
          loading="lazy"
          src="/_image/?href=%2Fcontent%2Fassets%2Favatars%2Ffriday-the-13th.png%3ForigWidth%3D500%26origHeight%3D500%26origFormat%3Dpng&w=80&h=80&q=80&f=avif"
          srcset="/_image/?href=%2Fcontent%2Fassets%2Favatars%2Ffriday-the-13th.png%3ForigWidth%3D500%26origHeight%3D500%26origFormat%3Dpng&w=80&h=80&q=80&f=avif 1x, /_image/?href=%2Fcontent%2Fassets%2Favatars%2Ffriday-the-13th.png%3ForigWidth%3D500%26origHeight%3D500%26origFormat%3Dpng&w=160&h=160&q=80&f=avif 2x"
          width="80"
        />
      </div>
    </div>
    <div
      class="flex flex-col justify-center"
    >
      <a
        class="
        leading-normal font-sans text-sm font-medium text-accent
        after:absolute after:top-0 after:left-0 after:z-sticky after:size-full
        after:opacity-0
      "
        href="/collections/friday-the-13th/"
      >
        <div
          class="leading-normal"
        >
          Friday the 13th
        </div>
      </a>
      <div
        class="mt-1 font-sans text-xs font-light text-nowrap text-subtle"
      >
        11
         Reviews
      </div>
    </div>
  </li>
  <li
    class="
        group/list-item relative mb-1 flex max-w-(--breakpoint-desktop)
        transform-gpu flex-row gap-x-4 bg-default px-container py-4
        transition-transform
        tablet:gap-x-6 tablet:px-4
        tablet-landscape:has-[a:hover]:z-5
        tablet-landscape:has-[a:hover]:scale-[102.5%]
        tablet-landscape:has-[a:hover]:shadow-all
        tablet-landscape:has-[a:hover]:drop-shadow-2xl
        laptop:px-6
        
      "
  >
    <div
      class="
          relative rounded-full
          after:absolute after:top-0 after:left-0 after:size-full
          after:bg-default after:opacity-15 after:transition-opacity
          group-has-[a:hover]/list-item:after:opacity-0
          
        "
    >
      <div
        class="
          w-16 safari-border-radius-fix overflow-hidden rounded-full
          drop-shadow-md
          tablet:w-20
        "
      >
        <img
          alt=""
          class="w-full"
          height="80"
          loading="lazy"
          src="/_image/?href=%2Fcontent%2Fassets%2Favatars%2Fhammer-films.png%3ForigWidth%3D500%26origHeight%3D500%26origFormat%3Dpng&w=80&h=80&q=80&f=avif"
          srcset="/_image/?href=%2Fcontent%2Fassets%2Favatars%2Fhammer-films.png%3ForigWidth%3D500%26origHeight%3D500%26origFormat%3Dpng&w=80&h=80&q=80&f=avif 1x, /_image/?href=%2Fcontent%2Fassets%2Favatars%2Fhammer-films.png%3ForigWidth%3D500%26origHeight%3D500%26origFormat%3Dpng&w=160&h=160&q=80&f=avif 2x"
          width="80"
        />
      </div>
    </div>
    <div
      class="flex flex-col justify-center"
    >
      <a
        class="
        leading-normal font-sans text-sm font-medium text-accent
        after:absolute after:top-0 after:left-0 after:z-sticky after:size-full
        after:opacity-0
      "
        href="/collections/hammer-films/"
      >
        <div
          class="leading-normal"
        >
          Hammer Films
        </div>
      </a>
      <div
        class="mt-1 font-sans text-xs font-light text-nowrap text-subtle"
      >
        41
         Reviews
      </div>
    </div>
  </li>
  <li
    class="
        group/list-item relative mb-1 flex max-w-(--breakpoint-desktop)
        transform-gpu flex-row gap-x-4 bg-default px-container py-4
        transition-transform
        tablet:gap-x-6 tablet:px-4
        tablet-landscape:has-[a:hover]:z-5
        tablet-landscape:has-[a:hover]:scale-[102.5%]
        tablet-landscape:has-[a:hover]:shadow-all
        tablet-landscape:has-[a:hover]:drop-shadow-2xl
        laptop:px-6
        
      "
  >
    <div
      class="
          relative rounded-full
          after:absolute after:top-0 after:left-0 after:size-full
          after:bg-default after:opacity-15 after:transition-opacity
          group-has-[a:hover]/list-item:after:opacity-0
          
        "
    >
      <div
        class="
          w-16 safari-border-radius-fix overflow-hidden rounded-full
          drop-shadow-md
          tablet:w-20
        "
      >
        <img
          alt=""
          class="w-full"
          height="80"
          loading="lazy"
          src="/_image/?href=%2Fcontent%2Fassets%2Favatars%2Fhatchet.png%3ForigWidth%3D500%26origHeight%3D500%26origFormat%3Dpng&w=80&h=80&q=80&f=avif"
          srcset="/_image/?href=%2Fcontent%2Fassets%2Favatars%2Fhatchet.png%3ForigWidth%3D500%26origHeight%3D500%26origFormat%3Dpng&w=80&h=80&q=80&f=avif 1x, /_image/?href=%2Fcontent%2Fassets%2Favatars%2Fhatchet.png%3ForigWidth%3D500%26origHeight%3D500%26origFormat%3Dpng&w=160&h=160&q=80&f=avif 2x"
          width="80"
        />
      </div>
    </div>
    <div
      class="flex flex-col justify-center"
    >
      <a
        class="
        leading-normal font-sans text-sm font-medium text-accent
        after:absolute after:top-0 after:left-0 after:z-sticky after:size-full
        after:opacity-0
      "
        href="/collections/hatchet/"
      >
        <div
          class="leading-normal"
        >
          Hatchet
        </div>
      </a>
      <div
        class="mt-1 font-sans text-xs font-light text-nowrap text-subtle"
      >
        4
         Reviews
      </div>
    </div>
  </li>
  <li
    class="
        group/list-item relative mb-1 flex max-w-(--breakpoint-desktop)
        transform-gpu flex-row gap-x-4 bg-default px-container py-4
        transition-transform
        tablet:gap-x-6 tablet:px-4
        tablet-landscape:has-[a:hover]:z-5
        tablet-landscape:has-[a:hover]:scale-[102.5%]
        tablet-landscape:has-[a:hover]:shadow-all
        tablet-landscape:has-[a:hover]:drop-shadow-2xl
        laptop:px-6
        
      "
  >
    <div
      class="
          relative rounded-full
          after:absolute after:top-0 after:left-0 after:size-full
          after:bg-default after:opacity-15 after:transition-opacity
          group-has-[a:hover]/list-item:after:opacity-0
          
        "
    >
      <div
        class="
          w-16 safari-border-radius-fix overflow-hidden rounded-full
          drop-shadow-md
          tablet:w-20
        "
      >
        <img
          alt=""
          class="w-full"
          height="80"
          loading="lazy"
          src="/_image/?href=%2Fcontent%2Fassets%2Favatars%2Fjames-bond.png%3ForigWidth%3D500%26origHeight%3D500%26origFormat%3Dpng&w=80&h=80&q=80&f=avif"
          srcset="/_image/?href=%2Fcontent%2Fassets%2Favatars%2Fjames-bond.png%3ForigWidth%3D500%26origHeight%3D500%26origFormat%3Dpng&w=80&h=80&q=80&f=avif 1x, /_image/?href=%2Fcontent%2Fassets%2Favatars%2Fjames-bond.png%3ForigWidth%3D500%26origHeight%3D500%26origFormat%3Dpng&w=160&h=160&q=80&f=avif 2x"
          width="80"
        />
      </div>
    </div>
    <div
      class="flex flex-col justify-center"
    >
      <a
        class="
        leading-normal font-sans text-sm font-medium text-accent
        after:absolute after:top-0 after:left-0 after:z-sticky after:size-full
        after:opacity-0
      "
        href="/collections/james-bond/"
      >
        <div
          class="leading-normal"
        >
          James Bond
        </div>
      </a>
      <div
        class="mt-1 font-sans text-xs font-light text-nowrap text-subtle"
      >
        24
         Reviews
      </div>
    </div>
  </li>
  <li
    class="
        group/list-item relative mb-1 flex max-w-(--breakpoint-desktop)
        transform-gpu flex-row gap-x-4 bg-default px-container py-4
        transition-transform
        tablet:gap-x-6 tablet:px-4
        tablet-landscape:has-[a:hover]:z-5
        tablet-landscape:has-[a:hover]:scale-[102.5%]
        tablet-landscape:has-[a:hover]:shadow-all
        tablet-landscape:has-[a:hover]:drop-shadow-2xl
        laptop:px-6
        
      "
  >
    <div
      class="
          relative rounded-full
          after:absolute after:top-0 after:left-0 after:size-full
          after:bg-default after:opacity-15 after:transition-opacity
          group-has-[a:hover]/list-item:after:opacity-0
          
        "
    >
      <div
        class="
          w-16 safari-border-radius-fix overflow-hidden rounded-full
          drop-shadow-md
          tablet:w-20
        "
      >
        <img
          alt=""
          class="w-full"
          height="80"
          loading="lazy"
          src="/_image/?href=%2Fcontent%2Fassets%2Favatars%2Fshaw-brothers.png%3ForigWidth%3D500%26origHeight%3D500%26origFormat%3Dpng&w=80&h=80&q=80&f=avif"
          srcset="/_image/?href=%2Fcontent%2Fassets%2Favatars%2Fshaw-brothers.png%3ForigWidth%3D500%26origHeight%3D500%26origFormat%3Dpng&w=80&h=80&q=80&f=avif 1x, /_image/?href=%2Fcontent%2Fassets%2Favatars%2Fshaw-brothers.png%3ForigWidth%3D500%26origHeight%3D500%26origFormat%3Dpng&w=160&h=160&q=80&f=avif 2x"
          width="80"
        />
      </div>
    </div>
    <div
      class="flex flex-col justify-center"
    >
      <a
        class="
        leading-normal font-sans text-sm font-medium text-accent
        after:absolute after:top-0 after:left-0 after:z-sticky after:size-full
        after:opacity-0
      "
        href="/collections/shaw-brothers/"
      >
        <div
          class="leading-normal"
        >
          Shaw Brothers
        </div>
      </a>
      <div
        class="mt-1 font-sans text-xs font-light text-nowrap text-subtle"
      >
        14
         Reviews
      </div>
    </div>
  </li>
</ol>
`;

exports[`Collections > can sort by name desc 1`] = `
<ol
  class="
            mt-4 bg-subtle
            tablet-landscape:my-24
          "
  data-testid="list"
>
  <li
    class="
        group/list-item relative mb-1 flex max-w-(--breakpoint-desktop)
        transform-gpu flex-row gap-x-4 bg-default px-container py-4
        transition-transform
        tablet:gap-x-6 tablet:px-4
        tablet-landscape:has-[a:hover]:z-5
        tablet-landscape:has-[a:hover]:scale-[102.5%]
        tablet-landscape:has-[a:hover]:shadow-all
        tablet-landscape:has-[a:hover]:drop-shadow-2xl
        laptop:px-6
        
      "
  >
    <div
      class="
          relative rounded-full
          after:absolute after:top-0 after:left-0 after:size-full
          after:bg-default after:opacity-15 after:transition-opacity
          group-has-[a:hover]/list-item:after:opacity-0
          
        "
    >
      <div
        class="
          w-16 safari-border-radius-fix overflow-hidden rounded-full
          drop-shadow-md
          tablet:w-20
        "
      >
        <img
          alt=""
          class="w-full"
          height="80"
          loading="lazy"
          src="/_image/?href=%2Fcontent%2Fassets%2Favatars%2Fshaw-brothers.png%3ForigWidth%3D500%26origHeight%3D500%26origFormat%3Dpng&w=80&h=80&q=80&f=avif"
          srcset="/_image/?href=%2Fcontent%2Fassets%2Favatars%2Fshaw-brothers.png%3ForigWidth%3D500%26origHeight%3D500%26origFormat%3Dpng&w=80&h=80&q=80&f=avif 1x, /_image/?href=%2Fcontent%2Fassets%2Favatars%2Fshaw-brothers.png%3ForigWidth%3D500%26origHeight%3D500%26origFormat%3Dpng&w=160&h=160&q=80&f=avif 2x"
          width="80"
        />
      </div>
    </div>
    <div
      class="flex flex-col justify-center"
    >
      <a
        class="
        leading-normal font-sans text-sm font-medium text-accent
        after:absolute after:top-0 after:left-0 after:z-sticky after:size-full
        after:opacity-0
      "
        href="/collections/shaw-brothers/"
      >
        <div
          class="leading-normal"
        >
          Shaw Brothers
        </div>
      </a>
      <div
        class="mt-1 font-sans text-xs font-light text-nowrap text-subtle"
      >
        14
         Reviews
      </div>
    </div>
  </li>
  <li
    class="
        group/list-item relative mb-1 flex max-w-(--breakpoint-desktop)
        transform-gpu flex-row gap-x-4 bg-default px-container py-4
        transition-transform
        tablet:gap-x-6 tablet:px-4
        tablet-landscape:has-[a:hover]:z-5
        tablet-landscape:has-[a:hover]:scale-[102.5%]
        tablet-landscape:has-[a:hover]:shadow-all
        tablet-landscape:has-[a:hover]:drop-shadow-2xl
        laptop:px-6
        
      "
  >
    <div
      class="
          relative rounded-full
          after:absolute after:top-0 after:left-0 after:size-full
          after:bg-default after:opacity-15 after:transition-opacity
          group-has-[a:hover]/list-item:after:opacity-0
          
        "
    >
      <div
        class="
          w-16 safari-border-radius-fix overflow-hidden rounded-full
          drop-shadow-md
          tablet:w-20
        "
      >
        <img
          alt=""
          class="w-full"
          height="80"
          loading="lazy"
          src="/_image/?href=%2Fcontent%2Fassets%2Favatars%2Fjames-bond.png%3ForigWidth%3D500%26origHeight%3D500%26origFormat%3Dpng&w=80&h=80&q=80&f=avif"
          srcset="/_image/?href=%2Fcontent%2Fassets%2Favatars%2Fjames-bond.png%3ForigWidth%3D500%26origHeight%3D500%26origFormat%3Dpng&w=80&h=80&q=80&f=avif 1x, /_image/?href=%2Fcontent%2Fassets%2Favatars%2Fjames-bond.png%3ForigWidth%3D500%26origHeight%3D500%26origFormat%3Dpng&w=160&h=160&q=80&f=avif 2x"
          width="80"
        />
      </div>
    </div>
    <div
      class="flex flex-col justify-center"
    >
      <a
        class="
        leading-normal font-sans text-sm font-medium text-accent
        after:absolute after:top-0 after:left-0 after:z-sticky after:size-full
        after:opacity-0
      "
        href="/collections/james-bond/"
      >
        <div
          class="leading-normal"
        >
          James Bond
        </div>
      </a>
      <div
        class="mt-1 font-sans text-xs font-light text-nowrap text-subtle"
      >
        24
         Reviews
      </div>
    </div>
  </li>
  <li
    class="
        group/list-item relative mb-1 flex max-w-(--breakpoint-desktop)
        transform-gpu flex-row gap-x-4 bg-default px-container py-4
        transition-transform
        tablet:gap-x-6 tablet:px-4
        tablet-landscape:has-[a:hover]:z-5
        tablet-landscape:has-[a:hover]:scale-[102.5%]
        tablet-landscape:has-[a:hover]:shadow-all
        tablet-landscape:has-[a:hover]:drop-shadow-2xl
        laptop:px-6
        
      "
  >
    <div
      class="
          relative rounded-full
          after:absolute after:top-0 after:left-0 after:size-full
          after:bg-default after:opacity-15 after:transition-opacity
          group-has-[a:hover]/list-item:after:opacity-0
          
        "
    >
      <div
        class="
          w-16 safari-border-radius-fix overflow-hidden rounded-full
          drop-shadow-md
          tablet:w-20
        "
      >
        <img
          alt=""
          class="w-full"
          height="80"
          loading="lazy"
          src="/_image/?href=%2Fcontent%2Fassets%2Favatars%2Fhatchet.png%3ForigWidth%3D500%26origHeight%3D500%26origFormat%3Dpng&w=80&h=80&q=80&f=avif"
          srcset="/_image/?href=%2Fcontent%2Fassets%2Favatars%2Fhatchet.png%3ForigWidth%3D500%26origHeight%3D500%26origFormat%3Dpng&w=80&h=80&q=80&f=avif 1x, /_image/?href=%2Fcontent%2Fassets%2Favatars%2Fhatchet.png%3ForigWidth%3D500%26origHeight%3D500%26origFormat%3Dpng&w=160&h=160&q=80&f=avif 2x"
          width="80"
        />
      </div>
    </div>
    <div
      class="flex flex-col justify-center"
    >
      <a
        class="
        leading-normal font-sans text-sm font-medium text-accent
        after:absolute after:top-0 after:left-0 after:z-sticky after:size-full
        after:opacity-0
      "
        href="/collections/hatchet/"
      >
        <div
          class="leading-normal"
        >
          Hatchet
        </div>
      </a>
      <div
        class="mt-1 font-sans text-xs font-light text-nowrap text-subtle"
      >
        4
         Reviews
      </div>
    </div>
  </li>
  <li
    class="
        group/list-item relative mb-1 flex max-w-(--breakpoint-desktop)
        transform-gpu flex-row gap-x-4 bg-default px-container py-4
        transition-transform
        tablet:gap-x-6 tablet:px-4
        tablet-landscape:has-[a:hover]:z-5
        tablet-landscape:has-[a:hover]:scale-[102.5%]
        tablet-landscape:has-[a:hover]:shadow-all
        tablet-landscape:has-[a:hover]:drop-shadow-2xl
        laptop:px-6
        
      "
  >
    <div
      class="
          relative rounded-full
          after:absolute after:top-0 after:left-0 after:size-full
          after:bg-default after:opacity-15 after:transition-opacity
          group-has-[a:hover]/list-item:after:opacity-0
          
        "
    >
      <div
        class="
          w-16 safari-border-radius-fix overflow-hidden rounded-full
          drop-shadow-md
          tablet:w-20
        "
      >
        <img
          alt=""
          class="w-full"
          height="80"
          loading="lazy"
          src="/_image/?href=%2Fcontent%2Fassets%2Favatars%2Fhammer-films.png%3ForigWidth%3D500%26origHeight%3D500%26origFormat%3Dpng&w=80&h=80&q=80&f=avif"
          srcset="/_image/?href=%2Fcontent%2Fassets%2Favatars%2Fhammer-films.png%3ForigWidth%3D500%26origHeight%3D500%26origFormat%3Dpng&w=80&h=80&q=80&f=avif 1x, /_image/?href=%2Fcontent%2Fassets%2Favatars%2Fhammer-films.png%3ForigWidth%3D500%26origHeight%3D500%26origFormat%3Dpng&w=160&h=160&q=80&f=avif 2x"
          width="80"
        />
      </div>
    </div>
    <div
      class="flex flex-col justify-center"
    >
      <a
        class="
        leading-normal font-sans text-sm font-medium text-accent
        after:absolute after:top-0 after:left-0 after:z-sticky after:size-full
        after:opacity-0
      "
        href="/collections/hammer-films/"
      >
        <div
          class="leading-normal"
        >
          Hammer Films
        </div>
      </a>
      <div
        class="mt-1 font-sans text-xs font-light text-nowrap text-subtle"
      >
        41
         Reviews
      </div>
    </div>
  </li>
  <li
    class="
        group/list-item relative mb-1 flex max-w-(--breakpoint-desktop)
        transform-gpu flex-row gap-x-4 bg-default px-container py-4
        transition-transform
        tablet:gap-x-6 tablet:px-4
        tablet-landscape:has-[a:hover]:z-5
        tablet-landscape:has-[a:hover]:scale-[102.5%]
        tablet-landscape:has-[a:hover]:shadow-all
        tablet-landscape:has-[a:hover]:drop-shadow-2xl
        laptop:px-6
        
      "
  >
    <div
      class="
          relative rounded-full
          after:absolute after:top-0 after:left-0 after:size-full
          after:bg-default after:opacity-15 after:transition-opacity
          group-has-[a:hover]/list-item:after:opacity-0
          
        "
    >
      <div
        class="
          w-16 safari-border-radius-fix overflow-hidden rounded-full
          drop-shadow-md
          tablet:w-20
        "
      >
        <img
          alt=""
          class="w-full"
          height="80"
          loading="lazy"
          src="/_image/?href=%2Fcontent%2Fassets%2Favatars%2Ffriday-the-13th.png%3ForigWidth%3D500%26origHeight%3D500%26origFormat%3Dpng&w=80&h=80&q=80&f=avif"
          srcset="/_image/?href=%2Fcontent%2Fassets%2Favatars%2Ffriday-the-13th.png%3ForigWidth%3D500%26origHeight%3D500%26origFormat%3Dpng&w=80&h=80&q=80&f=avif 1x, /_image/?href=%2Fcontent%2Fassets%2Favatars%2Ffriday-the-13th.png%3ForigWidth%3D500%26origHeight%3D500%26origFormat%3Dpng&w=160&h=160&q=80&f=avif 2x"
          width="80"
        />
      </div>
    </div>
    <div
      class="flex flex-col justify-center"
    >
      <a
        class="
        leading-normal font-sans text-sm font-medium text-accent
        after:absolute after:top-0 after:left-0 after:z-sticky after:size-full
        after:opacity-0
      "
        href="/collections/friday-the-13th/"
      >
        <div
          class="leading-normal"
        >
          Friday the 13th
        </div>
      </a>
      <div
        class="mt-1 font-sans text-xs font-light text-nowrap text-subtle"
      >
        11
         Reviews
      </div>
    </div>
  </li>
</ol>
`;

exports[`Collections > can sort by review count asc 1`] = `
<ol
  class="
            mt-4 bg-subtle
            tablet-landscape:my-24
          "
  data-testid="list"
>
  <li
    class="
        group/list-item relative mb-1 flex max-w-(--breakpoint-desktop)
        transform-gpu flex-row gap-x-4 bg-default px-container py-4
        transition-transform
        tablet:gap-x-6 tablet:px-4
        tablet-landscape:has-[a:hover]:z-5
        tablet-landscape:has-[a:hover]:scale-[102.5%]
        tablet-landscape:has-[a:hover]:shadow-all
        tablet-landscape:has-[a:hover]:drop-shadow-2xl
        laptop:px-6
        
      "
  >
    <div
      class="
          relative rounded-full
          after:absolute after:top-0 after:left-0 after:size-full
          after:bg-default after:opacity-15 after:transition-opacity
          group-has-[a:hover]/list-item:after:opacity-0
          
        "
    >
      <div
        class="
          w-16 safari-border-radius-fix overflow-hidden rounded-full
          drop-shadow-md
          tablet:w-20
        "
      >
        <img
          alt=""
          class="w-full"
          height="80"
          loading="lazy"
          src="/_image/?href=%2Fcontent%2Fassets%2Favatars%2Fhatchet.png%3ForigWidth%3D500%26origHeight%3D500%26origFormat%3Dpng&w=80&h=80&q=80&f=avif"
          srcset="/_image/?href=%2Fcontent%2Fassets%2Favatars%2Fhatchet.png%3ForigWidth%3D500%26origHeight%3D500%26origFormat%3Dpng&w=80&h=80&q=80&f=avif 1x, /_image/?href=%2Fcontent%2Fassets%2Favatars%2Fhatchet.png%3ForigWidth%3D500%26origHeight%3D500%26origFormat%3Dpng&w=160&h=160&q=80&f=avif 2x"
          width="80"
        />
      </div>
    </div>
    <div
      class="flex flex-col justify-center"
    >
      <a
        class="
        leading-normal font-sans text-sm font-medium text-accent
        after:absolute after:top-0 after:left-0 after:z-sticky after:size-full
        after:opacity-0
      "
        href="/collections/hatchet/"
      >
        <div
          class="leading-normal"
        >
          Hatchet
        </div>
      </a>
      <div
        class="mt-1 font-sans text-xs font-light text-nowrap text-subtle"
      >
        4
         Reviews
      </div>
    </div>
  </li>
  <li
    class="
        group/list-item relative mb-1 flex max-w-(--breakpoint-desktop)
        transform-gpu flex-row gap-x-4 bg-default px-container py-4
        transition-transform
        tablet:gap-x-6 tablet:px-4
        tablet-landscape:has-[a:hover]:z-5
        tablet-landscape:has-[a:hover]:scale-[102.5%]
        tablet-landscape:has-[a:hover]:shadow-all
        tablet-landscape:has-[a:hover]:drop-shadow-2xl
        laptop:px-6
        
      "
  >
    <div
      class="
          relative rounded-full
          after:absolute after:top-0 after:left-0 after:size-full
          after:bg-default after:opacity-15 after:transition-opacity
          group-has-[a:hover]/list-item:after:opacity-0
          
        "
    >
      <div
        class="
          w-16 safari-border-radius-fix overflow-hidden rounded-full
          drop-shadow-md
          tablet:w-20
        "
      >
        <img
          alt=""
          class="w-full"
          height="80"
          loading="lazy"
          src="/_image/?href=%2Fcontent%2Fassets%2Favatars%2Ffriday-the-13th.png%3ForigWidth%3D500%26origHeight%3D500%26origFormat%3Dpng&w=80&h=80&q=80&f=avif"
          srcset="/_image/?href=%2Fcontent%2Fassets%2Favatars%2Ffriday-the-13th.png%3ForigWidth%3D500%26origHeight%3D500%26origFormat%3Dpng&w=80&h=80&q=80&f=avif 1x, /_image/?href=%2Fcontent%2Fassets%2Favatars%2Ffriday-the-13th.png%3ForigWidth%3D500%26origHeight%3D500%26origFormat%3Dpng&w=160&h=160&q=80&f=avif 2x"
          width="80"
        />
      </div>
    </div>
    <div
      class="flex flex-col justify-center"
    >
      <a
        class="
        leading-normal font-sans text-sm font-medium text-accent
        after:absolute after:top-0 after:left-0 after:z-sticky after:size-full
        after:opacity-0
      "
        href="/collections/friday-the-13th/"
      >
        <div
          class="leading-normal"
        >
          Friday the 13th
        </div>
      </a>
      <div
        class="mt-1 font-sans text-xs font-light text-nowrap text-subtle"
      >
        11
         Reviews
      </div>
    </div>
  </li>
  <li
    class="
        group/list-item relative mb-1 flex max-w-(--breakpoint-desktop)
        transform-gpu flex-row gap-x-4 bg-default px-container py-4
        transition-transform
        tablet:gap-x-6 tablet:px-4
        tablet-landscape:has-[a:hover]:z-5
        tablet-landscape:has-[a:hover]:scale-[102.5%]
        tablet-landscape:has-[a:hover]:shadow-all
        tablet-landscape:has-[a:hover]:drop-shadow-2xl
        laptop:px-6
        
      "
  >
    <div
      class="
          relative rounded-full
          after:absolute after:top-0 after:left-0 after:size-full
          after:bg-default after:opacity-15 after:transition-opacity
          group-has-[a:hover]/list-item:after:opacity-0
          
        "
    >
      <div
        class="
          w-16 safari-border-radius-fix overflow-hidden rounded-full
          drop-shadow-md
          tablet:w-20
        "
      >
        <img
          alt=""
          class="w-full"
          height="80"
          loading="lazy"
          src="/_image/?href=%2Fcontent%2Fassets%2Favatars%2Fshaw-brothers.png%3ForigWidth%3D500%26origHeight%3D500%26origFormat%3Dpng&w=80&h=80&q=80&f=avif"
          srcset="/_image/?href=%2Fcontent%2Fassets%2Favatars%2Fshaw-brothers.png%3ForigWidth%3D500%26origHeight%3D500%26origFormat%3Dpng&w=80&h=80&q=80&f=avif 1x, /_image/?href=%2Fcontent%2Fassets%2Favatars%2Fshaw-brothers.png%3ForigWidth%3D500%26origHeight%3D500%26origFormat%3Dpng&w=160&h=160&q=80&f=avif 2x"
          width="80"
        />
      </div>
    </div>
    <div
      class="flex flex-col justify-center"
    >
      <a
        class="
        leading-normal font-sans text-sm font-medium text-accent
        after:absolute after:top-0 after:left-0 after:z-sticky after:size-full
        after:opacity-0
      "
        href="/collections/shaw-brothers/"
      >
        <div
          class="leading-normal"
        >
          Shaw Brothers
        </div>
      </a>
      <div
        class="mt-1 font-sans text-xs font-light text-nowrap text-subtle"
      >
        14
         Reviews
      </div>
    </div>
  </li>
  <li
    class="
        group/list-item relative mb-1 flex max-w-(--breakpoint-desktop)
        transform-gpu flex-row gap-x-4 bg-default px-container py-4
        transition-transform
        tablet:gap-x-6 tablet:px-4
        tablet-landscape:has-[a:hover]:z-5
        tablet-landscape:has-[a:hover]:scale-[102.5%]
        tablet-landscape:has-[a:hover]:shadow-all
        tablet-landscape:has-[a:hover]:drop-shadow-2xl
        laptop:px-6
        
      "
  >
    <div
      class="
          relative rounded-full
          after:absolute after:top-0 after:left-0 after:size-full
          after:bg-default after:opacity-15 after:transition-opacity
          group-has-[a:hover]/list-item:after:opacity-0
          
        "
    >
      <div
        class="
          w-16 safari-border-radius-fix overflow-hidden rounded-full
          drop-shadow-md
          tablet:w-20
        "
      >
        <img
          alt=""
          class="w-full"
          height="80"
          loading="lazy"
          src="/_image/?href=%2Fcontent%2Fassets%2Favatars%2Fjames-bond.png%3ForigWidth%3D500%26origHeight%3D500%26origFormat%3Dpng&w=80&h=80&q=80&f=avif"
          srcset="/_image/?href=%2Fcontent%2Fassets%2Favatars%2Fjames-bond.png%3ForigWidth%3D500%26origHeight%3D500%26origFormat%3Dpng&w=80&h=80&q=80&f=avif 1x, /_image/?href=%2Fcontent%2Fassets%2Favatars%2Fjames-bond.png%3ForigWidth%3D500%26origHeight%3D500%26origFormat%3Dpng&w=160&h=160&q=80&f=avif 2x"
          width="80"
        />
      </div>
    </div>
    <div
      class="flex flex-col justify-center"
    >
      <a
        class="
        leading-normal font-sans text-sm font-medium text-accent
        after:absolute after:top-0 after:left-0 after:z-sticky after:size-full
        after:opacity-0
      "
        href="/collections/james-bond/"
      >
        <div
          class="leading-normal"
        >
          James Bond
        </div>
      </a>
      <div
        class="mt-1 font-sans text-xs font-light text-nowrap text-subtle"
      >
        24
         Reviews
      </div>
    </div>
  </li>
  <li
    class="
        group/list-item relative mb-1 flex max-w-(--breakpoint-desktop)
        transform-gpu flex-row gap-x-4 bg-default px-container py-4
        transition-transform
        tablet:gap-x-6 tablet:px-4
        tablet-landscape:has-[a:hover]:z-5
        tablet-landscape:has-[a:hover]:scale-[102.5%]
        tablet-landscape:has-[a:hover]:shadow-all
        tablet-landscape:has-[a:hover]:drop-shadow-2xl
        laptop:px-6
        
      "
  >
    <div
      class="
          relative rounded-full
          after:absolute after:top-0 after:left-0 after:size-full
          after:bg-default after:opacity-15 after:transition-opacity
          group-has-[a:hover]/list-item:after:opacity-0
          
        "
    >
      <div
        class="
          w-16 safari-border-radius-fix overflow-hidden rounded-full
          drop-shadow-md
          tablet:w-20
        "
      >
        <img
          alt=""
          class="w-full"
          height="80"
          loading="lazy"
          src="/_image/?href=%2Fcontent%2Fassets%2Favatars%2Fhammer-films.png%3ForigWidth%3D500%26origHeight%3D500%26origFormat%3Dpng&w=80&h=80&q=80&f=avif"
          srcset="/_image/?href=%2Fcontent%2Fassets%2Favatars%2Fhammer-films.png%3ForigWidth%3D500%26origHeight%3D500%26origFormat%3Dpng&w=80&h=80&q=80&f=avif 1x, /_image/?href=%2Fcontent%2Fassets%2Favatars%2Fhammer-films.png%3ForigWidth%3D500%26origHeight%3D500%26origFormat%3Dpng&w=160&h=160&q=80&f=avif 2x"
          width="80"
        />
      </div>
    </div>
    <div
      class="flex flex-col justify-center"
    >
      <a
        class="
        leading-normal font-sans text-sm font-medium text-accent
        after:absolute after:top-0 after:left-0 after:z-sticky after:size-full
        after:opacity-0
      "
        href="/collections/hammer-films/"
      >
        <div
          class="leading-normal"
        >
          Hammer Films
        </div>
      </a>
      <div
        class="mt-1 font-sans text-xs font-light text-nowrap text-subtle"
      >
        41
         Reviews
      </div>
    </div>
  </li>
</ol>
`;

exports[`Collections > can sort by review count desc 1`] = `
<ol
  class="
            mt-4 bg-subtle
            tablet-landscape:my-24
          "
  data-testid="list"
>
  <li
    class="
        group/list-item relative mb-1 flex max-w-(--breakpoint-desktop)
        transform-gpu flex-row gap-x-4 bg-default px-container py-4
        transition-transform
        tablet:gap-x-6 tablet:px-4
        tablet-landscape:has-[a:hover]:z-5
        tablet-landscape:has-[a:hover]:scale-[102.5%]
        tablet-landscape:has-[a:hover]:shadow-all
        tablet-landscape:has-[a:hover]:drop-shadow-2xl
        laptop:px-6
        
      "
  >
    <div
      class="
          relative rounded-full
          after:absolute after:top-0 after:left-0 after:size-full
          after:bg-default after:opacity-15 after:transition-opacity
          group-has-[a:hover]/list-item:after:opacity-0
          
        "
    >
      <div
        class="
          w-16 safari-border-radius-fix overflow-hidden rounded-full
          drop-shadow-md
          tablet:w-20
        "
      >
        <img
          alt=""
          class="w-full"
          height="80"
          loading="lazy"
          src="/_image/?href=%2Fcontent%2Fassets%2Favatars%2Fhammer-films.png%3ForigWidth%3D500%26origHeight%3D500%26origFormat%3Dpng&w=80&h=80&q=80&f=avif"
          srcset="/_image/?href=%2Fcontent%2Fassets%2Favatars%2Fhammer-films.png%3ForigWidth%3D500%26origHeight%3D500%26origFormat%3Dpng&w=80&h=80&q=80&f=avif 1x, /_image/?href=%2Fcontent%2Fassets%2Favatars%2Fhammer-films.png%3ForigWidth%3D500%26origHeight%3D500%26origFormat%3Dpng&w=160&h=160&q=80&f=avif 2x"
          width="80"
        />
      </div>
    </div>
    <div
      class="flex flex-col justify-center"
    >
      <a
        class="
        leading-normal font-sans text-sm font-medium text-accent
        after:absolute after:top-0 after:left-0 after:z-sticky after:size-full
        after:opacity-0
      "
        href="/collections/hammer-films/"
      >
        <div
          class="leading-normal"
        >
          Hammer Films
        </div>
      </a>
      <div
        class="mt-1 font-sans text-xs font-light text-nowrap text-subtle"
      >
        41
         Reviews
      </div>
    </div>
  </li>
  <li
    class="
        group/list-item relative mb-1 flex max-w-(--breakpoint-desktop)
        transform-gpu flex-row gap-x-4 bg-default px-container py-4
        transition-transform
        tablet:gap-x-6 tablet:px-4
        tablet-landscape:has-[a:hover]:z-5
        tablet-landscape:has-[a:hover]:scale-[102.5%]
        tablet-landscape:has-[a:hover]:shadow-all
        tablet-landscape:has-[a:hover]:drop-shadow-2xl
        laptop:px-6
        
      "
  >
    <div
      class="
          relative rounded-full
          after:absolute after:top-0 after:left-0 after:size-full
          after:bg-default after:opacity-15 after:transition-opacity
          group-has-[a:hover]/list-item:after:opacity-0
          
        "
    >
      <div
        class="
          w-16 safari-border-radius-fix overflow-hidden rounded-full
          drop-shadow-md
          tablet:w-20
        "
      >
        <img
          alt=""
          class="w-full"
          height="80"
          loading="lazy"
          src="/_image/?href=%2Fcontent%2Fassets%2Favatars%2Fjames-bond.png%3ForigWidth%3D500%26origHeight%3D500%26origFormat%3Dpng&w=80&h=80&q=80&f=avif"
          srcset="/_image/?href=%2Fcontent%2Fassets%2Favatars%2Fjames-bond.png%3ForigWidth%3D500%26origHeight%3D500%26origFormat%3Dpng&w=80&h=80&q=80&f=avif 1x, /_image/?href=%2Fcontent%2Fassets%2Favatars%2Fjames-bond.png%3ForigWidth%3D500%26origHeight%3D500%26origFormat%3Dpng&w=160&h=160&q=80&f=avif 2x"
          width="80"
        />
      </div>
    </div>
    <div
      class="flex flex-col justify-center"
    >
      <a
        class="
        leading-normal font-sans text-sm font-medium text-accent
        after:absolute after:top-0 after:left-0 after:z-sticky after:size-full
        after:opacity-0
      "
        href="/collections/james-bond/"
      >
        <div
          class="leading-normal"
        >
          James Bond
        </div>
      </a>
      <div
        class="mt-1 font-sans text-xs font-light text-nowrap text-subtle"
      >
        24
         Reviews
      </div>
    </div>
  </li>
  <li
    class="
        group/list-item relative mb-1 flex max-w-(--breakpoint-desktop)
        transform-gpu flex-row gap-x-4 bg-default px-container py-4
        transition-transform
        tablet:gap-x-6 tablet:px-4
        tablet-landscape:has-[a:hover]:z-5
        tablet-landscape:has-[a:hover]:scale-[102.5%]
        tablet-landscape:has-[a:hover]:shadow-all
        tablet-landscape:has-[a:hover]:drop-shadow-2xl
        laptop:px-6
        
      "
  >
    <div
      class="
          relative rounded-full
          after:absolute after:top-0 after:left-0 after:size-full
          after:bg-default after:opacity-15 after:transition-opacity
          group-has-[a:hover]/list-item:after:opacity-0
          
        "
    >
      <div
        class="
          w-16 safari-border-radius-fix overflow-hidden rounded-full
          drop-shadow-md
          tablet:w-20
        "
      >
        <img
          alt=""
          class="w-full"
          height="80"
          loading="lazy"
          src="/_image/?href=%2Fcontent%2Fassets%2Favatars%2Fshaw-brothers.png%3ForigWidth%3D500%26origHeight%3D500%26origFormat%3Dpng&w=80&h=80&q=80&f=avif"
          srcset="/_image/?href=%2Fcontent%2Fassets%2Favatars%2Fshaw-brothers.png%3ForigWidth%3D500%26origHeight%3D500%26origFormat%3Dpng&w=80&h=80&q=80&f=avif 1x, /_image/?href=%2Fcontent%2Fassets%2Favatars%2Fshaw-brothers.png%3ForigWidth%3D500%26origHeight%3D500%26origFormat%3Dpng&w=160&h=160&q=80&f=avif 2x"
          width="80"
        />
      </div>
    </div>
    <div
      class="flex flex-col justify-center"
    >
      <a
        class="
        leading-normal font-sans text-sm font-medium text-accent
        after:absolute after:top-0 after:left-0 after:z-sticky after:size-full
        after:opacity-0
      "
        href="/collections/shaw-brothers/"
      >
        <div
          class="leading-normal"
        >
          Shaw Brothers
        </div>
      </a>
      <div
        class="mt-1 font-sans text-xs font-light text-nowrap text-subtle"
      >
        14
         Reviews
      </div>
    </div>
  </li>
  <li
    class="
        group/list-item relative mb-1 flex max-w-(--breakpoint-desktop)
        transform-gpu flex-row gap-x-4 bg-default px-container py-4
        transition-transform
        tablet:gap-x-6 tablet:px-4
        tablet-landscape:has-[a:hover]:z-5
        tablet-landscape:has-[a:hover]:scale-[102.5%]
        tablet-landscape:has-[a:hover]:shadow-all
        tablet-landscape:has-[a:hover]:drop-shadow-2xl
        laptop:px-6
        
      "
  >
    <div
      class="
          relative rounded-full
          after:absolute after:top-0 after:left-0 after:size-full
          after:bg-default after:opacity-15 after:transition-opacity
          group-has-[a:hover]/list-item:after:opacity-0
          
        "
    >
      <div
        class="
          w-16 safari-border-radius-fix overflow-hidden rounded-full
          drop-shadow-md
          tablet:w-20
        "
      >
        <img
          alt=""
          class="w-full"
          height="80"
          loading="lazy"
          src="/_image/?href=%2Fcontent%2Fassets%2Favatars%2Ffriday-the-13th.png%3ForigWidth%3D500%26origHeight%3D500%26origFormat%3Dpng&w=80&h=80&q=80&f=avif"
          srcset="/_image/?href=%2Fcontent%2Fassets%2Favatars%2Ffriday-the-13th.png%3ForigWidth%3D500%26origHeight%3D500%26origFormat%3Dpng&w=80&h=80&q=80&f=avif 1x, /_image/?href=%2Fcontent%2Fassets%2Favatars%2Ffriday-the-13th.png%3ForigWidth%3D500%26origHeight%3D500%26origFormat%3Dpng&w=160&h=160&q=80&f=avif 2x"
          width="80"
        />
      </div>
    </div>
    <div
      class="flex flex-col justify-center"
    >
      <a
        class="
        leading-normal font-sans text-sm font-medium text-accent
        after:absolute after:top-0 after:left-0 after:z-sticky after:size-full
        after:opacity-0
      "
        href="/collections/friday-the-13th/"
      >
        <div
          class="leading-normal"
        >
          Friday the 13th
        </div>
      </a>
      <div
        class="mt-1 font-sans text-xs font-light text-nowrap text-subtle"
      >
        11
         Reviews
      </div>
    </div>
  </li>
  <li
    class="
        group/list-item relative mb-1 flex max-w-(--breakpoint-desktop)
        transform-gpu flex-row gap-x-4 bg-default px-container py-4
        transition-transform
        tablet:gap-x-6 tablet:px-4
        tablet-landscape:has-[a:hover]:z-5
        tablet-landscape:has-[a:hover]:scale-[102.5%]
        tablet-landscape:has-[a:hover]:shadow-all
        tablet-landscape:has-[a:hover]:drop-shadow-2xl
        laptop:px-6
        
      "
  >
    <div
      class="
          relative rounded-full
          after:absolute after:top-0 after:left-0 after:size-full
          after:bg-default after:opacity-15 after:transition-opacity
          group-has-[a:hover]/list-item:after:opacity-0
          
        "
    >
      <div
        class="
          w-16 safari-border-radius-fix overflow-hidden rounded-full
          drop-shadow-md
          tablet:w-20
        "
      >
        <img
          alt=""
          class="w-full"
          height="80"
          loading="lazy"
          src="/_image/?href=%2Fcontent%2Fassets%2Favatars%2Fhatchet.png%3ForigWidth%3D500%26origHeight%3D500%26origFormat%3Dpng&w=80&h=80&q=80&f=avif"
          srcset="/_image/?href=%2Fcontent%2Fassets%2Favatars%2Fhatchet.png%3ForigWidth%3D500%26origHeight%3D500%26origFormat%3Dpng&w=80&h=80&q=80&f=avif 1x, /_image/?href=%2Fcontent%2Fassets%2Favatars%2Fhatchet.png%3ForigWidth%3D500%26origHeight%3D500%26origFormat%3Dpng&w=160&h=160&q=80&f=avif 2x"
          width="80"
        />
      </div>
    </div>
    <div
      class="flex flex-col justify-center"
    >
      <a
        class="
        leading-normal font-sans text-sm font-medium text-accent
        after:absolute after:top-0 after:left-0 after:z-sticky after:size-full
        after:opacity-0
      "
        href="/collections/hatchet/"
      >
        <div
          class="leading-normal"
        >
          Hatchet
        </div>
      </a>
      <div
        class="mt-1 font-sans text-xs font-light text-nowrap text-subtle"
      >
        4
         Reviews
      </div>
    </div>
  </li>
</ol>
`;

exports[`Collections > can sort by title count asc 1`] = `
<ol
  class="
            mt-4 bg-subtle
            tablet-landscape:my-24
          "
  data-testid="list"
>
  <li
    class="
        group/list-item relative mb-1 flex max-w-(--breakpoint-desktop)
        transform-gpu flex-row gap-x-4 bg-default px-container py-4
        transition-transform
        tablet:gap-x-6 tablet:px-4
        tablet-landscape:has-[a:hover]:z-5
        tablet-landscape:has-[a:hover]:scale-[102.5%]
        tablet-landscape:has-[a:hover]:shadow-all
        tablet-landscape:has-[a:hover]:drop-shadow-2xl
        laptop:px-6
        
      "
  >
    <div
      class="
          relative rounded-full
          after:absolute after:top-0 after:left-0 after:size-full
          after:bg-default after:opacity-15 after:transition-opacity
          group-has-[a:hover]/list-item:after:opacity-0
          
        "
    >
      <div
        class="
          w-16 safari-border-radius-fix overflow-hidden rounded-full
          drop-shadow-md
          tablet:w-20
        "
      >
        <img
          alt=""
          class="w-full"
          height="80"
          loading="lazy"
          src="/_image/?href=%2Fcontent%2Fassets%2Favatars%2Fhatchet.png%3ForigWidth%3D500%26origHeight%3D500%26origFormat%3Dpng&w=80&h=80&q=80&f=avif"
          srcset="/_image/?href=%2Fcontent%2Fassets%2Favatars%2Fhatchet.png%3ForigWidth%3D500%26origHeight%3D500%26origFormat%3Dpng&w=80&h=80&q=80&f=avif 1x, /_image/?href=%2Fcontent%2Fassets%2Favatars%2Fhatchet.png%3ForigWidth%3D500%26origHeight%3D500%26origFormat%3Dpng&w=160&h=160&q=80&f=avif 2x"
          width="80"
        />
      </div>
    </div>
    <div
      class="flex flex-col justify-center"
    >
      <a
        class="
        leading-normal font-sans text-sm font-medium text-accent
        after:absolute after:top-0 after:left-0 after:z-sticky after:size-full
        after:opacity-0
      "
        href="/collections/hatchet/"
      >
        <div
          class="leading-normal"
        >
          Hatchet
        </div>
      </a>
      <div
        class="mt-1 font-sans text-xs font-light text-nowrap text-subtle"
      >
        4
         Reviews
      </div>
    </div>
  </li>
  <li
    class="
        group/list-item relative mb-1 flex max-w-(--breakpoint-desktop)
        transform-gpu flex-row gap-x-4 bg-default px-container py-4
        transition-transform
        tablet:gap-x-6 tablet:px-4
        tablet-landscape:has-[a:hover]:z-5
        tablet-landscape:has-[a:hover]:scale-[102.5%]
        tablet-landscape:has-[a:hover]:shadow-all
        tablet-landscape:has-[a:hover]:drop-shadow-2xl
        laptop:px-6
        
      "
  >
    <div
      class="
          relative rounded-full
          after:absolute after:top-0 after:left-0 after:size-full
          after:bg-default after:opacity-15 after:transition-opacity
          group-has-[a:hover]/list-item:after:opacity-0
          
        "
    >
      <div
        class="
          w-16 safari-border-radius-fix overflow-hidden rounded-full
          drop-shadow-md
          tablet:w-20
        "
      >
        <img
          alt=""
          class="w-full"
          height="80"
          loading="lazy"
          src="/_image/?href=%2Fcontent%2Fassets%2Favatars%2Ffriday-the-13th.png%3ForigWidth%3D500%26origHeight%3D500%26origFormat%3Dpng&w=80&h=80&q=80&f=avif"
          srcset="/_image/?href=%2Fcontent%2Fassets%2Favatars%2Ffriday-the-13th.png%3ForigWidth%3D500%26origHeight%3D500%26origFormat%3Dpng&w=80&h=80&q=80&f=avif 1x, /_image/?href=%2Fcontent%2Fassets%2Favatars%2Ffriday-the-13th.png%3ForigWidth%3D500%26origHeight%3D500%26origFormat%3Dpng&w=160&h=160&q=80&f=avif 2x"
          width="80"
        />
      </div>
    </div>
    <div
      class="flex flex-col justify-center"
    >
      <a
        class="
        leading-normal font-sans text-sm font-medium text-accent
        after:absolute after:top-0 after:left-0 after:z-sticky after:size-full
        after:opacity-0
      "
        href="/collections/friday-the-13th/"
      >
        <div
          class="leading-normal"
        >
          Friday the 13th
        </div>
      </a>
      <div
        class="mt-1 font-sans text-xs font-light text-nowrap text-subtle"
      >
        11
         Reviews
      </div>
    </div>
  </li>
  <li
    class="
        group/list-item relative mb-1 flex max-w-(--breakpoint-desktop)
        transform-gpu flex-row gap-x-4 bg-default px-container py-4
        transition-transform
        tablet:gap-x-6 tablet:px-4
        tablet-landscape:has-[a:hover]:z-5
        tablet-landscape:has-[a:hover]:scale-[102.5%]
        tablet-landscape:has-[a:hover]:shadow-all
        tablet-landscape:has-[a:hover]:drop-shadow-2xl
        laptop:px-6
        
      "
  >
    <div
      class="
          relative rounded-full
          after:absolute after:top-0 after:left-0 after:size-full
          after:bg-default after:opacity-15 after:transition-opacity
          group-has-[a:hover]/list-item:after:opacity-0
          
        "
    >
      <div
        class="
          w-16 safari-border-radius-fix overflow-hidden rounded-full
          drop-shadow-md
          tablet:w-20
        "
      >
        <img
          alt=""
          class="w-full"
          height="80"
          loading="lazy"
          src="/_image/?href=%2Fcontent%2Fassets%2Favatars%2Fjames-bond.png%3ForigWidth%3D500%26origHeight%3D500%26origFormat%3Dpng&w=80&h=80&q=80&f=avif"
          srcset="/_image/?href=%2Fcontent%2Fassets%2Favatars%2Fjames-bond.png%3ForigWidth%3D500%26origHeight%3D500%26origFormat%3Dpng&w=80&h=80&q=80&f=avif 1x, /_image/?href=%2Fcontent%2Fassets%2Favatars%2Fjames-bond.png%3ForigWidth%3D500%26origHeight%3D500%26origFormat%3Dpng&w=160&h=160&q=80&f=avif 2x"
          width="80"
        />
      </div>
    </div>
    <div
      class="flex flex-col justify-center"
    >
      <a
        class="
        leading-normal font-sans text-sm font-medium text-accent
        after:absolute after:top-0 after:left-0 after:z-sticky after:size-full
        after:opacity-0
      "
        href="/collections/james-bond/"
      >
        <div
          class="leading-normal"
        >
          James Bond
        </div>
      </a>
      <div
        class="mt-1 font-sans text-xs font-light text-nowrap text-subtle"
      >
        24
         Reviews
      </div>
    </div>
  </li>
  <li
    class="
        group/list-item relative mb-1 flex max-w-(--breakpoint-desktop)
        transform-gpu flex-row gap-x-4 bg-default px-container py-4
        transition-transform
        tablet:gap-x-6 tablet:px-4
        tablet-landscape:has-[a:hover]:z-5
        tablet-landscape:has-[a:hover]:scale-[102.5%]
        tablet-landscape:has-[a:hover]:shadow-all
        tablet-landscape:has-[a:hover]:drop-shadow-2xl
        laptop:px-6
        
      "
  >
    <div
      class="
          relative rounded-full
          after:absolute after:top-0 after:left-0 after:size-full
          after:bg-default after:opacity-15 after:transition-opacity
          group-has-[a:hover]/list-item:after:opacity-0
          
        "
    >
      <div
        class="
          w-16 safari-border-radius-fix overflow-hidden rounded-full
          drop-shadow-md
          tablet:w-20
        "
      >
        <img
          alt=""
          class="w-full"
          height="80"
          loading="lazy"
          src="/_image/?href=%2Fcontent%2Fassets%2Favatars%2Fhammer-films.png%3ForigWidth%3D500%26origHeight%3D500%26origFormat%3Dpng&w=80&h=80&q=80&f=avif"
          srcset="/_image/?href=%2Fcontent%2Fassets%2Favatars%2Fhammer-films.png%3ForigWidth%3D500%26origHeight%3D500%26origFormat%3Dpng&w=80&h=80&q=80&f=avif 1x, /_image/?href=%2Fcontent%2Fassets%2Favatars%2Fhammer-films.png%3ForigWidth%3D500%26origHeight%3D500%26origFormat%3Dpng&w=160&h=160&q=80&f=avif 2x"
          width="80"
        />
      </div>
    </div>
    <div
      class="flex flex-col justify-center"
    >
      <a
        class="
        leading-normal font-sans text-sm font-medium text-accent
        after:absolute after:top-0 after:left-0 after:z-sticky after:size-full
        after:opacity-0
      "
        href="/collections/hammer-films/"
      >
        <div
          class="leading-normal"
        >
          Hammer Films
        </div>
      </a>
      <div
        class="mt-1 font-sans text-xs font-light text-nowrap text-subtle"
      >
        41
         Reviews
      </div>
    </div>
  </li>
  <li
    class="
        group/list-item relative mb-1 flex max-w-(--breakpoint-desktop)
        transform-gpu flex-row gap-x-4 bg-default px-container py-4
        transition-transform
        tablet:gap-x-6 tablet:px-4
        tablet-landscape:has-[a:hover]:z-5
        tablet-landscape:has-[a:hover]:scale-[102.5%]
        tablet-landscape:has-[a:hover]:shadow-all
        tablet-landscape:has-[a:hover]:drop-shadow-2xl
        laptop:px-6
        
      "
  >
    <div
      class="
          relative rounded-full
          after:absolute after:top-0 after:left-0 after:size-full
          after:bg-default after:opacity-15 after:transition-opacity
          group-has-[a:hover]/list-item:after:opacity-0
          
        "
    >
      <div
        class="
          w-16 safari-border-radius-fix overflow-hidden rounded-full
          drop-shadow-md
          tablet:w-20
        "
      >
        <img
          alt=""
          class="w-full"
          height="80"
          loading="lazy"
          src="/_image/?href=%2Fcontent%2Fassets%2Favatars%2Fshaw-brothers.png%3ForigWidth%3D500%26origHeight%3D500%26origFormat%3Dpng&w=80&h=80&q=80&f=avif"
          srcset="/_image/?href=%2Fcontent%2Fassets%2Favatars%2Fshaw-brothers.png%3ForigWidth%3D500%26origHeight%3D500%26origFormat%3Dpng&w=80&h=80&q=80&f=avif 1x, /_image/?href=%2Fcontent%2Fassets%2Favatars%2Fshaw-brothers.png%3ForigWidth%3D500%26origHeight%3D500%26origFormat%3Dpng&w=160&h=160&q=80&f=avif 2x"
          width="80"
        />
      </div>
    </div>
    <div
      class="flex flex-col justify-center"
    >
      <a
        class="
        leading-normal font-sans text-sm font-medium text-accent
        after:absolute after:top-0 after:left-0 after:z-sticky after:size-full
        after:opacity-0
      "
        href="/collections/shaw-brothers/"
      >
        <div
          class="leading-normal"
        >
          Shaw Brothers
        </div>
      </a>
      <div
        class="mt-1 font-sans text-xs font-light text-nowrap text-subtle"
      >
        14
         Reviews
      </div>
    </div>
  </li>
</ol>
`;

exports[`Collections > can sort by title count desc 1`] = `
<ol
  class="
            mt-4 bg-subtle
            tablet-landscape:my-24
          "
  data-testid="list"
>
  <li
    class="
        group/list-item relative mb-1 flex max-w-(--breakpoint-desktop)
        transform-gpu flex-row gap-x-4 bg-default px-container py-4
        transition-transform
        tablet:gap-x-6 tablet:px-4
        tablet-landscape:has-[a:hover]:z-5
        tablet-landscape:has-[a:hover]:scale-[102.5%]
        tablet-landscape:has-[a:hover]:shadow-all
        tablet-landscape:has-[a:hover]:drop-shadow-2xl
        laptop:px-6
        
      "
  >
    <div
      class="
          relative rounded-full
          after:absolute after:top-0 after:left-0 after:size-full
          after:bg-default after:opacity-15 after:transition-opacity
          group-has-[a:hover]/list-item:after:opacity-0
          
        "
    >
      <div
        class="
          w-16 safari-border-radius-fix overflow-hidden rounded-full
          drop-shadow-md
          tablet:w-20
        "
      >
        <img
          alt=""
          class="w-full"
          height="80"
          loading="lazy"
          src="/_image/?href=%2Fcontent%2Fassets%2Favatars%2Fshaw-brothers.png%3ForigWidth%3D500%26origHeight%3D500%26origFormat%3Dpng&w=80&h=80&q=80&f=avif"
          srcset="/_image/?href=%2Fcontent%2Fassets%2Favatars%2Fshaw-brothers.png%3ForigWidth%3D500%26origHeight%3D500%26origFormat%3Dpng&w=80&h=80&q=80&f=avif 1x, /_image/?href=%2Fcontent%2Fassets%2Favatars%2Fshaw-brothers.png%3ForigWidth%3D500%26origHeight%3D500%26origFormat%3Dpng&w=160&h=160&q=80&f=avif 2x"
          width="80"
        />
      </div>
    </div>
    <div
      class="flex flex-col justify-center"
    >
      <a
        class="
        leading-normal font-sans text-sm font-medium text-accent
        after:absolute after:top-0 after:left-0 after:z-sticky after:size-full
        after:opacity-0
      "
        href="/collections/shaw-brothers/"
      >
        <div
          class="leading-normal"
        >
          Shaw Brothers
        </div>
      </a>
      <div
        class="mt-1 font-sans text-xs font-light text-nowrap text-subtle"
      >
        14
         Reviews
      </div>
    </div>
  </li>
  <li
    class="
        group/list-item relative mb-1 flex max-w-(--breakpoint-desktop)
        transform-gpu flex-row gap-x-4 bg-default px-container py-4
        transition-transform
        tablet:gap-x-6 tablet:px-4
        tablet-landscape:has-[a:hover]:z-5
        tablet-landscape:has-[a:hover]:scale-[102.5%]
        tablet-landscape:has-[a:hover]:shadow-all
        tablet-landscape:has-[a:hover]:drop-shadow-2xl
        laptop:px-6
        
      "
  >
    <div
      class="
          relative rounded-full
          after:absolute after:top-0 after:left-0 after:size-full
          after:bg-default after:opacity-15 after:transition-opacity
          group-has-[a:hover]/list-item:after:opacity-0
          
        "
    >
      <div
        class="
          w-16 safari-border-radius-fix overflow-hidden rounded-full
          drop-shadow-md
          tablet:w-20
        "
      >
        <img
          alt=""
          class="w-full"
          height="80"
          loading="lazy"
          src="/_image/?href=%2Fcontent%2Fassets%2Favatars%2Fhammer-films.png%3ForigWidth%3D500%26origHeight%3D500%26origFormat%3Dpng&w=80&h=80&q=80&f=avif"
          srcset="/_image/?href=%2Fcontent%2Fassets%2Favatars%2Fhammer-films.png%3ForigWidth%3D500%26origHeight%3D500%26origFormat%3Dpng&w=80&h=80&q=80&f=avif 1x, /_image/?href=%2Fcontent%2Fassets%2Favatars%2Fhammer-films.png%3ForigWidth%3D500%26origHeight%3D500%26origFormat%3Dpng&w=160&h=160&q=80&f=avif 2x"
          width="80"
        />
      </div>
    </div>
    <div
      class="flex flex-col justify-center"
    >
      <a
        class="
        leading-normal font-sans text-sm font-medium text-accent
        after:absolute after:top-0 after:left-0 after:z-sticky after:size-full
        after:opacity-0
      "
        href="/collections/hammer-films/"
      >
        <div
          class="leading-normal"
        >
          Hammer Films
        </div>
      </a>
      <div
        class="mt-1 font-sans text-xs font-light text-nowrap text-subtle"
      >
        41
         Reviews
      </div>
    </div>
  </li>
  <li
    class="
        group/list-item relative mb-1 flex max-w-(--breakpoint-desktop)
        transform-gpu flex-row gap-x-4 bg-default px-container py-4
        transition-transform
        tablet:gap-x-6 tablet:px-4
        tablet-landscape:has-[a:hover]:z-5
        tablet-landscape:has-[a:hover]:scale-[102.5%]
        tablet-landscape:has-[a:hover]:shadow-all
        tablet-landscape:has-[a:hover]:drop-shadow-2xl
        laptop:px-6
        
      "
  >
    <div
      class="
          relative rounded-full
          after:absolute after:top-0 after:left-0 after:size-full
          after:bg-default after:opacity-15 after:transition-opacity
          group-has-[a:hover]/list-item:after:opacity-0
          
        "
    >
      <div
        class="
          w-16 safari-border-radius-fix overflow-hidden rounded-full
          drop-shadow-md
          tablet:w-20
        "
      >
        <img
          alt=""
          class="w-full"
          height="80"
          loading="lazy"
          src="/_image/?href=%2Fcontent%2Fassets%2Favatars%2Fjames-bond.png%3ForigWidth%3D500%26origHeight%3D500%26origFormat%3Dpng&w=80&h=80&q=80&f=avif"
          srcset="/_image/?href=%2Fcontent%2Fassets%2Favatars%2Fjames-bond.png%3ForigWidth%3D500%26origHeight%3D500%26origFormat%3Dpng&w=80&h=80&q=80&f=avif 1x, /_image/?href=%2Fcontent%2Fassets%2Favatars%2Fjames-bond.png%3ForigWidth%3D500%26origHeight%3D500%26origFormat%3Dpng&w=160&h=160&q=80&f=avif 2x"
          width="80"
        />
      </div>
    </div>
    <div
      class="flex flex-col justify-center"
    >
      <a
        class="
        leading-normal font-sans text-sm font-medium text-accent
        after:absolute after:top-0 after:left-0 after:z-sticky after:size-full
        after:opacity-0
      "
        href="/collections/james-bond/"
      >
        <div
          class="leading-normal"
        >
          James Bond
        </div>
      </a>
      <div
        class="mt-1 font-sans text-xs font-light text-nowrap text-subtle"
      >
        24
         Reviews
      </div>
    </div>
  </li>
  <li
    class="
        group/list-item relative mb-1 flex max-w-(--breakpoint-desktop)
        transform-gpu flex-row gap-x-4 bg-default px-container py-4
        transition-transform
        tablet:gap-x-6 tablet:px-4
        tablet-landscape:has-[a:hover]:z-5
        tablet-landscape:has-[a:hover]:scale-[102.5%]
        tablet-landscape:has-[a:hover]:shadow-all
        tablet-landscape:has-[a:hover]:drop-shadow-2xl
        laptop:px-6
        
      "
  >
    <div
      class="
          relative rounded-full
          after:absolute after:top-0 after:left-0 after:size-full
          after:bg-default after:opacity-15 after:transition-opacity
          group-has-[a:hover]/list-item:after:opacity-0
          
        "
    >
      <div
        class="
          w-16 safari-border-radius-fix overflow-hidden rounded-full
          drop-shadow-md
          tablet:w-20
        "
      >
        <img
          alt=""
          class="w-full"
          height="80"
          loading="lazy"
          src="/_image/?href=%2Fcontent%2Fassets%2Favatars%2Ffriday-the-13th.png%3ForigWidth%3D500%26origHeight%3D500%26origFormat%3Dpng&w=80&h=80&q=80&f=avif"
          srcset="/_image/?href=%2Fcontent%2Fassets%2Favatars%2Ffriday-the-13th.png%3ForigWidth%3D500%26origHeight%3D500%26origFormat%3Dpng&w=80&h=80&q=80&f=avif 1x, /_image/?href=%2Fcontent%2Fassets%2Favatars%2Ffriday-the-13th.png%3ForigWidth%3D500%26origHeight%3D500%26origFormat%3Dpng&w=160&h=160&q=80&f=avif 2x"
          width="80"
        />
      </div>
    </div>
    <div
      class="flex flex-col justify-center"
    >
      <a
        class="
        leading-normal font-sans text-sm font-medium text-accent
        after:absolute after:top-0 after:left-0 after:z-sticky after:size-full
        after:opacity-0
      "
        href="/collections/friday-the-13th/"
      >
        <div
          class="leading-normal"
        >
          Friday the 13th
        </div>
      </a>
      <div
        class="mt-1 font-sans text-xs font-light text-nowrap text-subtle"
      >
        11
         Reviews
      </div>
    </div>
  </li>
  <li
    class="
        group/list-item relative mb-1 flex max-w-(--breakpoint-desktop)
        transform-gpu flex-row gap-x-4 bg-default px-container py-4
        transition-transform
        tablet:gap-x-6 tablet:px-4
        tablet-landscape:has-[a:hover]:z-5
        tablet-landscape:has-[a:hover]:scale-[102.5%]
        tablet-landscape:has-[a:hover]:shadow-all
        tablet-landscape:has-[a:hover]:drop-shadow-2xl
        laptop:px-6
        
      "
  >
    <div
      class="
          relative rounded-full
          after:absolute after:top-0 after:left-0 after:size-full
          after:bg-default after:opacity-15 after:transition-opacity
          group-has-[a:hover]/list-item:after:opacity-0
          
        "
    >
      <div
        class="
          w-16 safari-border-radius-fix overflow-hidden rounded-full
          drop-shadow-md
          tablet:w-20
        "
      >
        <img
          alt=""
          class="w-full"
          height="80"
          loading="lazy"
          src="/_image/?href=%2Fcontent%2Fassets%2Favatars%2Fhatchet.png%3ForigWidth%3D500%26origHeight%3D500%26origFormat%3Dpng&w=80&h=80&q=80&f=avif"
          srcset="/_image/?href=%2Fcontent%2Fassets%2Favatars%2Fhatchet.png%3ForigWidth%3D500%26origHeight%3D500%26origFormat%3Dpng&w=80&h=80&q=80&f=avif 1x, /_image/?href=%2Fcontent%2Fassets%2Favatars%2Fhatchet.png%3ForigWidth%3D500%26origHeight%3D500%26origFormat%3Dpng&w=160&h=160&q=80&f=avif 2x"
          width="80"
        />
      </div>
    </div>
    <div
      class="flex flex-col justify-center"
    >
      <a
        class="
        leading-normal font-sans text-sm font-medium text-accent
        after:absolute after:top-0 after:left-0 after:z-sticky after:size-full
        after:opacity-0
      "
        href="/collections/hatchet/"
      >
        <div
          class="leading-normal"
        >
          Hatchet
        </div>
      </a>
      <div
        class="mt-1 font-sans text-xs font-light text-nowrap text-subtle"
      >
        4
         Reviews
      </div>
    </div>
  </li>
</ol>
`;
