// Vitest Snapshot v1, https://vitest.dev/guide/snapshot.html

exports[`SearchUI > result rendering > should render result item with image 1`] = `
"
        <li class="gap-x-6 tablet:px-6 laptop:px-8 py-6 px-[8%] hover:bg-subtle border-t border-default last-of-type:border-b grid grid-cols-[min(25%,80px)_1fr] focus-within:bg-subtle focus-within:outline-[rgb(38,132,255)] focus-within:outline-1 focus-within:-outline-offset-2">
          
            <div class="shrink-0 drop-shadow-md">
              <img 
                src="/test.jpg" 
                alt="Test Alt"
                class="h-auto w-full"
                loading="lazy"
              >
            </div>
          
          <div class="min-w-0 flex-1">
            <h3 class="font-sans text-base font-semibold text-accent">
              <a href="/test" class="block">
                Test Title
              </a>
            </h3>
            <p class="text-sm leading-normal text-default">
              Test excerpt
            </p>
          </div>
        </li>
    "
`;
