// Vitest Snapshot v1, https://vitest.dev/guide/snapshot.html

exports[`Home > matches snapshot 1`] = `
<DocumentFragment>
  <div>
    <a
      class="absolute left-1/2 top-0.5 z-50 mx-auto bg-subtle px-6 py-2 text-center text-accent [transform:translate(-50%,calc(-100%_-_2px))] focus:[transform:translate(-50%,0%)]"
      href="#content"
    >
      Skip to content
    </a>
    <div
      class="flex min-h-full w-full flex-col bg-default"
    >
      <header
        class="z-20 flex w-full items-center justify-between px-container py-4 tablet:py-6 desktop:inset-x-0 desktop:z-40 desktop:flex-row desktop:flex-wrap desktop:px-16 desktop:py-8 desktop:text-left"
        style="background-image: linear-gradient(to bottom, rgba(0,0,0,.85), transparent 95%); color: rgb(255, 255, 255); position: absolute;"
      >
        <div />
        <div
          class="flex items-center"
        >
          <nav
            class="hidden w-full desktop:block desktop:w-auto"
          >
            <ul
              class="flex flex-wrap justify-start gap-x-6 text-xl"
            >
              <li
                class="mast-item block whitespace-nowrap leading-10 tracking-serif-wide"
              >
                <a
                  class="text-inherit transition-all duration-500 ease-in-out hover:bg-[rgba(0,0,0,.50)]"
                  href="/"
                  style="text-shadow: 1px 1px 2px black;"
                >
                  Home
                </a>
              </li>
              <li
                class="mast-item block whitespace-nowrap leading-10 tracking-serif-wide"
              >
                <a
                  class="text-inherit transition-all duration-500 ease-in-out hover:bg-[rgba(0,0,0,.50)]"
                  href="/how-i-grade/"
                  style="text-shadow: 1px 1px 2px black;"
                >
                  How I Grade
                </a>
              </li>
              <li
                class="mast-item block whitespace-nowrap leading-10 tracking-serif-wide"
              >
                <a
                  class="text-inherit transition-all duration-500 ease-in-out hover:bg-[rgba(0,0,0,.50)]"
                  href="/reviews/"
                  style="text-shadow: 1px 1px 2px black;"
                >
                  Reviews
                </a>
              </li>
              <li
                class="mast-item block whitespace-nowrap leading-10 tracking-serif-wide"
              >
                <a
                  class="text-inherit transition-all duration-500 ease-in-out hover:bg-[rgba(0,0,0,.50)]"
                  href="/viewings/"
                  style="text-shadow: 1px 1px 2px black;"
                >
                  Viewing Log
                </a>
              </li>
              <li
                class="mast-item block whitespace-nowrap leading-10 tracking-serif-wide"
              >
                <a
                  class="text-inherit transition-all duration-500 ease-in-out hover:bg-[rgba(0,0,0,.50)]"
                  href="/watchlist/"
                  style="text-shadow: 1px 1px 2px black;"
                >
                  Watchlist
                </a>
              </li>
            </ul>
          </nav>
          <div
            class="search-button z-[1000]"
          >
            <button
              aria-keyshortcuts="Control+K"
              aria-label="Search"
              class="flex size-10 items-center justify-center overflow-hidden text-sm leading-6 ring-default desktop:ml-6"
              data-open-modal="true"
              disabled=""
              title="Search: Control+K"
              type="button"
            >
              <svg
                class="size-7"
                fill="none"
                stroke="currentColor"
                stroke-width="1.5"
                viewBox="0 0 24 24"
                xmlns="http://www.w3.org/2000/svg"
              >
                <path
                  d="m21 21-5.197-5.197m0 0A7.5 7.5 0 1 0 5.196 5.196a7.5 7.5 0 0 0 10.607 10.607Z"
                  stroke-linecap="round"
                  stroke-linejoin="round"
                />
              </svg>
            </button>
          </div>
          <input
            class="hidden"
            id="mobile-nav"
            type="checkbox"
          />
          <label
            class="hamburger-icon"
            for="mobile-nav"
          >
            <span
              class="hamburger-icon-bars"
              style="background-color: rgb(255, 255, 255);"
            />
          </label>
          <ul
            class="hamburger-menu flex flex-col items-start gap-y-5 text-left text-inverse tablet:gap-y-10"
          >
            <li
              class="block w-1/2 whitespace-nowrap text-2xl desktop:w-full"
            >
              <a
                href="/"
              >
                Home
              </a>
            </li>
            <li
              class="block w-1/2 whitespace-nowrap text-2xl desktop:w-full"
            >
              <a
                href="/how-i-grade/"
              >
                How I Grade
              </a>
            </li>
            <li
              class="block w-1/2 whitespace-nowrap text-2xl desktop:w-full"
            >
              <a
                href="/reviews/"
              >
                Reviews
              </a>
              <ol
                class="mt-4"
              >
                <li
                  class="mb-4 ml-1 font-sans text-xs uppercase tracking-wider text-inverse-subtle last:mb-0"
                >
                  <a
                    href="/cast-and-crew/"
                  >
                    Cast & Crew
                  </a>
                </li>
                <li
                  class="mb-4 ml-1 font-sans text-xs uppercase tracking-wider text-inverse-subtle last:mb-0"
                >
                  <a
                    href="/collections/"
                  >
                    Collections
                  </a>
                </li>
                <li
                  class="mb-4 ml-1 font-sans text-xs uppercase tracking-wider text-inverse-subtle last:mb-0"
                >
                  <a
                    href="/reviews/overrated/"
                  >
                    Overrated
                  </a>
                </li>
                <li
                  class="mb-4 ml-1 font-sans text-xs uppercase tracking-wider text-inverse-subtle last:mb-0"
                >
                  <a
                    href="/reviews/underrated/"
                  >
                    Underrated
                  </a>
                </li>
                <li
                  class="mb-4 ml-1 font-sans text-xs uppercase tracking-wider text-inverse-subtle last:mb-0"
                >
                  <a
                    href="/reviews/underseen/"
                  >
                    Underseen
                  </a>
                </li>
              </ol>
            </li>
            <li
              class="block w-1/2 whitespace-nowrap text-2xl desktop:w-full"
            >
              <a
                href="/viewings/"
              >
                Viewing Log
              </a>
              <ol
                class="mt-4"
              >
                <li
                  class="mb-4 ml-1 font-sans text-xs uppercase tracking-wider text-inverse-subtle last:mb-0"
                >
                  <a
                    href="/viewings/stats/"
                  >
                    Stats
                  </a>
                </li>
              </ol>
            </li>
            <li
              class="block w-1/2 whitespace-nowrap text-2xl desktop:w-full"
            >
              <a
                href="/watchlist/"
              >
                Watchlist
              </a>
              <ol
                class="mt-4"
              >
                <li
                  class="mb-4 ml-1 font-sans text-xs uppercase tracking-wider text-inverse-subtle last:mb-0"
                >
                  <a
                    href="/watchlist/progress/"
                  >
                    Progress
                  </a>
                </li>
              </ol>
            </li>
          </ul>
        </div>
      </header>
      <main
        class="grow bg-subtle pb-8"
        id="content"
      >
        <header
          class="min-h-[400px] tablet:min-h-[640px] desktop:min-h-[clamp(640px,70vh,1350px)] relative flex w-full flex-col content-start items-center justify-end gap-6 bg-[#2A2B2A] pb-8 pt-40 text-inverse tablet:pb-10 tablet:pt-40 desktop:pb-16 desktop:pt-40"
        >
          <img
            alt=""
            class="absolute inset-0 size-full object-cover object-top"
            fetchpriority="high"
            height="1350"
            loading="eager"
            sizes="100vw"
            src="/_image/?href=%2Fcontent%2Fassets%2Fbackdrops%2Fhome.png%3ForigWidth%3D3840%26origHeight%3D2160%26origFormat%3Dpng&w=2400&h=1350&q=80&f=avif"
            srcset="/_image/?href=%2Fcontent%2Fassets%2Fbackdrops%2Fhome.png%3ForigWidth%3D3840%26origHeight%3D2160%26origFormat%3Dpng&w=720&h=405&q=80&f=avif 720w, /_image/?href=%2Fcontent%2Fassets%2Fbackdrops%2Fhome.png%3ForigWidth%3D3840%26origHeight%3D2160%26origFormat%3Dpng&w=1200&h=675&q=80&f=avif 1200w, /_image/?href=%2Fcontent%2Fassets%2Fbackdrops%2Fhome.png%3ForigWidth%3D3840%26origHeight%3D2160%26origFormat%3Dpng&w=1920&h=1080&q=80&f=avif 1920w, /_image/?href=%2Fcontent%2Fassets%2Fbackdrops%2Fhome.png%3ForigWidth%3D3840%26origHeight%3D2160%26origFormat%3Dpng&w=2400&h=1350&q=80&f=avif 2400w"
            width="2400"
          />
          <div
            class=" z-10 mx-auto flex w-full max-w-screen-max flex-col px-container"
          >
            <h1
              class="[text-shadow:1px_1px_2px_black] text-[2rem] leading-10 tablet:text-4xl desktop:text-7xl"
              data-pagefind-weight="10"
            >
              Frank's Movie Log
            </h1>
            <p
              class="mt-1 text-base desktop:my-4 desktop:text-xl [text-shadow:1px_1px_2px_black] "
            >
              Quality reviews of films of questionable quality.
            </p>
          </div>
        </header>
        <nav
          class="mx-auto max-w-screen-max"
        >
          <h2
            class="py-10 font-sans text-xs font-semibold uppercase tracking-wide text-subtle px-container"
          >
            Latest Reviews
          </h2>
          <ul
            class="flex w-full flex-col flex-wrap justify-center gap-x-[3%] pb-8 tablet:flex-row tablet:justify-between tablet:gap-y-[6vw] tablet:px-container desktop:gap-y-[3vw] max:gap-y-14"
          >
            <li
              class="relative mb-1 flex flex-col bg-default pt-12 has-[a:hover]:bg-hover has-[a:hover]:shadow-hover tablet:mb-0 tablet:max-w-[47%] tablet:pt-0 desktop:max-w-[31.33%]"
            >
              <div
                class="mx-[8%] mb-6 block tablet:mx-0"
              >
                <img
                  alt=""
                  class="aspect-video h-auto w-full"
                  decoding="async"
                  height="360"
                  loading="lazy"
                  sizes="(min-width: 1800px) 481px, (min-width: 1280px) calc(26vw + 18px), (min-width: 780px) calc(47.08vw - 46px), 83.91vw"
                  src="/_image/?href=%2Fcontent%2Fassets%2Fstills%2Fchamber-of-horrors-1966.png%3ForigWidth%3D2000%26origHeight%3D1125%26origFormat%3Dpng&w=640&h=360&q=80&f=avif"
                  srcset="/_image/?href=%2Fcontent%2Fassets%2Fstills%2Fchamber-of-horrors-1966.png%3ForigWidth%3D2000%26origHeight%3D1125%26origFormat%3Dpng&w=160&h=90&q=80&f=avif 160w, /_image/?href=%2Fcontent%2Fassets%2Fstills%2Fchamber-of-horrors-1966.png%3ForigWidth%3D2000%26origHeight%3D1125%26origFormat%3Dpng&w=320&h=180&q=80&f=avif 320w, /_image/?href=%2Fcontent%2Fassets%2Fstills%2Fchamber-of-horrors-1966.png%3ForigWidth%3D2000%26origHeight%3D1125%26origFormat%3Dpng&w=640&h=360&q=80&f=avif 640w, /_image/?href=%2Fcontent%2Fassets%2Fstills%2Fchamber-of-horrors-1966.png%3ForigWidth%3D2000%26origHeight%3D1125%26origFormat%3Dpng&w=1280&h=720&q=80&f=avif 1280w"
                  width="640"
                />
              </div>
              <div
                class="flex grow flex-col px-[8%] pb-8 desktop:pl-[8.5%] desktop:pr-[10%]"
              >
                <div
                  class="mb-3 font-sans text-xxs font-light uppercase leading-4 tracking-wider text-subtle desktop:tracking-wide"
                >
                  23 Jun 2024
                </div>
                <a
                  class="mb-3 block text-2.5xl font-medium leading-7 before:absolute before:inset-x-[8%] before:top-12 before:aspect-video before:bg-default before:opacity-15 after:absolute after:left-0 after:top-0 after:z-10 after:size-full hover:text-accent hover:before:opacity-0 tablet:before:inset-x-0 tablet:before:top-0"
                  href="/reviews/chamber-of-horrors-1966/"
                >
                  Chamber of Horrors 
                  <span
                    class="text-sm font-normal leading-none text-muted"
                  >
                    1966
                  </span>
                </a>
                <picture>
                  <source
                    media="(prefers-color-scheme: dark)"
                    srcset="/svg/2-stars-dark.svg"
                  />
                  <img
                    alt="D+: 2 stars (out of 5)"
                    class="mb-5 tablet:mb-8"
                    height="24"
                    src="/svg/2-stars.svg"
                    width="120"
                  />
                </picture>
                <div
                  class="rendered-markdown mb-6 text-lg leading-normal tracking-prose text-muted"
                >
                  <p>
                    Warner Bros. shot 
                    <em>
                      Chamber of Horrors
                    </em>
                     as a television movie, intended as a series pilot. When the network deemed the finished product too violent for television, the studio added some gimmicks and released it as a theatrical feature. The result looks good but underwhelms.
                  </p>
                </div>
                <div
                  class="mt-auto font-sans text-xxs font-light leading-4 tracking-wider text-subtle desktop:tracking-wide"
                >
                  <span>
                    Crime
                  </span>
                  <span>
                     | Horror
                  </span>
                  <span>
                     | Thriller
                  </span>
                </div>
              </div>
            </li>
            <li
              class="relative mb-1 flex flex-col bg-default pt-12 has-[a:hover]:bg-hover has-[a:hover]:shadow-hover tablet:mb-0 tablet:max-w-[47%] tablet:pt-0 desktop:max-w-[31.33%]"
            >
              <div
                class="mx-[8%] mb-6 block tablet:mx-0"
              >
                <img
                  alt=""
                  class="aspect-video h-auto w-full"
                  decoding="async"
                  height="360"
                  loading="lazy"
                  sizes="(min-width: 1800px) 481px, (min-width: 1280px) calc(26vw + 18px), (min-width: 780px) calc(47.08vw - 46px), 83.91vw"
                  src="/_image/?href=%2Fcontent%2Fassets%2Fstills%2Ftwo-for-the-seesaw-1962.png%3ForigWidth%3D2000%26origHeight%3D1125%26origFormat%3Dpng&w=640&h=360&q=80&f=avif"
                  srcset="/_image/?href=%2Fcontent%2Fassets%2Fstills%2Ftwo-for-the-seesaw-1962.png%3ForigWidth%3D2000%26origHeight%3D1125%26origFormat%3Dpng&w=160&h=90&q=80&f=avif 160w, /_image/?href=%2Fcontent%2Fassets%2Fstills%2Ftwo-for-the-seesaw-1962.png%3ForigWidth%3D2000%26origHeight%3D1125%26origFormat%3Dpng&w=320&h=180&q=80&f=avif 320w, /_image/?href=%2Fcontent%2Fassets%2Fstills%2Ftwo-for-the-seesaw-1962.png%3ForigWidth%3D2000%26origHeight%3D1125%26origFormat%3Dpng&w=640&h=360&q=80&f=avif 640w, /_image/?href=%2Fcontent%2Fassets%2Fstills%2Ftwo-for-the-seesaw-1962.png%3ForigWidth%3D2000%26origHeight%3D1125%26origFormat%3Dpng&w=1280&h=720&q=80&f=avif 1280w"
                  width="640"
                />
              </div>
              <div
                class="flex grow flex-col px-[8%] pb-8 desktop:pl-[8.5%] desktop:pr-[10%]"
              >
                <div
                  class="mb-3 font-sans text-xxs font-light uppercase leading-4 tracking-wider text-subtle desktop:tracking-wide"
                >
                  18 Jun 2024
                </div>
                <a
                  class="mb-3 block text-2.5xl font-medium leading-7 before:absolute before:inset-x-[8%] before:top-12 before:aspect-video before:bg-default before:opacity-15 after:absolute after:left-0 after:top-0 after:z-10 after:size-full hover:text-accent hover:before:opacity-0 tablet:before:inset-x-0 tablet:before:top-0"
                  href="/reviews/two-for-the-seesaw-1962/"
                >
                  Two for the Seesaw 
                  <span
                    class="text-sm font-normal leading-none text-muted"
                  >
                    1962
                  </span>
                </a>
                <picture>
                  <source
                    media="(prefers-color-scheme: dark)"
                    srcset="/svg/3-stars-dark.svg"
                  />
                  <img
                    alt="C+: 3 stars (out of 5)"
                    class="mb-5 tablet:mb-8"
                    height="24"
                    src="/svg/3-stars.svg"
                    width="120"
                  />
                </picture>
                <div
                  class="rendered-markdown mb-6 text-lg leading-normal tracking-prose text-muted"
                >
                  <p>
                    In 
                    <em>
                      Two for the Seesaw
                    </em>
                    , Robert Mitchum plays a middle-aged, midwestern lawyer who—after his wife of twelve years asks for a divorce—flees his cushy job and pampered lifestyle for New York City. There, he meets a late-twenty-something dancer played by Shirley MacLaine. A romance blooms. 
                    <strong>
                      Spoilers follow
                    </strong>
                    .
                  </p>
                </div>
                <div
                  class="mt-auto font-sans text-xxs font-light leading-4 tracking-wider text-subtle desktop:tracking-wide"
                >
                  <span>
                    Drama
                  </span>
                  <span>
                     | Romance
                  </span>
                </div>
              </div>
            </li>
            <li
              class="relative mb-1 flex flex-col bg-default pt-12 has-[a:hover]:bg-hover has-[a:hover]:shadow-hover tablet:mb-0 tablet:max-w-[47%] tablet:pt-0 desktop:max-w-[31.33%]"
            >
              <div
                class="mx-[8%] mb-6 block tablet:mx-0"
              >
                <img
                  alt=""
                  class="aspect-video h-auto w-full"
                  decoding="async"
                  height="360"
                  loading="lazy"
                  sizes="(min-width: 1800px) 481px, (min-width: 1280px) calc(26vw + 18px), (min-width: 780px) calc(47.08vw - 46px), 83.91vw"
                  src="/_image/?href=%2Fcontent%2Fassets%2Fstills%2Fthe-man-with-nine-lives-1940.png%3ForigWidth%3D2000%26origHeight%3D1125%26origFormat%3Dpng&w=640&h=360&q=80&f=avif"
                  srcset="/_image/?href=%2Fcontent%2Fassets%2Fstills%2Fthe-man-with-nine-lives-1940.png%3ForigWidth%3D2000%26origHeight%3D1125%26origFormat%3Dpng&w=160&h=90&q=80&f=avif 160w, /_image/?href=%2Fcontent%2Fassets%2Fstills%2Fthe-man-with-nine-lives-1940.png%3ForigWidth%3D2000%26origHeight%3D1125%26origFormat%3Dpng&w=320&h=180&q=80&f=avif 320w, /_image/?href=%2Fcontent%2Fassets%2Fstills%2Fthe-man-with-nine-lives-1940.png%3ForigWidth%3D2000%26origHeight%3D1125%26origFormat%3Dpng&w=640&h=360&q=80&f=avif 640w, /_image/?href=%2Fcontent%2Fassets%2Fstills%2Fthe-man-with-nine-lives-1940.png%3ForigWidth%3D2000%26origHeight%3D1125%26origFormat%3Dpng&w=1280&h=720&q=80&f=avif 1280w"
                  width="640"
                />
              </div>
              <div
                class="flex grow flex-col px-[8%] pb-8 desktop:pl-[8.5%] desktop:pr-[10%]"
              >
                <div
                  class="mb-3 font-sans text-xxs font-light uppercase leading-4 tracking-wider text-subtle desktop:tracking-wide"
                >
                  08 Jun 2024
                </div>
                <a
                  class="mb-3 block text-2.5xl font-medium leading-7 before:absolute before:inset-x-[8%] before:top-12 before:aspect-video before:bg-default before:opacity-15 after:absolute after:left-0 after:top-0 after:z-10 after:size-full hover:text-accent hover:before:opacity-0 tablet:before:inset-x-0 tablet:before:top-0"
                  href="/reviews/the-man-with-nine-lives-1940/"
                >
                  The Man with Nine Lives 
                  <span
                    class="text-sm font-normal leading-none text-muted"
                  >
                    1940
                  </span>
                </a>
                <picture>
                  <source
                    media="(prefers-color-scheme: dark)"
                    srcset="/svg/2-half-stars-dark.svg"
                  />
                  <img
                    alt="C-: 2.5 stars (out of 5)"
                    class="mb-5 tablet:mb-8"
                    height="24"
                    src="/svg/2-half-stars.svg"
                    width="120"
                  />
                </picture>
                <div
                  class="rendered-markdown mb-6 text-lg leading-normal tracking-prose text-muted"
                >
                  <p>
                    Despite Boris Karloff playing a doctor with a secret underground laboratory where he holds six people hostage as unwilling test subjects, 
                    <em>
                      The Man with Nine Lives
                    </em>
                     isn’t a mad scientist picture. It’s a drama centered on an ethical dilemma: Would you risk the deaths of six people to save millions?
                  </p>
                </div>
                <div
                  class="mt-auto font-sans text-xxs font-light leading-4 tracking-wider text-subtle desktop:tracking-wide"
                >
                  <span>
                    Horror
                  </span>
                  <span>
                     | Mystery
                  </span>
                  <span>
                     | Sci-Fi
                  </span>
                </div>
              </div>
            </li>
            <li
              class="relative mb-1 flex flex-col bg-default pt-12 has-[a:hover]:bg-hover has-[a:hover]:shadow-hover tablet:mb-0 tablet:max-w-[47%] tablet:pt-0 desktop:max-w-[31.33%]"
            >
              <div
                class="mx-[8%] mb-6 block tablet:mx-0"
              >
                <img
                  alt=""
                  class="aspect-video h-auto w-full"
                  decoding="async"
                  height="360"
                  loading="lazy"
                  sizes="(min-width: 1800px) 481px, (min-width: 1280px) calc(26vw + 18px), (min-width: 780px) calc(47.08vw - 46px), 83.91vw"
                  src="/_image/?href=%2Fcontent%2Fassets%2Fstills%2Fburial-ground-the-nights-of-terror-1981.png%3ForigWidth%3D2000%26origHeight%3D1125%26origFormat%3Dpng&w=640&h=360&q=80&f=avif"
                  srcset="/_image/?href=%2Fcontent%2Fassets%2Fstills%2Fburial-ground-the-nights-of-terror-1981.png%3ForigWidth%3D2000%26origHeight%3D1125%26origFormat%3Dpng&w=160&h=90&q=80&f=avif 160w, /_image/?href=%2Fcontent%2Fassets%2Fstills%2Fburial-ground-the-nights-of-terror-1981.png%3ForigWidth%3D2000%26origHeight%3D1125%26origFormat%3Dpng&w=320&h=180&q=80&f=avif 320w, /_image/?href=%2Fcontent%2Fassets%2Fstills%2Fburial-ground-the-nights-of-terror-1981.png%3ForigWidth%3D2000%26origHeight%3D1125%26origFormat%3Dpng&w=640&h=360&q=80&f=avif 640w, /_image/?href=%2Fcontent%2Fassets%2Fstills%2Fburial-ground-the-nights-of-terror-1981.png%3ForigWidth%3D2000%26origHeight%3D1125%26origFormat%3Dpng&w=1280&h=720&q=80&f=avif 1280w"
                  width="640"
                />
              </div>
              <div
                class="flex grow flex-col px-[8%] pb-8 desktop:pl-[8.5%] desktop:pr-[10%]"
              >
                <div
                  class="mb-3 font-sans text-xxs font-light uppercase leading-4 tracking-wider text-subtle desktop:tracking-wide"
                >
                  23 May 2024
                </div>
                <a
                  class="mb-3 block text-2.5xl font-medium leading-7 before:absolute before:inset-x-[8%] before:top-12 before:aspect-video before:bg-default before:opacity-15 after:absolute after:left-0 after:top-0 after:z-10 after:size-full hover:text-accent hover:before:opacity-0 tablet:before:inset-x-0 tablet:before:top-0"
                  href="/reviews/burial-ground-the-nights-of-terror-1981/"
                >
                  Burial Ground: The Nights of Terror 
                  <span
                    class="text-sm font-normal leading-none text-muted"
                  >
                    1981
                  </span>
                </a>
                <picture>
                  <source
                    media="(prefers-color-scheme: dark)"
                    srcset="/svg/3-stars-dark.svg"
                  />
                  <img
                    alt="C: 3 stars (out of 5)"
                    class="mb-5 tablet:mb-8"
                    height="24"
                    src="/svg/3-stars.svg"
                    width="120"
                  />
                </picture>
                <div
                  class="rendered-markdown mb-6 text-lg leading-normal tracking-prose text-muted"
                >
                  <p>
                    Teamwork wins. That’s the takeaway from 
                    <em>
                      Burial Ground
                    </em>
                    , an Italian zombie horror that packs just enough originality to set itself above the mass of 
                    <span
                      data-imdb-id="tt0080057"
                    >
                      <em>
                        Zombie
                      </em>
                    </span>
                     knock-offs.
                  </p>
                </div>
                <div
                  class="mt-auto font-sans text-xxs font-light leading-4 tracking-wider text-subtle desktop:tracking-wide"
                >
                  <span>
                    Horror
                  </span>
                </div>
              </div>
            </li>
            <li
              class="relative mb-1 flex flex-col bg-default pt-12 has-[a:hover]:bg-hover has-[a:hover]:shadow-hover tablet:mb-0 tablet:max-w-[47%] tablet:pt-0 desktop:max-w-[31.33%]"
            >
              <div
                class="mx-[8%] mb-6 block tablet:mx-0"
              >
                <img
                  alt=""
                  class="aspect-video h-auto w-full"
                  decoding="async"
                  height="360"
                  loading="lazy"
                  sizes="(min-width: 1800px) 481px, (min-width: 1280px) calc(26vw + 18px), (min-width: 780px) calc(47.08vw - 46px), 83.91vw"
                  src="/_image/?href=%2Fcontent%2Fassets%2Fstills%2Flucifers-women-1974.png%3ForigWidth%3D2000%26origHeight%3D1125%26origFormat%3Dpng&w=640&h=360&q=80&f=avif"
                  srcset="/_image/?href=%2Fcontent%2Fassets%2Fstills%2Flucifers-women-1974.png%3ForigWidth%3D2000%26origHeight%3D1125%26origFormat%3Dpng&w=160&h=90&q=80&f=avif 160w, /_image/?href=%2Fcontent%2Fassets%2Fstills%2Flucifers-women-1974.png%3ForigWidth%3D2000%26origHeight%3D1125%26origFormat%3Dpng&w=320&h=180&q=80&f=avif 320w, /_image/?href=%2Fcontent%2Fassets%2Fstills%2Flucifers-women-1974.png%3ForigWidth%3D2000%26origHeight%3D1125%26origFormat%3Dpng&w=640&h=360&q=80&f=avif 640w, /_image/?href=%2Fcontent%2Fassets%2Fstills%2Flucifers-women-1974.png%3ForigWidth%3D2000%26origHeight%3D1125%26origFormat%3Dpng&w=1280&h=720&q=80&f=avif 1280w"
                  width="640"
                />
              </div>
              <div
                class="flex grow flex-col px-[8%] pb-8 desktop:pl-[8.5%] desktop:pr-[10%]"
              >
                <div
                  class="mb-3 font-sans text-xxs font-light uppercase leading-4 tracking-wider text-subtle desktop:tracking-wide"
                >
                  15 May 2024
                </div>
                <a
                  class="mb-3 block text-2.5xl font-medium leading-7 before:absolute before:inset-x-[8%] before:top-12 before:aspect-video before:bg-default before:opacity-15 after:absolute after:left-0 after:top-0 after:z-10 after:size-full hover:text-accent hover:before:opacity-0 tablet:before:inset-x-0 tablet:before:top-0"
                  href="/reviews/lucifers-women-1974/"
                >
                  Lucifer's Women 
                  <span
                    class="text-sm font-normal leading-none text-muted"
                  >
                    1974
                  </span>
                </a>
                <picture>
                  <source
                    media="(prefers-color-scheme: dark)"
                    srcset="/svg/2-stars-dark.svg"
                  />
                  <img
                    alt="D: 2 stars (out of 5)"
                    class="mb-5 tablet:mb-8"
                    height="24"
                    src="/svg/2-stars.svg"
                    width="120"
                  />
                </picture>
                <div
                  class="rendered-markdown mb-6 text-lg leading-normal tracking-prose text-muted"
                >
                  <p>
                    I watched 
                    <em>
                      Lucifer’s Women
                    </em>
                     after seeing the trailer during Alamo Drafthouse’s 
                    <em>
                      Railway to Hell
                    </em>
                     marathon. The trailer paints it as a satanic shocker, but it proves more of a sleazy riff on the Svengali story.
                  </p>
                </div>
                <div
                  class="mt-auto font-sans text-xxs font-light leading-4 tracking-wider text-subtle desktop:tracking-wide"
                >
                  <span>
                    Horror
                  </span>
                </div>
              </div>
            </li>
            <li
              class="relative mb-1 flex flex-col bg-default pt-12 has-[a:hover]:bg-hover has-[a:hover]:shadow-hover tablet:mb-0 tablet:max-w-[47%] tablet:pt-0 desktop:max-w-[31.33%]"
            >
              <div
                class="mx-[8%] mb-6 block tablet:mx-0"
              >
                <img
                  alt=""
                  class="aspect-video h-auto w-full"
                  decoding="async"
                  height="360"
                  loading="lazy"
                  sizes="(min-width: 1800px) 481px, (min-width: 1280px) calc(26vw + 18px), (min-width: 780px) calc(47.08vw - 46px), 83.91vw"
                  src="/_image/?href=%2Fcontent%2Fassets%2Fstills%2Fbeyond-the-door-iii-1989.png%3ForigWidth%3D2000%26origHeight%3D1125%26origFormat%3Dpng&w=640&h=360&q=80&f=avif"
                  srcset="/_image/?href=%2Fcontent%2Fassets%2Fstills%2Fbeyond-the-door-iii-1989.png%3ForigWidth%3D2000%26origHeight%3D1125%26origFormat%3Dpng&w=160&h=90&q=80&f=avif 160w, /_image/?href=%2Fcontent%2Fassets%2Fstills%2Fbeyond-the-door-iii-1989.png%3ForigWidth%3D2000%26origHeight%3D1125%26origFormat%3Dpng&w=320&h=180&q=80&f=avif 320w, /_image/?href=%2Fcontent%2Fassets%2Fstills%2Fbeyond-the-door-iii-1989.png%3ForigWidth%3D2000%26origHeight%3D1125%26origFormat%3Dpng&w=640&h=360&q=80&f=avif 640w, /_image/?href=%2Fcontent%2Fassets%2Fstills%2Fbeyond-the-door-iii-1989.png%3ForigWidth%3D2000%26origHeight%3D1125%26origFormat%3Dpng&w=1280&h=720&q=80&f=avif 1280w"
                  width="640"
                />
              </div>
              <div
                class="flex grow flex-col px-[8%] pb-8 desktop:pl-[8.5%] desktop:pr-[10%]"
              >
                <div
                  class="mb-3 font-sans text-xxs font-light uppercase leading-4 tracking-wider text-subtle desktop:tracking-wide"
                >
                  27 Apr 2024
                </div>
                <a
                  class="mb-3 block text-2.5xl font-medium leading-7 before:absolute before:inset-x-[8%] before:top-12 before:aspect-video before:bg-default before:opacity-15 after:absolute after:left-0 after:top-0 after:z-10 after:size-full hover:text-accent hover:before:opacity-0 tablet:before:inset-x-0 tablet:before:top-0"
                  href="/reviews/beyond-the-door-iii-1989/"
                >
                  Beyond the Door III 
                  <span
                    class="text-sm font-normal leading-none text-muted"
                  >
                    1989
                  </span>
                </a>
                <picture>
                  <source
                    media="(prefers-color-scheme: dark)"
                    srcset="/svg/3-half-stars-dark.svg"
                  />
                  <img
                    alt="B-: 3.5 stars (out of 5)"
                    class="mb-5 tablet:mb-8"
                    height="24"
                    src="/svg/3-half-stars.svg"
                    width="120"
                  />
                </picture>
                <div
                  class="rendered-markdown mb-6 text-lg leading-normal tracking-prose text-muted"
                >
                  <p>
                    Bonkers in the best way possible.
                  </p>
                </div>
                <div
                  class="mt-auto font-sans text-xxs font-light leading-4 tracking-wider text-subtle desktop:tracking-wide"
                >
                  <span>
                    Drama
                  </span>
                  <span>
                     | Fantasy
                  </span>
                  <span>
                     | Horror
                  </span>
                </div>
              </div>
            </li>
            <li
              class="relative mb-1 flex flex-col bg-default pt-12 has-[a:hover]:bg-hover has-[a:hover]:shadow-hover tablet:mb-0 tablet:max-w-[47%] tablet:pt-0 desktop:max-w-[31.33%]"
            >
              <div
                class="mx-[8%] mb-6 block tablet:mx-0"
              >
                <img
                  alt=""
                  class="aspect-video h-auto w-full"
                  decoding="async"
                  height="360"
                  loading="lazy"
                  sizes="(min-width: 1800px) 481px, (min-width: 1280px) calc(26vw + 18px), (min-width: 780px) calc(47.08vw - 46px), 83.91vw"
                  src="/_image/?href=%2Fcontent%2Fassets%2Fstills%2Fthe-midnight-meat-train-2008.png%3ForigWidth%3D2000%26origHeight%3D1125%26origFormat%3Dpng&w=640&h=360&q=80&f=avif"
                  srcset="/_image/?href=%2Fcontent%2Fassets%2Fstills%2Fthe-midnight-meat-train-2008.png%3ForigWidth%3D2000%26origHeight%3D1125%26origFormat%3Dpng&w=160&h=90&q=80&f=avif 160w, /_image/?href=%2Fcontent%2Fassets%2Fstills%2Fthe-midnight-meat-train-2008.png%3ForigWidth%3D2000%26origHeight%3D1125%26origFormat%3Dpng&w=320&h=180&q=80&f=avif 320w, /_image/?href=%2Fcontent%2Fassets%2Fstills%2Fthe-midnight-meat-train-2008.png%3ForigWidth%3D2000%26origHeight%3D1125%26origFormat%3Dpng&w=640&h=360&q=80&f=avif 640w, /_image/?href=%2Fcontent%2Fassets%2Fstills%2Fthe-midnight-meat-train-2008.png%3ForigWidth%3D2000%26origHeight%3D1125%26origFormat%3Dpng&w=1280&h=720&q=80&f=avif 1280w"
                  width="640"
                />
              </div>
              <div
                class="flex grow flex-col px-[8%] pb-8 desktop:pl-[8.5%] desktop:pr-[10%]"
              >
                <div
                  class="mb-3 font-sans text-xxs font-light uppercase leading-4 tracking-wider text-subtle desktop:tracking-wide"
                >
                  27 Apr 2024
                </div>
                <a
                  class="mb-3 block text-2.5xl font-medium leading-7 before:absolute before:inset-x-[8%] before:top-12 before:aspect-video before:bg-default before:opacity-15 after:absolute after:left-0 after:top-0 after:z-10 after:size-full hover:text-accent hover:before:opacity-0 tablet:before:inset-x-0 tablet:before:top-0"
                  href="/reviews/the-midnight-meat-train-2008/"
                >
                  The Midnight Meat Train 
                  <span
                    class="text-sm font-normal leading-none text-muted"
                  >
                    2008
                  </span>
                </a>
                <picture>
                  <source
                    media="(prefers-color-scheme: dark)"
                    srcset="/svg/2-stars-dark.svg"
                  />
                  <img
                    alt="D: 2 stars (out of 5)"
                    class="mb-5 tablet:mb-8"
                    height="24"
                    src="/svg/2-stars.svg"
                    width="120"
                  />
                </picture>
                <div
                  class="rendered-markdown mb-6 text-lg leading-normal tracking-prose text-muted"
                >
                  <p>
                    Sometimes, frustrating films are worse than bad ones. Such is the case with 
                    <em>
                      The Midnight Meat Train
                    </em>
                    .
                  </p>
                </div>
                <div
                  class="mt-auto font-sans text-xxs font-light leading-4 tracking-wider text-subtle desktop:tracking-wide"
                >
                  <span>
                    Horror
                  </span>
                  <span>
                     | Mystery
                  </span>
                  <span>
                     | Thriller
                  </span>
                </div>
              </div>
            </li>
            <li
              class="relative mb-1 flex flex-col bg-default pt-12 has-[a:hover]:bg-hover has-[a:hover]:shadow-hover tablet:mb-0 tablet:max-w-[47%] tablet:pt-0 desktop:max-w-[31.33%]"
            >
              <div
                class="mx-[8%] mb-6 block tablet:mx-0"
              >
                <img
                  alt=""
                  class="aspect-video h-auto w-full"
                  decoding="async"
                  height="360"
                  loading="lazy"
                  sizes="(min-width: 1800px) 481px, (min-width: 1280px) calc(26vw + 18px), (min-width: 780px) calc(47.08vw - 46px), 83.91vw"
                  src="/_image/?href=%2Fcontent%2Fassets%2Fstills%2Fhorror-express-1972.png%3ForigWidth%3D2000%26origHeight%3D1125%26origFormat%3Dpng&w=640&h=360&q=80&f=avif"
                  srcset="/_image/?href=%2Fcontent%2Fassets%2Fstills%2Fhorror-express-1972.png%3ForigWidth%3D2000%26origHeight%3D1125%26origFormat%3Dpng&w=160&h=90&q=80&f=avif 160w, /_image/?href=%2Fcontent%2Fassets%2Fstills%2Fhorror-express-1972.png%3ForigWidth%3D2000%26origHeight%3D1125%26origFormat%3Dpng&w=320&h=180&q=80&f=avif 320w, /_image/?href=%2Fcontent%2Fassets%2Fstills%2Fhorror-express-1972.png%3ForigWidth%3D2000%26origHeight%3D1125%26origFormat%3Dpng&w=640&h=360&q=80&f=avif 640w, /_image/?href=%2Fcontent%2Fassets%2Fstills%2Fhorror-express-1972.png%3ForigWidth%3D2000%26origHeight%3D1125%26origFormat%3Dpng&w=1280&h=720&q=80&f=avif 1280w"
                  width="640"
                />
              </div>
              <div
                class="flex grow flex-col px-[8%] pb-8 desktop:pl-[8.5%] desktop:pr-[10%]"
              >
                <div
                  class="mb-3 font-sans text-xxs font-light uppercase leading-4 tracking-wider text-subtle desktop:tracking-wide"
                >
                  27 Apr 2024
                </div>
                <a
                  class="mb-3 block text-2.5xl font-medium leading-7 before:absolute before:inset-x-[8%] before:top-12 before:aspect-video before:bg-default before:opacity-15 after:absolute after:left-0 after:top-0 after:z-10 after:size-full hover:text-accent hover:before:opacity-0 tablet:before:inset-x-0 tablet:before:top-0"
                  href="/reviews/horror-express-1972/"
                >
                  Horror Express 
                  <span
                    class="text-sm font-normal leading-none text-muted"
                  >
                    1972
                  </span>
                </a>
                <picture>
                  <source
                    media="(prefers-color-scheme: dark)"
                    srcset="/svg/2-stars-dark.svg"
                  />
                  <img
                    alt="D+: 2 stars (out of 5)"
                    class="mb-5 tablet:mb-8"
                    height="24"
                    src="/svg/2-stars.svg"
                    width="120"
                  />
                </picture>
                <div
                  class="rendered-markdown mb-6 text-lg leading-normal tracking-prose text-muted"
                >
                  <p>
                    <em>
                      Horror Express
                    </em>
                     may be flawed, but the production, performances, and novelty of genre icons Peter Cushing and Christopher Lee working as allies make it hard to resist.
                  </p>
                </div>
                <div
                  class="mt-auto font-sans text-xxs font-light leading-4 tracking-wider text-subtle desktop:tracking-wide"
                >
                  <span>
                    Adventure
                  </span>
                  <span>
                     | Horror
                  </span>
                  <span>
                     | Sci-Fi
                  </span>
                  <span>
                     | Thriller
                  </span>
                </div>
              </div>
            </li>
            <li
              class="relative mb-1 flex flex-col bg-default pt-12 has-[a:hover]:bg-hover has-[a:hover]:shadow-hover tablet:mb-0 tablet:max-w-[47%] tablet:pt-0 desktop:max-w-[31.33%]"
            >
              <div
                class="mx-[8%] mb-6 block tablet:mx-0"
              >
                <img
                  alt=""
                  class="aspect-video h-auto w-full"
                  decoding="async"
                  height="360"
                  loading="lazy"
                  sizes="(min-width: 1800px) 481px, (min-width: 1280px) calc(26vw + 18px), (min-width: 780px) calc(47.08vw - 46px), 83.91vw"
                  src="/_image/?href=%2Fcontent%2Fassets%2Fstills%2Fnight-train-to-terror-1985.png%3ForigWidth%3D2000%26origHeight%3D1125%26origFormat%3Dpng&w=640&h=360&q=80&f=avif"
                  srcset="/_image/?href=%2Fcontent%2Fassets%2Fstills%2Fnight-train-to-terror-1985.png%3ForigWidth%3D2000%26origHeight%3D1125%26origFormat%3Dpng&w=160&h=90&q=80&f=avif 160w, /_image/?href=%2Fcontent%2Fassets%2Fstills%2Fnight-train-to-terror-1985.png%3ForigWidth%3D2000%26origHeight%3D1125%26origFormat%3Dpng&w=320&h=180&q=80&f=avif 320w, /_image/?href=%2Fcontent%2Fassets%2Fstills%2Fnight-train-to-terror-1985.png%3ForigWidth%3D2000%26origHeight%3D1125%26origFormat%3Dpng&w=640&h=360&q=80&f=avif 640w, /_image/?href=%2Fcontent%2Fassets%2Fstills%2Fnight-train-to-terror-1985.png%3ForigWidth%3D2000%26origHeight%3D1125%26origFormat%3Dpng&w=1280&h=720&q=80&f=avif 1280w"
                  width="640"
                />
              </div>
              <div
                class="flex grow flex-col px-[8%] pb-8 desktop:pl-[8.5%] desktop:pr-[10%]"
              >
                <div
                  class="mb-3 font-sans text-xxs font-light uppercase leading-4 tracking-wider text-subtle desktop:tracking-wide"
                >
                  27 Apr 2024
                </div>
                <a
                  class="mb-3 block text-2.5xl font-medium leading-7 before:absolute before:inset-x-[8%] before:top-12 before:aspect-video before:bg-default before:opacity-15 after:absolute after:left-0 after:top-0 after:z-10 after:size-full hover:text-accent hover:before:opacity-0 tablet:before:inset-x-0 tablet:before:top-0"
                  href="/reviews/night-train-to-terror-1985/"
                >
                  Night Train to Terror 
                  <span
                    class="text-sm font-normal leading-none text-muted"
                  >
                    1985
                  </span>
                </a>
                <picture>
                  <source
                    media="(prefers-color-scheme: dark)"
                    srcset="/svg/3-stars-dark.svg"
                  />
                  <img
                    alt="C: 3 stars (out of 5)"
                    class="mb-5 tablet:mb-8"
                    height="24"
                    src="/svg/3-stars.svg"
                    width="120"
                  />
                </picture>
                <div
                  class="rendered-markdown mb-6 text-lg leading-normal tracking-prose text-muted"
                >
                  <p>
                    For an anthology comprising three unrelated low-budget horror features cut to half or a third of their running time and book-ended by God and Satan riding a train to Las Vegas with an 80s teen pop-rock band, 
                    <em>
                      Night Train to Terror
                    </em>
                     is better than you’d expect.
                  </p>
                </div>
                <div
                  class="mt-auto font-sans text-xxs font-light leading-4 tracking-wider text-subtle desktop:tracking-wide"
                >
                  <span>
                    Drama
                  </span>
                  <span>
                     | Fantasy
                  </span>
                  <span>
                     | Horror
                  </span>
                  <span>
                     | Mystery
                  </span>
                  <span>
                     | Thriller
                  </span>
                </div>
              </div>
            </li>
            <li
              class="relative mb-1 flex flex-col bg-default pt-12 has-[a:hover]:bg-hover has-[a:hover]:shadow-hover tablet:mb-0 tablet:max-w-[47%] tablet:pt-0 desktop:max-w-[31.33%]"
            >
              <div
                class="mx-[8%] mb-6 block tablet:mx-0"
              >
                <img
                  alt=""
                  class="aspect-video h-auto w-full"
                  decoding="async"
                  height="360"
                  loading="lazy"
                  sizes="(min-width: 1800px) 481px, (min-width: 1280px) calc(26vw + 18px), (min-width: 780px) calc(47.08vw - 46px), 83.91vw"
                  src="/_image/?href=%2Fcontent%2Fassets%2Fstills%2Fhuman-lanterns-1982.png%3ForigWidth%3D2000%26origHeight%3D1125%26origFormat%3Dpng&w=640&h=360&q=80&f=avif"
                  srcset="/_image/?href=%2Fcontent%2Fassets%2Fstills%2Fhuman-lanterns-1982.png%3ForigWidth%3D2000%26origHeight%3D1125%26origFormat%3Dpng&w=160&h=90&q=80&f=avif 160w, /_image/?href=%2Fcontent%2Fassets%2Fstills%2Fhuman-lanterns-1982.png%3ForigWidth%3D2000%26origHeight%3D1125%26origFormat%3Dpng&w=320&h=180&q=80&f=avif 320w, /_image/?href=%2Fcontent%2Fassets%2Fstills%2Fhuman-lanterns-1982.png%3ForigWidth%3D2000%26origHeight%3D1125%26origFormat%3Dpng&w=640&h=360&q=80&f=avif 640w, /_image/?href=%2Fcontent%2Fassets%2Fstills%2Fhuman-lanterns-1982.png%3ForigWidth%3D2000%26origHeight%3D1125%26origFormat%3Dpng&w=1280&h=720&q=80&f=avif 1280w"
                  width="640"
                />
              </div>
              <div
                class="flex grow flex-col px-[8%] pb-8 desktop:pl-[8.5%] desktop:pr-[10%]"
              >
                <div
                  class="mb-3 font-sans text-xxs font-light uppercase leading-4 tracking-wider text-subtle desktop:tracking-wide"
                >
                  24 Apr 2024
                </div>
                <a
                  class="mb-3 block text-2.5xl font-medium leading-7 before:absolute before:inset-x-[8%] before:top-12 before:aspect-video before:bg-default before:opacity-15 after:absolute after:left-0 after:top-0 after:z-10 after:size-full hover:text-accent hover:before:opacity-0 tablet:before:inset-x-0 tablet:before:top-0"
                  href="/reviews/human-lanterns-1982/"
                >
                  Human Lanterns 
                  <span
                    class="text-sm font-normal leading-none text-muted"
                  >
                    1982
                  </span>
                </a>
                <picture>
                  <source
                    media="(prefers-color-scheme: dark)"
                    srcset="/svg/3-stars-dark.svg"
                  />
                  <img
                    alt="C: 3 stars (out of 5)"
                    class="mb-5 tablet:mb-8"
                    height="24"
                    src="/svg/3-stars.svg"
                    width="120"
                  />
                </picture>
                <div
                  class="rendered-markdown mb-6 text-lg leading-normal tracking-prose text-muted"
                >
                  <p>
                    <em>
                      Human Lanterns
                    </em>
                     may not be a great martial arts movie or a great horror movie, but it proves an intriguing bridge for Shaw Brothers productions. A transitional piece between the straightforward kung-fu actioners like 
                    <span
                      data-imdb-id="tt0077559"
                    >
                      <em>
                        The Five Deadly Venoms
                      </em>
                    </span>
                     that launched the studio to worldwide recognition, and the more overt horrors like 
                    <span
                      data-imdb-id="tt0085951"
                    >
                      <em>
                        The Boxer’s Omen
                      </em>
                    </span>
                     that saw the studio trying to adjust to changing audience tastes.
                  </p>
                </div>
                <div
                  class="mt-auto font-sans text-xxs font-light leading-4 tracking-wider text-subtle desktop:tracking-wide"
                >
                  <span>
                    Horror
                  </span>
                  <span>
                     | Action
                  </span>
                </div>
              </div>
            </li>
            <li
              class="relative mb-1 flex flex-col bg-default pt-12 has-[a:hover]:bg-hover has-[a:hover]:shadow-hover tablet:mb-0 tablet:max-w-[47%] tablet:pt-0 desktop:max-w-[31.33%]"
            >
              <div
                class="mx-[8%] mb-6 block tablet:mx-0"
              >
                <img
                  alt=""
                  class="aspect-video h-auto w-full"
                  decoding="async"
                  height="360"
                  loading="lazy"
                  sizes="(min-width: 1800px) 481px, (min-width: 1280px) calc(26vw + 18px), (min-width: 780px) calc(47.08vw - 46px), 83.91vw"
                  src="/_image/?href=%2Fcontent%2Fassets%2Fstills%2Fninja-in-the-dragons-den-1982.png%3ForigWidth%3D2000%26origHeight%3D1125%26origFormat%3Dpng&w=640&h=360&q=80&f=avif"
                  srcset="/_image/?href=%2Fcontent%2Fassets%2Fstills%2Fninja-in-the-dragons-den-1982.png%3ForigWidth%3D2000%26origHeight%3D1125%26origFormat%3Dpng&w=160&h=90&q=80&f=avif 160w, /_image/?href=%2Fcontent%2Fassets%2Fstills%2Fninja-in-the-dragons-den-1982.png%3ForigWidth%3D2000%26origHeight%3D1125%26origFormat%3Dpng&w=320&h=180&q=80&f=avif 320w, /_image/?href=%2Fcontent%2Fassets%2Fstills%2Fninja-in-the-dragons-den-1982.png%3ForigWidth%3D2000%26origHeight%3D1125%26origFormat%3Dpng&w=640&h=360&q=80&f=avif 640w, /_image/?href=%2Fcontent%2Fassets%2Fstills%2Fninja-in-the-dragons-den-1982.png%3ForigWidth%3D2000%26origHeight%3D1125%26origFormat%3Dpng&w=1280&h=720&q=80&f=avif 1280w"
                  width="640"
                />
              </div>
              <div
                class="flex grow flex-col px-[8%] pb-8 desktop:pl-[8.5%] desktop:pr-[10%]"
              >
                <div
                  class="mb-3 font-sans text-xxs font-light uppercase leading-4 tracking-wider text-subtle desktop:tracking-wide"
                >
                  24 Apr 2024
                </div>
                <a
                  class="mb-3 block text-2.5xl font-medium leading-7 before:absolute before:inset-x-[8%] before:top-12 before:aspect-video before:bg-default before:opacity-15 after:absolute after:left-0 after:top-0 after:z-10 after:size-full hover:text-accent hover:before:opacity-0 tablet:before:inset-x-0 tablet:before:top-0"
                  href="/reviews/ninja-in-the-dragons-den-1982/"
                >
                  Ninja in the Dragon's Den 
                  <span
                    class="text-sm font-normal leading-none text-muted"
                  >
                    1982
                  </span>
                </a>
                <picture>
                  <source
                    media="(prefers-color-scheme: dark)"
                    srcset="/svg/4-stars-dark.svg"
                  />
                  <img
                    alt="B: 4 stars (out of 5)"
                    class="mb-5 tablet:mb-8"
                    height="24"
                    src="/svg/4-stars.svg"
                    width="120"
                  />
                </picture>
                <div
                  class="rendered-markdown mb-6 text-lg leading-normal tracking-prose text-muted"
                >
                  <p>
                    The overarching plot of 
                    <em>
                      Ninja in the Dragon’s Den
                    </em>
                     concerns a rogue ninja, played Hiroyuki Sanada, who travels to China seeking vengeance, but finds his target protected by a hot-shot young kung-fu master played by Conan Lee. But tight plotting is not the film’s strong suit, it’s bone-crunching stunts and action sequences.
                  </p>
                </div>
                <div
                  class="mt-auto font-sans text-xxs font-light leading-4 tracking-wider text-subtle desktop:tracking-wide"
                >
                  <span>
                    Action
                  </span>
                  <span>
                     | Comedy
                  </span>
                </div>
              </div>
            </li>
            <li
              class="relative mb-1 flex flex-col bg-default pt-12 has-[a:hover]:bg-hover has-[a:hover]:shadow-hover tablet:mb-0 tablet:max-w-[47%] tablet:pt-0 desktop:max-w-[31.33%]"
            >
              <div
                class="mx-[8%] mb-6 block tablet:mx-0"
              >
                <img
                  alt=""
                  class="aspect-video h-auto w-full"
                  decoding="async"
                  height="360"
                  loading="lazy"
                  sizes="(min-width: 1800px) 481px, (min-width: 1280px) calc(26vw + 18px), (min-width: 780px) calc(47.08vw - 46px), 83.91vw"
                  src="/_image/?href=%2Fcontent%2Fassets%2Fstills%2Fmandy-2018.png%3ForigWidth%3D2000%26origHeight%3D1125%26origFormat%3Dpng&w=640&h=360&q=80&f=avif"
                  srcset="/_image/?href=%2Fcontent%2Fassets%2Fstills%2Fmandy-2018.png%3ForigWidth%3D2000%26origHeight%3D1125%26origFormat%3Dpng&w=160&h=90&q=80&f=avif 160w, /_image/?href=%2Fcontent%2Fassets%2Fstills%2Fmandy-2018.png%3ForigWidth%3D2000%26origHeight%3D1125%26origFormat%3Dpng&w=320&h=180&q=80&f=avif 320w, /_image/?href=%2Fcontent%2Fassets%2Fstills%2Fmandy-2018.png%3ForigWidth%3D2000%26origHeight%3D1125%26origFormat%3Dpng&w=640&h=360&q=80&f=avif 640w, /_image/?href=%2Fcontent%2Fassets%2Fstills%2Fmandy-2018.png%3ForigWidth%3D2000%26origHeight%3D1125%26origFormat%3Dpng&w=1280&h=720&q=80&f=avif 1280w"
                  width="640"
                />
              </div>
              <div
                class="flex grow flex-col px-[8%] pb-8 desktop:pl-[8.5%] desktop:pr-[10%]"
              >
                <div
                  class="mb-3 font-sans text-xxs font-light uppercase leading-4 tracking-wider text-subtle desktop:tracking-wide"
                >
                  13 Apr 2024
                </div>
                <a
                  class="mb-3 block text-2.5xl font-medium leading-7 before:absolute before:inset-x-[8%] before:top-12 before:aspect-video before:bg-default before:opacity-15 after:absolute after:left-0 after:top-0 after:z-10 after:size-full hover:text-accent hover:before:opacity-0 tablet:before:inset-x-0 tablet:before:top-0"
                  href="/reviews/mandy-2018/"
                >
                  Mandy 
                  <span
                    class="text-sm font-normal leading-none text-muted"
                  >
                    2018
                  </span>
                </a>
                <picture>
                  <source
                    media="(prefers-color-scheme: dark)"
                    srcset="/svg/5-stars-dark.svg"
                  />
                  <img
                    alt="A+: 5 stars (out of 5)"
                    class="mb-5 tablet:mb-8"
                    height="24"
                    src="/svg/5-stars.svg"
                    width="120"
                  />
                </picture>
                <div
                  class="rendered-markdown mb-6 text-lg leading-normal tracking-prose text-muted"
                >
                  <p>
                    Saying 
                    <em>
                      Mandy
                    </em>
                     is about a man who exacts revenge on the Manson-like cult that murdered his girlfriend is like saying 
                    <span
                      data-imdb-id="tt0266697"
                    >
                      <em>
                        Kill Bill
                      </em>
                    </span>
                     is about a woman exacting revenge on her boss after he kills her husband. Explaining the plot provides no sense of the viewing experience.
                  </p>
                </div>
                <div
                  class="mt-auto font-sans text-xxs font-light leading-4 tracking-wider text-subtle desktop:tracking-wide"
                >
                  <span>
                    Action
                  </span>
                  <span>
                     | Fantasy
                  </span>
                  <span>
                     | Horror
                  </span>
                </div>
              </div>
            </li>
          </ul>
          <div
            class="flex px-container py-10"
          >
            <a
              class="mx-auto w-full max-w-button bg-default py-5 text-center font-sans text-xs font-semibold uppercase tracking-wide text-accent hover:bg-accent hover:text-inverse"
              href="/reviews/"
            >
              All Reviews
            </a>
          </div>
        </nav>
      </main>
      <footer
        class="bg-footer text-inverse"
      >
        <div
          class="mx-auto max-w-screen-max px-container py-20"
        >
          <div
            class="flex w-full flex-col tablet:flex-row-reverse tablet:justify-between"
          >
            <a
              class="mx-auto mb-8 w-full max-w-button bg-canvas py-5 text-center font-sans text-xs uppercase tracking-wide text-default hover:bg-inverse hover:text-inverse tablet:mx-0"
              href="#top"
            >
              To the top
            </a>
            <div
              class="flex flex-col"
            >
              <div
                class="whitespace-nowrap text-[1.375rem] font-normal leading-8 tablet:text-[1.5625rem]"
              >
                <a
                  href="/"
                >
                  Frank's Movie Log
                </a>
              </div>
              <p
                class="w-full pl-px text-sm italic leading-4 opacity-85"
              >
                by Frank Showalter
              </p>
            </div>
          </div>
          <div
            class="justify-between tablet:flex"
          >
            <div
              class="flex max-w-prose flex-col pb-12 tablet:pr-32"
            >
              <div
                class="footer-text pt-10 font-sans text-base font-light text-inverse-subtle"
              >
                <p>
                  Hi there, I'm Frank, a husband and father old enough to have sat wide-eyed during 
                  <em>
                    E.T
                  </em>
                  's first theatrical run, I've been watching, absorbing, and dissecting films ever since.
                </p>
                <p>
                  This site began in 2003 when I realized two things: I had become the designated “movie guy” among my friends (you know, the one everyone asks about every new release), and I was frequently experiencing the peculiar déjà vu of realizing, halfway through a film, that I'd already seen it. Clearly, I needed a system.
                </p>
                <p>
                  What began as personal record-keeping evolved into this little corner of the internet where I share my thoughts on everything from blockbusters to obscure indies that deserved better.
                </p>
                <p>
                  New visitors might want to start by reading about 
                  <a
                    href="/how-i-grade/"
                  >
                    how I grade
                  </a>
                   films. After that, feel free to browse my 
                  <a
                    href="/reviews/"
                  >
                    reviews
                  </a>
                  . If you're looking for something that flew under the radar but deserves your attention, I recommend my 
                  <a
                    href="/reviews/underseen/"
                  >
                    underseen gems
                  </a>
                   section. Or, for those moments when you want to feel righteously contrarian, I maintain an list of 
                  <a
                    href="/reviews/overrated/"
                  >
                    overrated disappointments
                  </a>
                  .
                </p>
                <p>
                  I also keep a 
                  <a
                    href="/viewings/"
                  >
                    viewing log
                  </a>
                   that tracks everything I watch, whether it gets a full review or not, complete with 
                  <a
                    href="/viewings/stats/"
                  >
                    stats
                  </a>
                  . In an age of endless content, sometimes the act of remembering what we've seen becomes as important as the seeing itself.
                </p>
                <p>
                  And finally, if you're curious about what's on my critical horizon, my 
                  <a
                    href="/watchlist/"
                  >
                    watchlist
                  </a>
                   details the films I plan to review and why they've caught my interest.
                </p>
                <p>
                  In an era of algorithmic recommendations and corporate marketing machines, consider this site a human alternative—one person's attempt to catalog the vast ocean of cinema and maybe help a few fellow travelers along the way.
                </p>
              </div>
            </div>
            <div
              class="flex grow-0 flex-col gap-20 pb-20 pt-10 tablet:basis-[430px] tablet:pr-10"
            >
              <ul
                class="flex w-full flex-col gap-y-10 text-inverse max:w-auto"
              >
                <li
                  class="block w-1/2 whitespace-nowrap text-2xl"
                >
                  <a
                    class="hover:text-accent"
                    href="/"
                  >
                    Home
                  </a>
                </li>
                <li
                  class="block w-1/2 whitespace-nowrap text-2xl"
                >
                  <a
                    class="hover:text-accent"
                    href="/how-i-grade/"
                  >
                    How I Grade
                  </a>
                </li>
                <li
                  class="block w-1/2 whitespace-nowrap text-2xl"
                >
                  <a
                    class="hover:text-accent"
                    href="/reviews/"
                  >
                    Reviews
                  </a>
                  <ol
                    class="mt-4"
                  >
                    <li
                      class="mb-4 ml-1 font-sans text-xs uppercase tracking-wide text-inverse-subtle last:mb-0"
                    >
                      <a
                        class="hover:text-inverse"
                        href="/cast-and-crew/"
                      >
                        Cast & Crew
                      </a>
                    </li>
                    <li
                      class="mb-4 ml-1 font-sans text-xs uppercase tracking-wide text-inverse-subtle last:mb-0"
                    >
                      <a
                        class="hover:text-inverse"
                        href="/collections/"
                      >
                        Collections
                      </a>
                    </li>
                    <li
                      class="mb-4 ml-1 font-sans text-xs uppercase tracking-wide text-inverse-subtle last:mb-0"
                    >
                      <a
                        class="hover:text-inverse"
                        href="/reviews/overrated/"
                      >
                        Overrated
                      </a>
                    </li>
                    <li
                      class="mb-4 ml-1 font-sans text-xs uppercase tracking-wide text-inverse-subtle last:mb-0"
                    >
                      <a
                        class="hover:text-inverse"
                        href="/reviews/underrated/"
                      >
                        Underrated
                      </a>
                    </li>
                    <li
                      class="mb-4 ml-1 font-sans text-xs uppercase tracking-wide text-inverse-subtle last:mb-0"
                    >
                      <a
                        class="hover:text-inverse"
                        href="/reviews/underseen/"
                      >
                        Underseen
                      </a>
                    </li>
                  </ol>
                </li>
                <li
                  class="block w-1/2 whitespace-nowrap text-2xl"
                >
                  <a
                    class="hover:text-accent"
                    href="/viewings/"
                  >
                    Viewing Log
                  </a>
                  <ol
                    class="mt-4"
                  >
                    <li
                      class="mb-4 ml-1 font-sans text-xs uppercase tracking-wide text-inverse-subtle last:mb-0"
                    >
                      <a
                        class="hover:text-inverse"
                        href="/viewings/stats/"
                      >
                        Stats
                      </a>
                    </li>
                  </ol>
                </li>
                <li
                  class="block w-1/2 whitespace-nowrap text-2xl"
                >
                  <a
                    class="hover:text-accent"
                    href="/watchlist/"
                  >
                    Watchlist
                  </a>
                  <ol
                    class="mt-4"
                  >
                    <li
                      class="mb-4 ml-1 font-sans text-xs uppercase tracking-wide text-inverse-subtle last:mb-0"
                    >
                      <a
                        class="hover:text-inverse"
                        href="/watchlist/progress/"
                      >
                        Progress
                      </a>
                    </li>
                  </ol>
                </li>
              </ul>
            </div>
          </div>
        </div>
        <p
          class="w-full bg-canvas px-container py-10 text-center font-normal leading-5 text-default"
        >
          All reviews by Frank Showalter. All images used in accordance with the 
          <a
            class="text-inherit underline decoration-dashed underline-offset-4 hover:bg-default hover:text-default"
            href="http://www.copyright.gov/title17/92chap1.html#107"
            rel="nofollow"
          >
            Fair Use Law
          </a>
          .
        </p>
      </footer>
    </div>
  </div>
</DocumentFragment>
`;
