// Vitest Snapshot v1, https://vitest.dev/guide/snapshot.html

exports[`Home > matches snapshot 1`] = `
<DocumentFragment>
  <div
    class="group"
  >
    <a
      class="
          absolute top-0.5 left-1/2 z-skip-link mx-auto
          [transform:translate(-50%,calc(-100%-2px))]
          bg-subtle px-6 py-2 text-center text-accent
          focus:[transform:translate(-50%,0%)]
        "
      href="#content"
    >
      Skip to content
    </a>
    <div
      class="flex min-h-full w-full flex-col bg-default"
    >
      <header
        class="
        group z-30 flex w-full items-center justify-between px-container py-4
        tablet:py-6
        laptop:inset-x-0 laptop:z-40 laptop:flex-row laptop:flex-wrap
        laptop:px-16 laptop:py-8 laptop:text-left
        
              absolute
              [--mast-color:#fff]
            
        text-(--mast-color)
      "
      >
        <div />
        <div
          class="flex items-center"
        >
          <nav
            class="
            hidden w-full
            laptop:block laptop:w-auto
          "
          >
            <ul
              class="flex flex-wrap justify-start gap-x-6 text-xl"
            >
              <li
                class="
        block leading-10 tracking-serif-wide whitespace-nowrap
        [body.nav-open_&]:opacity-0
      "
              >
                <a
                  class="
          relative block text-inherit
          after:absolute after:bottom-1 after:left-0 after:h-px after:w-full
          after:origin-center after:scale-x-0 after:bg-(--mast-color)/75
          after:transition-transform after:duration-500
          hover:after:scale-x-100
        "
                  href="/"
                  style="text-shadow: 1px 1px 2px black;"
                >
                  Home
                </a>
              </li>
              <li
                class="
        block leading-10 tracking-serif-wide whitespace-nowrap
        [body.nav-open_&]:opacity-0
      "
              >
                <a
                  class="
          relative block text-inherit
          after:absolute after:bottom-1 after:left-0 after:h-px after:w-full
          after:origin-center after:scale-x-0 after:bg-(--mast-color)/75
          after:transition-transform after:duration-500
          hover:after:scale-x-100
        "
                  href="/how-i-grade/"
                  style="text-shadow: 1px 1px 2px black;"
                >
                  How I Grade
                </a>
              </li>
              <li
                class="
        block leading-10 tracking-serif-wide whitespace-nowrap
        [body.nav-open_&]:opacity-0
      "
              >
                <a
                  class="
          relative block text-inherit
          after:absolute after:bottom-1 after:left-0 after:h-px after:w-full
          after:origin-center after:scale-x-0 after:bg-(--mast-color)/75
          after:transition-transform after:duration-500
          hover:after:scale-x-100
        "
                  href="/reviews/"
                  style="text-shadow: 1px 1px 2px black;"
                >
                  Reviews
                </a>
              </li>
              <li
                class="
        block leading-10 tracking-serif-wide whitespace-nowrap
        [body.nav-open_&]:opacity-0
      "
              >
                <a
                  class="
          relative block text-inherit
          after:absolute after:bottom-1 after:left-0 after:h-px after:w-full
          after:origin-center after:scale-x-0 after:bg-(--mast-color)/75
          after:transition-transform after:duration-500
          hover:after:scale-x-100
        "
                  href="/viewings/"
                  style="text-shadow: 1px 1px 2px black;"
                >
                  Viewing Log
                </a>
              </li>
              <li
                class="
        block leading-10 tracking-serif-wide whitespace-nowrap
        [body.nav-open_&]:opacity-0
      "
              >
                <a
                  class="
          relative block text-inherit
          after:absolute after:bottom-1 after:left-0 after:h-px after:w-full
          after:origin-center after:scale-x-0 after:bg-(--mast-color)/75
          after:transition-transform after:duration-500
          hover:after:scale-x-100
        "
                  href="/watchlist/"
                  style="text-shadow: 1px 1px 2px black;"
                >
                  Watchlist
                </a>
              </li>
            </ul>
          </nav>
          <div
            class="
        z-1000
        [body.nav-open_&]:!text-[#fff]
      "
          >
            <button
              aria-keyshortcuts="Control+K"
              aria-label="Search"
              class="
          flex size-10 transform-gpu cursor-pointer items-center justify-center
          overflow-hidden text-sm leading-6 ring-default transition-transform
          hover:scale-105
          laptop:ml-6
        "
              data-open-modal="true"
              disabled=""
              title="Search: Control+K"
              type="button"
            >
              <svg
                aria-hidden="true"
                class="size-7"
                fill="none"
                stroke="currentColor"
                stroke-width="1.5"
                viewBox="0 0 24 24"
                xmlns="http://www.w3.org/2000/svg"
              >
                <path
                  d="m21 21-5.197-5.197m0 0A7.5 7.5 0 1 0 5.196 5.196a7.5 7.5 0 0 0 10.607 10.607Z"
                  stroke-linecap="round"
                  stroke-linejoin="round"
                />
              </svg>
            </button>
          </div>
          <div
            class="
          invisible fixed inset-0 bg-[rgba(0,0,0,.4)] opacity-0
          transition-opacity duration-200
          [body.nav-open_&]:tablet:visible
          [body.nav-open_&]:tablet:z-nav-backdrop
          [body.nav-open_&]:tablet:opacity-100
        "
            data-nav-backdrop="true"
          />
          <button
            aria-controls="nav-menu"
            aria-expanded="false"
            aria-label="Toggle navigation menu"
            class="
          relative z-40 ml-2 flex h-10 w-10 transform-gpu cursor-pointer
          items-center justify-center transition-transform
          hover:scale-110
        "
            data-nav-toggle="true"
            type="button"
          >
            <span
              aria-hidden="true"
              class="
            relative flex h-0.5 w-6 origin-center transform-gpu
            transition-[top,bottom,transform] duration-200 ease-in-out
            before:absolute before:-top-2 before:block before:h-0.5 before:w-6
            before:bg-inherit before:transition before:duration-200
            before:ease-in-out
            after:absolute after:-bottom-2 after:block after:h-0.5 after:w-6
            after:bg-inherit after:transition after:duration-200
            after:ease-in-out
            [body.nav-open_&]:transform-[rotate(45deg)]
            [body.nav-open_&]:!bg-[#fff] [body.nav-open_&]:before:top-0
            [body.nav-open_&]:before:transform-[rotate(90deg)]
            [body.nav-open_&]:after:bottom-0
            [body.nav-open_&]:after:transform-[rotate(90deg)]
          "
              style="background-color: rgb(255, 255, 255);"
            />
          </button>
          <nav
            aria-label="Main navigation"
          >
            <div
              class="
            invisible fixed top-0 right-0 flex h-full w-0
            transform-[translateX(100%)] flex-col items-start gap-y-5
            overflow-hidden bg-footer text-left text-inverse opacity-0
            duration-200 ease-in-out
            tablet:max-w-[35vw] tablet:gap-y-10
            laptop:max-w-[25vw]
            [body.nav-open_&]:visible [body.nav-open_&]:bottom-0
            [body.nav-open_&]:z-nav-menu [body.nav-open_&]:h-full
            [body.nav-open_&]:w-full [body.nav-open_&]:transform-[translateX(0)]
            [body.nav-open_&]:overflow-y-auto [body.nav-open_&]:pt-20
            [body.nav-open_&]:pr-[16%] [body.nav-open_&]:pb-5
            [body.nav-open_&]:pl-[12%] [body.nav-open_&]:opacity-100
            [body.nav-open_&]:drop-shadow-2xl [body.nav-open_&]:tablet:px-10
            [body.nav-open_&]:tablet:pt-40 [body.nav-open_&]:laptop:px-20
          "
              data-nav-menu="true"
              id="nav-menu"
            >
              <ol
                class="flex flex-col gap-y-6"
              >
                <li
                  class="
        block w-1/2 text-2xl whitespace-nowrap
        laptop:w-full
      "
                >
                  <a
                    class="
          relative inline-block origin-left transform-gpu transition-all
          duration-500
          after:absolute after:bottom-0 after:left-0 after:h-px after:w-full
          after:origin-bottom-left after:scale-x-0 after:bg-accent
          after:transition-transform after:duration-500
          hover:text-accent hover:after:scale-x-100
        "
                    href="/"
                  >
                    Home
                  </a>
                </li>
                <li
                  class="
        block w-1/2 text-2xl whitespace-nowrap
        laptop:w-full
      "
                >
                  <a
                    class="
          relative inline-block origin-left transform-gpu transition-all
          duration-500
          after:absolute after:bottom-0 after:left-0 after:h-px after:w-full
          after:origin-bottom-left after:scale-x-0 after:bg-accent
          after:transition-transform after:duration-500
          hover:text-accent hover:after:scale-x-100
        "
                    href="/how-i-grade/"
                  >
                    How I Grade
                  </a>
                </li>
                <li
                  class="
        block w-1/2 text-2xl whitespace-nowrap
        laptop:w-full
      "
                >
                  <a
                    class="
          relative inline-block origin-left transform-gpu transition-all
          duration-500
          after:absolute after:bottom-0 after:left-0 after:h-px after:w-full
          after:origin-bottom-left after:scale-x-0 after:bg-accent
          after:transition-transform after:duration-500
          hover:text-accent hover:after:scale-x-100
        "
                    href="/reviews/"
                  >
                    Reviews
                  </a>
                  <ol
                    class="mt-4"
                  >
                    <li
                      class="
              mb-3 ml-1 font-sans text-[13px] font-medium tracking-wider
              text-inverse-subtle uppercase
              last:-mb-1
            "
                    >
                      <a
                        class="
                relative inline-block origin-left transform-gpu pb-1
                transition-all duration-500
                after:absolute after:bottom-0 after:left-0 after:h-px
                after:w-full after:origin-bottom-left after:scale-x-0
                after:bg-accent after:transition-transform after:duration-500
                hover:text-accent hover:after:scale-x-100
              "
                        href="/cast-and-crew/"
                      >
                        Cast & Crew
                      </a>
                    </li>
                    <li
                      class="
              mb-3 ml-1 font-sans text-[13px] font-medium tracking-wider
              text-inverse-subtle uppercase
              last:-mb-1
            "
                    >
                      <a
                        class="
                relative inline-block origin-left transform-gpu pb-1
                transition-all duration-500
                after:absolute after:bottom-0 after:left-0 after:h-px
                after:w-full after:origin-bottom-left after:scale-x-0
                after:bg-accent after:transition-transform after:duration-500
                hover:text-accent hover:after:scale-x-100
              "
                        href="/collections/"
                      >
                        Collections
                      </a>
                    </li>
                    <li
                      class="
              mb-3 ml-1 font-sans text-[13px] font-medium tracking-wider
              text-inverse-subtle uppercase
              last:-mb-1
            "
                    >
                      <a
                        class="
                relative inline-block origin-left transform-gpu pb-1
                transition-all duration-500
                after:absolute after:bottom-0 after:left-0 after:h-px
                after:w-full after:origin-bottom-left after:scale-x-0
                after:bg-accent after:transition-transform after:duration-500
                hover:text-accent hover:after:scale-x-100
              "
                        href="/reviews/overrated/"
                      >
                        Overrated
                      </a>
                    </li>
                    <li
                      class="
              mb-3 ml-1 font-sans text-[13px] font-medium tracking-wider
              text-inverse-subtle uppercase
              last:-mb-1
            "
                    >
                      <a
                        class="
                relative inline-block origin-left transform-gpu pb-1
                transition-all duration-500
                after:absolute after:bottom-0 after:left-0 after:h-px
                after:w-full after:origin-bottom-left after:scale-x-0
                after:bg-accent after:transition-transform after:duration-500
                hover:text-accent hover:after:scale-x-100
              "
                        href="/reviews/underrated/"
                      >
                        Underrated
                      </a>
                    </li>
                    <li
                      class="
              mb-3 ml-1 font-sans text-[13px] font-medium tracking-wider
              text-inverse-subtle uppercase
              last:-mb-1
            "
                    >
                      <a
                        class="
                relative inline-block origin-left transform-gpu pb-1
                transition-all duration-500
                after:absolute after:bottom-0 after:left-0 after:h-px
                after:w-full after:origin-bottom-left after:scale-x-0
                after:bg-accent after:transition-transform after:duration-500
                hover:text-accent hover:after:scale-x-100
              "
                        href="/reviews/underseen/"
                      >
                        Underseen
                      </a>
                    </li>
                  </ol>
                </li>
                <li
                  class="
        block w-1/2 text-2xl whitespace-nowrap
        laptop:w-full
      "
                >
                  <a
                    class="
          relative inline-block origin-left transform-gpu transition-all
          duration-500
          after:absolute after:bottom-0 after:left-0 after:h-px after:w-full
          after:origin-bottom-left after:scale-x-0 after:bg-accent
          after:transition-transform after:duration-500
          hover:text-accent hover:after:scale-x-100
        "
                    href="/viewings/"
                  >
                    Viewing Log
                  </a>
                  <ol
                    class="mt-4"
                  >
                    <li
                      class="
              mb-3 ml-1 font-sans text-[13px] font-medium tracking-wider
              text-inverse-subtle uppercase
              last:-mb-1
            "
                    >
                      <a
                        class="
                relative inline-block origin-left transform-gpu pb-1
                transition-all duration-500
                after:absolute after:bottom-0 after:left-0 after:h-px
                after:w-full after:origin-bottom-left after:scale-x-0
                after:bg-accent after:transition-transform after:duration-500
                hover:text-accent hover:after:scale-x-100
              "
                        href="/viewings/stats/"
                      >
                        Stats
                      </a>
                    </li>
                  </ol>
                </li>
                <li
                  class="
        block w-1/2 text-2xl whitespace-nowrap
        laptop:w-full
      "
                >
                  <a
                    class="
          relative inline-block origin-left transform-gpu transition-all
          duration-500
          after:absolute after:bottom-0 after:left-0 after:h-px after:w-full
          after:origin-bottom-left after:scale-x-0 after:bg-accent
          after:transition-transform after:duration-500
          hover:text-accent hover:after:scale-x-100
        "
                    href="/watchlist/"
                  >
                    Watchlist
                  </a>
                  <ol
                    class="mt-4"
                  >
                    <li
                      class="
              mb-3 ml-1 font-sans text-[13px] font-medium tracking-wider
              text-inverse-subtle uppercase
              last:-mb-1
            "
                    >
                      <a
                        class="
                relative inline-block origin-left transform-gpu pb-1
                transition-all duration-500
                after:absolute after:bottom-0 after:left-0 after:h-px
                after:w-full after:origin-bottom-left after:scale-x-0
                after:bg-accent after:transition-transform after:duration-500
                hover:text-accent hover:after:scale-x-100
              "
                        href="/watchlist/progress/"
                      >
                        Progress
                      </a>
                    </li>
                  </ol>
                </li>
              </ol>
            </div>
          </nav>
        </div>
      </header>
      <main
        class="grow bg-subtle pb-8"
        id="content"
      >
        <header
          class="
        min-h-[400px] tablet:min-h-[640px] laptop:min-h-[clamp(640px,70vh,1350px)]
        relative flex w-full flex-col content-start items-center justify-end
        gap-6 bg-[#2A2B2A] pt-40 pb-8 text-inverse
        tablet:pt-40 tablet:pb-10
        laptop:pt-40 laptop:pb-16
      "
        >
          <img
            alt=""
            class="absolute inset-0 size-full object-cover object-top"
            fetchpriority="high"
            height="1350"
            loading="eager"
            sizes="100vw"
            src="/_image/?href=%2Fcontent%2Fassets%2Fbackdrops%2Fhome.png%3ForigWidth%3D3840%26origHeight%3D2160%26origFormat%3Dpng&w=2400&h=1350&q=80&f=avif"
            srcset="/_image/?href=%2Fcontent%2Fassets%2Fbackdrops%2Fhome.png%3ForigWidth%3D3840%26origHeight%3D2160%26origFormat%3Dpng&w=720&h=405&q=80&f=avif 720w, /_image/?href=%2Fcontent%2Fassets%2Fbackdrops%2Fhome.png%3ForigWidth%3D3840%26origHeight%3D2160%26origFormat%3Dpng&w=1200&h=675&q=80&f=avif 1200w, /_image/?href=%2Fcontent%2Fassets%2Fbackdrops%2Fhome.png%3ForigWidth%3D3840%26origHeight%3D2160%26origFormat%3Dpng&w=1920&h=1080&q=80&f=avif 1920w, /_image/?href=%2Fcontent%2Fassets%2Fbackdrops%2Fhome.png%3ForigWidth%3D3840%26origHeight%3D2160%26origFormat%3Dpng&w=2400&h=1350&q=80&f=avif 2400w"
            width="2400"
          />
          <div
            class="
          
          z-10 mx-auto flex w-full max-w-(--breakpoint-desktop) flex-col
          px-container
          after:absolute after:top-0 after:left-0 after:-z-10 after:h-full
          after:w-full after:bg-(image:--hero-gradient)
        "
          >
            <h1
              class="
          
          text-[2rem] leading-10 font-extrabold
          [text-shadow:1px_1px_2px_rgba(0,0,0,.25)]
          tablet:text-4xl
          laptop:text-7xl
        "
              data-pagefind-weight="10"
            >
              Frank's Movie Log
            </h1>
            <p
              class="
        mt-1 font-sans text-base
        laptop:my-4 laptop:text-xl
        [text-shadow:1px_1px_2px_black]
        
      "
            >
              Quality reviews of films of questionable quality.
            </p>
          </div>
        </header>
        <nav
          class="mx-auto max-w-(--breakpoint-desktop)"
        >
          <h2
            class="py-10 font-sans text-xs font-bold tracking-wide text-subtle uppercase px-container"
          >
            Latest Reviews
          </h2>
          <ul
            class="
            flex w-full flex-col flex-wrap justify-center gap-x-[3%] pb-8
            tablet:flex-row tablet:justify-between tablet:gap-y-[6vw]
            tablet:px-container
            laptop:gap-y-[3vw]
            desktop:gap-y-14
          "
          >
            <li
              class="
        group/list-item relative mb-1 flex transform-gpu flex-col bg-default
        px-[8%] pt-12 transition-transform duration-500
        tablet:mb-0 tablet:max-w-[47%] tablet:px-0 tablet:pt-0
        tablet-landscape:has-[a:hover]:scale-105
        tablet-landscape:has-[a:hover]:drop-shadow-2xl
        laptop:max-w-[31.33%]
      "
            >
              <div
                class="
          relative mb-6 block overflow-hidden
          after:absolute after:top-0 after:left-0 after:aspect-video
          after:size-full after:bg-default after:opacity-15 after:duration-500
          group-has-[a:hover]/list-item:after:opacity-0
          tablet:after:inset-x-0 tablet:after:top-0
        "
              >
                <img
                  alt=""
                  class="aspect-video 
            h-auto w-full transform-gpu transition-transform duration-500
            group-has-[a:hover]/list-item:scale-105
          "
                  decoding="async"
                  height="360"
                  loading="lazy"
                  sizes="(min-width: 1800px) 481px, (min-width: 1280px) calc(26vw + 18px), (min-width: 780px) calc(47.08vw - 46px), 83.91vw"
                  src="/_image/?href=%2Fcontent%2Fassets%2Fstills%2Fthe-midnight-meat-train-2008.png%3ForigWidth%3D2000%26origHeight%3D1125%26origFormat%3Dpng&w=640&h=360&q=80&f=avif"
                  srcset="/_image/?href=%2Fcontent%2Fassets%2Fstills%2Fthe-midnight-meat-train-2008.png%3ForigWidth%3D2000%26origHeight%3D1125%26origFormat%3Dpng&w=160&h=90&q=80&f=avif 160w, /_image/?href=%2Fcontent%2Fassets%2Fstills%2Fthe-midnight-meat-train-2008.png%3ForigWidth%3D2000%26origHeight%3D1125%26origFormat%3Dpng&w=320&h=180&q=80&f=avif 320w, /_image/?href=%2Fcontent%2Fassets%2Fstills%2Fthe-midnight-meat-train-2008.png%3ForigWidth%3D2000%26origHeight%3D1125%26origFormat%3Dpng&w=640&h=360&q=80&f=avif 640w, /_image/?href=%2Fcontent%2Fassets%2Fstills%2Fthe-midnight-meat-train-2008.png%3ForigWidth%3D2000%26origHeight%3D1125%26origFormat%3Dpng&w=1280&h=720&q=80&f=avif 1280w"
                  width="640"
                />
              </div>
              <div
                class="
          flex grow flex-col px-1 pb-8
          tablet:px-[8%]
          laptop:pr-[10%] laptop:pl-[8.5%]
        "
              >
                <div
                  class="
            mb-3 font-sans text-xs leading-4 font-normal tracking-wider
            text-subtle uppercase
            laptop:tracking-wide
          "
                >
                  27 Apr 2024
                </div>
                <a
                  class="
            mb-3 block text-2.5xl leading-7 font-medium text-default
            transition-all duration-500
            after:absolute after:top-0 after:left-0 after:z-sticky
            after:size-full
            hover:text-accent
          "
                  href="/reviews/the-midnight-meat-train-2008/"
                >
                  The Midnight Meat Train 
                  <span
                    class="text-sm leading-none font-normal text-muted"
                  >
                    2008
                  </span>
                </a>
                <picture>
                  <source
                    media="(prefers-color-scheme: dark)"
                    srcset="/svg/2-stars-dark.svg"
                  />
                  <img
                    alt="D: 2 stars (out of 5)"
                    class="
            mb-5
            tablet:mb-8
          "
                    height="24"
                    src="/svg/2-stars.svg"
                    width="120"
                  />
                </picture>
                <div
                  class="rendered-markdown leading-normal mb-6 text-lg tracking-prose text-muted"
                >
                  <p>
                    Sometimes, frustrating films are worse than bad ones. Such is the case with 
                    <em>
                      The Midnight Meat Train
                    </em>
                    .
                  </p>
                </div>
                <div
                  class="
            mt-auto font-sans text-xs leading-4 tracking-wider text-subtle
            laptop:tracking-wide
          "
                >
                  <span>
                    Horror
                  </span>
                  <span>
                    , Mystery
                  </span>
                  <span>
                    , Thriller
                  </span>
                </div>
              </div>
            </li>
            <li
              class="
        group/list-item relative mb-1 flex transform-gpu flex-col bg-default
        px-[8%] pt-12 transition-transform duration-500
        tablet:mb-0 tablet:max-w-[47%] tablet:px-0 tablet:pt-0
        tablet-landscape:has-[a:hover]:scale-105
        tablet-landscape:has-[a:hover]:drop-shadow-2xl
        laptop:max-w-[31.33%]
      "
            >
              <div
                class="
          relative mb-6 block overflow-hidden
          after:absolute after:top-0 after:left-0 after:aspect-video
          after:size-full after:bg-default after:opacity-15 after:duration-500
          group-has-[a:hover]/list-item:after:opacity-0
          tablet:after:inset-x-0 tablet:after:top-0
        "
              >
                <img
                  alt=""
                  class="aspect-video 
            h-auto w-full transform-gpu transition-transform duration-500
            group-has-[a:hover]/list-item:scale-105
          "
                  decoding="async"
                  height="360"
                  loading="lazy"
                  sizes="(min-width: 1800px) 481px, (min-width: 1280px) calc(26vw + 18px), (min-width: 780px) calc(47.08vw - 46px), 83.91vw"
                  src="/_image/?href=%2Fcontent%2Fassets%2Fstills%2Fthe-entity-1982.png%3ForigWidth%3D2000%26origHeight%3D1125%26origFormat%3Dpng&w=640&h=360&q=80&f=avif"
                  srcset="/_image/?href=%2Fcontent%2Fassets%2Fstills%2Fthe-entity-1982.png%3ForigWidth%3D2000%26origHeight%3D1125%26origFormat%3Dpng&w=160&h=90&q=80&f=avif 160w, /_image/?href=%2Fcontent%2Fassets%2Fstills%2Fthe-entity-1982.png%3ForigWidth%3D2000%26origHeight%3D1125%26origFormat%3Dpng&w=320&h=180&q=80&f=avif 320w, /_image/?href=%2Fcontent%2Fassets%2Fstills%2Fthe-entity-1982.png%3ForigWidth%3D2000%26origHeight%3D1125%26origFormat%3Dpng&w=640&h=360&q=80&f=avif 640w, /_image/?href=%2Fcontent%2Fassets%2Fstills%2Fthe-entity-1982.png%3ForigWidth%3D2000%26origHeight%3D1125%26origFormat%3Dpng&w=1280&h=720&q=80&f=avif 1280w"
                  width="640"
                />
              </div>
              <div
                class="
          flex grow flex-col px-1 pb-8
          tablet:px-[8%]
          laptop:pr-[10%] laptop:pl-[8.5%]
        "
              >
                <div
                  class="
            mb-3 font-sans text-xs leading-4 font-normal tracking-wider
            text-subtle uppercase
            laptop:tracking-wide
          "
                >
                  18 Feb 2024
                </div>
                <a
                  class="
            mb-3 block text-2.5xl leading-7 font-medium text-default
            transition-all duration-500
            after:absolute after:top-0 after:left-0 after:z-sticky
            after:size-full
            hover:text-accent
          "
                  href="/reviews/the-entity-1982/"
                >
                  The Entity 
                  <span
                    class="text-sm leading-none font-normal text-muted"
                  >
                    1982
                  </span>
                </a>
                <picture>
                  <source
                    media="(prefers-color-scheme: dark)"
                    srcset="/svg/2-stars-dark.svg"
                  />
                  <img
                    alt="D+: 2 stars (out of 5)"
                    class="
            mb-5
            tablet:mb-8
          "
                    height="24"
                    src="/svg/2-stars.svg"
                    width="120"
                  />
                </picture>
                <div
                  class="rendered-markdown leading-normal mb-6 text-lg tracking-prose text-muted"
                >
                  <p>
                    Barbara Hershey plays a single mother who finds herself under repeated, violent sexual assault from an unseen force. Everywhere she turns for help, she finds men eager to dismiss, manipulate, or abandon her.
                  </p>
                </div>
                <div
                  class="
            mt-auto font-sans text-xs leading-4 tracking-wider text-subtle
            laptop:tracking-wide
          "
                >
                  <span>
                    Drama
                  </span>
                  <span>
                    , Horror
                  </span>
                </div>
              </div>
            </li>
            <li
              class="
        group/list-item relative mb-1 flex transform-gpu flex-col bg-default
        px-[8%] pt-12 transition-transform duration-500
        tablet:mb-0 tablet:max-w-[47%] tablet:px-0 tablet:pt-0
        tablet-landscape:has-[a:hover]:scale-105
        tablet-landscape:has-[a:hover]:drop-shadow-2xl
        laptop:max-w-[31.33%]
      "
            >
              <div
                class="
          relative mb-6 block overflow-hidden
          after:absolute after:top-0 after:left-0 after:aspect-video
          after:size-full after:bg-default after:opacity-15 after:duration-500
          group-has-[a:hover]/list-item:after:opacity-0
          tablet:after:inset-x-0 tablet:after:top-0
        "
              >
                <img
                  alt=""
                  class="aspect-video 
            h-auto w-full transform-gpu transition-transform duration-500
            group-has-[a:hover]/list-item:scale-105
          "
                  decoding="async"
                  height="360"
                  loading="lazy"
                  sizes="(min-width: 1800px) 481px, (min-width: 1280px) calc(26vw + 18px), (min-width: 780px) calc(47.08vw - 46px), 83.91vw"
                  src="/_image/?href=%2Fcontent%2Fassets%2Fstills%2Faqua-teen-forever-plantasm-2022.png%3ForigWidth%3D2000%26origHeight%3D1125%26origFormat%3Dpng&w=640&h=360&q=80&f=avif"
                  srcset="/_image/?href=%2Fcontent%2Fassets%2Fstills%2Faqua-teen-forever-plantasm-2022.png%3ForigWidth%3D2000%26origHeight%3D1125%26origFormat%3Dpng&w=160&h=90&q=80&f=avif 160w, /_image/?href=%2Fcontent%2Fassets%2Fstills%2Faqua-teen-forever-plantasm-2022.png%3ForigWidth%3D2000%26origHeight%3D1125%26origFormat%3Dpng&w=320&h=180&q=80&f=avif 320w, /_image/?href=%2Fcontent%2Fassets%2Fstills%2Faqua-teen-forever-plantasm-2022.png%3ForigWidth%3D2000%26origHeight%3D1125%26origFormat%3Dpng&w=640&h=360&q=80&f=avif 640w, /_image/?href=%2Fcontent%2Fassets%2Fstills%2Faqua-teen-forever-plantasm-2022.png%3ForigWidth%3D2000%26origHeight%3D1125%26origFormat%3Dpng&w=1280&h=720&q=80&f=avif 1280w"
                  width="640"
                />
              </div>
              <div
                class="
          flex grow flex-col px-1 pb-8
          tablet:px-[8%]
          laptop:pr-[10%] laptop:pl-[8.5%]
        "
              >
                <div
                  class="
            mb-3 font-sans text-xs leading-4 font-normal tracking-wider
            text-subtle uppercase
            laptop:tracking-wide
          "
                >
                  31 Aug 2023
                </div>
                <a
                  class="
            mb-3 block text-2.5xl leading-7 font-medium text-default
            transition-all duration-500
            after:absolute after:top-0 after:left-0 after:z-sticky
            after:size-full
            hover:text-accent
          "
                  href="/reviews/aqua-teen-forever-plantasm-2022/"
                >
                  Aqua Teen Forever: Plantasm 
                  <span
                    class="text-sm leading-none font-normal text-muted"
                  >
                    2022
                  </span>
                </a>
                <picture>
                  <source
                    media="(prefers-color-scheme: dark)"
                    srcset="/svg/3-stars-dark.svg"
                  />
                  <img
                    alt="C+: 3 stars (out of 5)"
                    class="
            mb-5
            tablet:mb-8
          "
                    height="24"
                    src="/svg/3-stars.svg"
                    width="120"
                  />
                </picture>
                <div
                  class="rendered-markdown leading-normal mb-6 text-lg tracking-prose text-muted"
                >
                  <p>
                    For better and worse, it plays like an extended episode of the series.
                  </p>
                </div>
                <div
                  class="
            mt-auto font-sans text-xs leading-4 tracking-wider text-subtle
            laptop:tracking-wide
          "
                >
                  <span>
                    Animation
                  </span>
                  <span>
                    , Comedy
                  </span>
                </div>
              </div>
            </li>
            <li
              class="
        group/list-item relative mb-1 flex transform-gpu flex-col bg-default
        px-[8%] pt-12 transition-transform duration-500
        tablet:mb-0 tablet:max-w-[47%] tablet:px-0 tablet:pt-0
        tablet-landscape:has-[a:hover]:scale-105
        tablet-landscape:has-[a:hover]:drop-shadow-2xl
        laptop:max-w-[31.33%]
      "
            >
              <div
                class="
          relative mb-6 block overflow-hidden
          after:absolute after:top-0 after:left-0 after:aspect-video
          after:size-full after:bg-default after:opacity-15 after:duration-500
          group-has-[a:hover]/list-item:after:opacity-0
          tablet:after:inset-x-0 tablet:after:top-0
        "
              >
                <img
                  alt=""
                  class="aspect-video 
            h-auto w-full transform-gpu transition-transform duration-500
            group-has-[a:hover]/list-item:scale-105
          "
                  decoding="async"
                  height="360"
                  loading="lazy"
                  sizes="(min-width: 1800px) 481px, (min-width: 1280px) calc(26vw + 18px), (min-width: 780px) calc(47.08vw - 46px), 83.91vw"
                  src="/_image/?href=%2Fcontent%2Fassets%2Fstills%2Fbig-jim-mclain-1952.png%3ForigWidth%3D2000%26origHeight%3D1125%26origFormat%3Dpng&w=640&h=360&q=80&f=avif"
                  srcset="/_image/?href=%2Fcontent%2Fassets%2Fstills%2Fbig-jim-mclain-1952.png%3ForigWidth%3D2000%26origHeight%3D1125%26origFormat%3Dpng&w=160&h=90&q=80&f=avif 160w, /_image/?href=%2Fcontent%2Fassets%2Fstills%2Fbig-jim-mclain-1952.png%3ForigWidth%3D2000%26origHeight%3D1125%26origFormat%3Dpng&w=320&h=180&q=80&f=avif 320w, /_image/?href=%2Fcontent%2Fassets%2Fstills%2Fbig-jim-mclain-1952.png%3ForigWidth%3D2000%26origHeight%3D1125%26origFormat%3Dpng&w=640&h=360&q=80&f=avif 640w, /_image/?href=%2Fcontent%2Fassets%2Fstills%2Fbig-jim-mclain-1952.png%3ForigWidth%3D2000%26origHeight%3D1125%26origFormat%3Dpng&w=1280&h=720&q=80&f=avif 1280w"
                  width="640"
                />
              </div>
              <div
                class="
          flex grow flex-col px-1 pb-8
          tablet:px-[8%]
          laptop:pr-[10%] laptop:pl-[8.5%]
        "
              >
                <div
                  class="
            mb-3 font-sans text-xs leading-4 font-normal tracking-wider
            text-subtle uppercase
            laptop:tracking-wide
          "
                >
                  31 Jul 2023
                </div>
                <a
                  class="
            mb-3 block text-2.5xl leading-7 font-medium text-default
            transition-all duration-500
            after:absolute after:top-0 after:left-0 after:z-sticky
            after:size-full
            hover:text-accent
          "
                  href="/reviews/big-jim-mclain-1952/"
                >
                  Big Jim McLain 
                  <span
                    class="text-sm leading-none font-normal text-muted"
                  >
                    1952
                  </span>
                </a>
                <picture>
                  <source
                    media="(prefers-color-scheme: dark)"
                    srcset="/svg/3-stars-dark.svg"
                  />
                  <img
                    alt="C: 3 stars (out of 5)"
                    class="
            mb-5
            tablet:mb-8
          "
                    height="24"
                    src="/svg/3-stars.svg"
                    width="120"
                  />
                </picture>
                <div
                  class="rendered-markdown leading-normal mb-6 text-lg tracking-prose text-muted"
                >
                  <p>
                    John Wayne’s first production under his Wayne-Fellows Productions company (later renamed Batjac) sees him playing a House UnAmerican Activities investigator ferreting out communists and romancing a war-widow played by Nancy Olson in Hawaii.
                  </p>
                </div>
                <div
                  class="
            mt-auto font-sans text-xs leading-4 tracking-wider text-subtle
            laptop:tracking-wide
          "
                >
                  <span>
                    Crime
                  </span>
                  <span>
                    , Drama
                  </span>
                  <span>
                    , History
                  </span>
                  <span>
                    , Romance
                  </span>
                  <span>
                    , Thriller
                  </span>
                </div>
              </div>
            </li>
            <li
              class="
        group/list-item relative mb-1 flex transform-gpu flex-col bg-default
        px-[8%] pt-12 transition-transform duration-500
        tablet:mb-0 tablet:max-w-[47%] tablet:px-0 tablet:pt-0
        tablet-landscape:has-[a:hover]:scale-105
        tablet-landscape:has-[a:hover]:drop-shadow-2xl
        laptop:max-w-[31.33%]
      "
            >
              <div
                class="
          relative mb-6 block overflow-hidden
          after:absolute after:top-0 after:left-0 after:aspect-video
          after:size-full after:bg-default after:opacity-15 after:duration-500
          group-has-[a:hover]/list-item:after:opacity-0
          tablet:after:inset-x-0 tablet:after:top-0
        "
              >
                <img
                  alt=""
                  class="aspect-video 
            h-auto w-full transform-gpu transition-transform duration-500
            group-has-[a:hover]/list-item:scale-105
          "
                  decoding="async"
                  height="360"
                  loading="lazy"
                  sizes="(min-width: 1800px) 481px, (min-width: 1280px) calc(26vw + 18px), (min-width: 780px) calc(47.08vw - 46px), 83.91vw"
                  src="/_image/?href=%2Fcontent%2Fassets%2Fstills%2Fthe-heavenly-body-1944.png%3ForigWidth%3D2000%26origHeight%3D1125%26origFormat%3Dpng&w=640&h=360&q=80&f=avif"
                  srcset="/_image/?href=%2Fcontent%2Fassets%2Fstills%2Fthe-heavenly-body-1944.png%3ForigWidth%3D2000%26origHeight%3D1125%26origFormat%3Dpng&w=160&h=90&q=80&f=avif 160w, /_image/?href=%2Fcontent%2Fassets%2Fstills%2Fthe-heavenly-body-1944.png%3ForigWidth%3D2000%26origHeight%3D1125%26origFormat%3Dpng&w=320&h=180&q=80&f=avif 320w, /_image/?href=%2Fcontent%2Fassets%2Fstills%2Fthe-heavenly-body-1944.png%3ForigWidth%3D2000%26origHeight%3D1125%26origFormat%3Dpng&w=640&h=360&q=80&f=avif 640w, /_image/?href=%2Fcontent%2Fassets%2Fstills%2Fthe-heavenly-body-1944.png%3ForigWidth%3D2000%26origHeight%3D1125%26origFormat%3Dpng&w=1280&h=720&q=80&f=avif 1280w"
                  width="640"
                />
              </div>
              <div
                class="
          flex grow flex-col px-1 pb-8
          tablet:px-[8%]
          laptop:pr-[10%] laptop:pl-[8.5%]
        "
              >
                <div
                  class="
            mb-3 font-sans text-xs leading-4 font-normal tracking-wider
            text-subtle uppercase
            laptop:tracking-wide
          "
                >
                  23 Jun 2023
                </div>
                <a
                  class="
            mb-3 block text-2.5xl leading-7 font-medium text-default
            transition-all duration-500
            after:absolute after:top-0 after:left-0 after:z-sticky
            after:size-full
            hover:text-accent
          "
                  href="/reviews/the-heavenly-body-1944/"
                >
                  The Heavenly Body 
                  <span
                    class="text-sm leading-none font-normal text-muted"
                  >
                    1944
                  </span>
                </a>
                <picture>
                  <source
                    media="(prefers-color-scheme: dark)"
                    srcset="/svg/1-half-stars-dark.svg"
                  />
                  <img
                    alt="D-: 1.5 stars (out of 5)"
                    class="
            mb-5
            tablet:mb-8
          "
                    height="24"
                    src="/svg/1-half-stars.svg"
                    width="120"
                  />
                </picture>
                <div
                  class="rendered-markdown leading-normal mb-6 text-lg tracking-prose text-muted"
                >
                  <p>
                    In this screwball comedy, William Powell plays an astronomer who’s discovered a new comet. But the weeks of working nights leading up to this career-defining moment have left his younger wife, played by Hedy Lamarr, feeling neglected. On the advice of their nosy neighbor, Lamarr visits an astrologer, who tells her she’ll soon meet a man “who really loves her.” This man manifests as the local air-raid warden, played by James Craig.
                  </p>
                </div>
                <div
                  class="
            mt-auto font-sans text-xs leading-4 tracking-wider text-subtle
            laptop:tracking-wide
          "
                >
                  <span>
                    Comedy
                  </span>
                  <span>
                    , Romance
                  </span>
                </div>
              </div>
            </li>
            <li
              class="
        group/list-item relative mb-1 flex transform-gpu flex-col bg-default
        px-[8%] pt-12 transition-transform duration-500
        tablet:mb-0 tablet:max-w-[47%] tablet:px-0 tablet:pt-0
        tablet-landscape:has-[a:hover]:scale-105
        tablet-landscape:has-[a:hover]:drop-shadow-2xl
        laptop:max-w-[31.33%]
      "
            >
              <div
                class="
          relative mb-6 block overflow-hidden
          after:absolute after:top-0 after:left-0 after:aspect-video
          after:size-full after:bg-default after:opacity-15 after:duration-500
          group-has-[a:hover]/list-item:after:opacity-0
          tablet:after:inset-x-0 tablet:after:top-0
        "
              >
                <img
                  alt=""
                  class="aspect-video 
            h-auto w-full transform-gpu transition-transform duration-500
            group-has-[a:hover]/list-item:scale-105
          "
                  decoding="async"
                  height="360"
                  loading="lazy"
                  sizes="(min-width: 1800px) 481px, (min-width: 1280px) calc(26vw + 18px), (min-width: 780px) calc(47.08vw - 46px), 83.91vw"
                  src="/_image/?href=%2Fcontent%2Fassets%2Fstills%2Fthe-oklahoma-kid-1939.png%3ForigWidth%3D2000%26origHeight%3D1125%26origFormat%3Dpng&w=640&h=360&q=80&f=avif"
                  srcset="/_image/?href=%2Fcontent%2Fassets%2Fstills%2Fthe-oklahoma-kid-1939.png%3ForigWidth%3D2000%26origHeight%3D1125%26origFormat%3Dpng&w=160&h=90&q=80&f=avif 160w, /_image/?href=%2Fcontent%2Fassets%2Fstills%2Fthe-oklahoma-kid-1939.png%3ForigWidth%3D2000%26origHeight%3D1125%26origFormat%3Dpng&w=320&h=180&q=80&f=avif 320w, /_image/?href=%2Fcontent%2Fassets%2Fstills%2Fthe-oklahoma-kid-1939.png%3ForigWidth%3D2000%26origHeight%3D1125%26origFormat%3Dpng&w=640&h=360&q=80&f=avif 640w, /_image/?href=%2Fcontent%2Fassets%2Fstills%2Fthe-oklahoma-kid-1939.png%3ForigWidth%3D2000%26origHeight%3D1125%26origFormat%3Dpng&w=1280&h=720&q=80&f=avif 1280w"
                  width="640"
                />
              </div>
              <div
                class="
          flex grow flex-col px-1 pb-8
          tablet:px-[8%]
          laptop:pr-[10%] laptop:pl-[8.5%]
        "
              >
                <div
                  class="
            mb-3 font-sans text-xs leading-4 font-normal tracking-wider
            text-subtle uppercase
            laptop:tracking-wide
          "
                >
                  06 Oct 2022
                </div>
                <a
                  class="
            mb-3 block text-2.5xl leading-7 font-medium text-default
            transition-all duration-500
            after:absolute after:top-0 after:left-0 after:z-sticky
            after:size-full
            hover:text-accent
          "
                  href="/reviews/the-oklahoma-kid-1939/"
                >
                  The Oklahoma Kid 
                  <span
                    class="text-sm leading-none font-normal text-muted"
                  >
                    1939
                  </span>
                </a>
                <picture>
                  <source
                    media="(prefers-color-scheme: dark)"
                    srcset="/svg/2-half-stars-dark.svg"
                  />
                  <img
                    alt="C-: 2.5 stars (out of 5)"
                    class="
            mb-5
            tablet:mb-8
          "
                    height="24"
                    src="/svg/2-half-stars.svg"
                    width="120"
                  />
                </picture>
                <div
                  class="rendered-markdown leading-normal mb-6 text-lg tracking-prose text-muted"
                >
                  <p>
                    Humphrey Bogart plays Whip McCord, the leader of an outlaw gang who opens the film robbing a stagecoach. Enter James Cagney as the titular kid, another outlaw who, in turn, robs McCord and his gang.
                  </p>
                </div>
                <div
                  class="
            mt-auto font-sans text-xs leading-4 tracking-wider text-subtle
            laptop:tracking-wide
          "
                >
                  <span>
                    Action
                  </span>
                  <span>
                    , Western
                  </span>
                </div>
              </div>
            </li>
            <li
              class="
        group/list-item relative mb-1 flex transform-gpu flex-col bg-default
        px-[8%] pt-12 transition-transform duration-500
        tablet:mb-0 tablet:max-w-[47%] tablet:px-0 tablet:pt-0
        tablet-landscape:has-[a:hover]:scale-105
        tablet-landscape:has-[a:hover]:drop-shadow-2xl
        laptop:max-w-[31.33%]
      "
            >
              <div
                class="
          relative mb-6 block overflow-hidden
          after:absolute after:top-0 after:left-0 after:aspect-video
          after:size-full after:bg-default after:opacity-15 after:duration-500
          group-has-[a:hover]/list-item:after:opacity-0
          tablet:after:inset-x-0 tablet:after:top-0
        "
              >
                <img
                  alt=""
                  class="aspect-video 
            h-auto w-full transform-gpu transition-transform duration-500
            group-has-[a:hover]/list-item:scale-105
          "
                  decoding="async"
                  height="360"
                  loading="lazy"
                  sizes="(min-width: 1800px) 481px, (min-width: 1280px) calc(26vw + 18px), (min-width: 780px) calc(47.08vw - 46px), 83.91vw"
                  src="/_image/?href=%2Fcontent%2Fassets%2Fstills%2Flive-and-let-die-1973.png%3ForigWidth%3D2000%26origHeight%3D1125%26origFormat%3Dpng&w=640&h=360&q=80&f=avif"
                  srcset="/_image/?href=%2Fcontent%2Fassets%2Fstills%2Flive-and-let-die-1973.png%3ForigWidth%3D2000%26origHeight%3D1125%26origFormat%3Dpng&w=160&h=90&q=80&f=avif 160w, /_image/?href=%2Fcontent%2Fassets%2Fstills%2Flive-and-let-die-1973.png%3ForigWidth%3D2000%26origHeight%3D1125%26origFormat%3Dpng&w=320&h=180&q=80&f=avif 320w, /_image/?href=%2Fcontent%2Fassets%2Fstills%2Flive-and-let-die-1973.png%3ForigWidth%3D2000%26origHeight%3D1125%26origFormat%3Dpng&w=640&h=360&q=80&f=avif 640w, /_image/?href=%2Fcontent%2Fassets%2Fstills%2Flive-and-let-die-1973.png%3ForigWidth%3D2000%26origHeight%3D1125%26origFormat%3Dpng&w=1280&h=720&q=80&f=avif 1280w"
                  width="640"
                />
              </div>
              <div
                class="
          flex grow flex-col px-1 pb-8
          tablet:px-[8%]
          laptop:pr-[10%] laptop:pl-[8.5%]
        "
              >
                <div
                  class="
            mb-3 font-sans text-xs leading-4 font-normal tracking-wider
            text-subtle uppercase
            laptop:tracking-wide
          "
                >
                  01 Jul 2022
                </div>
                <a
                  class="
            mb-3 block text-2.5xl leading-7 font-medium text-default
            transition-all duration-500
            after:absolute after:top-0 after:left-0 after:z-sticky
            after:size-full
            hover:text-accent
          "
                  href="/reviews/live-and-let-die-1973/"
                >
                  Live and Let Die 
                  <span
                    class="text-sm leading-none font-normal text-muted"
                  >
                    1973
                  </span>
                </a>
                <picture>
                  <source
                    media="(prefers-color-scheme: dark)"
                    srcset="/svg/2-stars-dark.svg"
                  />
                  <img
                    alt="D+: 2 stars (out of 5)"
                    class="
            mb-5
            tablet:mb-8
          "
                    height="24"
                    src="/svg/2-stars.svg"
                    width="120"
                  />
                </picture>
                <div
                  class="rendered-markdown leading-normal mb-6 text-lg tracking-prose text-muted"
                >
                  <p>
                    <strong>
                      Roger Moore’s James Bond debut.
                    </strong>
                     He investigates a Caribbean dictator, Kananga, played by Yaphet Kotto, who has ties to a Harlem gangster named Mr. Big. Jane Seymour plays Solitaire, Kananga’s tarot card reading psychic.
                  </p>
                </div>
                <div
                  class="
            mt-auto font-sans text-xs leading-4 tracking-wider text-subtle
            laptop:tracking-wide
          "
                >
                  <span>
                    Action
                  </span>
                  <span>
                    , Adventure
                  </span>
                  <span>
                    , Thriller
                  </span>
                </div>
              </div>
            </li>
            <li
              class="
        group/list-item relative mb-1 flex transform-gpu flex-col bg-default
        px-[8%] pt-12 transition-transform duration-500
        tablet:mb-0 tablet:max-w-[47%] tablet:px-0 tablet:pt-0
        tablet-landscape:has-[a:hover]:scale-105
        tablet-landscape:has-[a:hover]:drop-shadow-2xl
        laptop:max-w-[31.33%]
      "
            >
              <div
                class="
          relative mb-6 block overflow-hidden
          after:absolute after:top-0 after:left-0 after:aspect-video
          after:size-full after:bg-default after:opacity-15 after:duration-500
          group-has-[a:hover]/list-item:after:opacity-0
          tablet:after:inset-x-0 tablet:after:top-0
        "
              >
                <img
                  alt=""
                  class="aspect-video 
            h-auto w-full transform-gpu transition-transform duration-500
            group-has-[a:hover]/list-item:scale-105
          "
                  decoding="async"
                  height="360"
                  loading="lazy"
                  sizes="(min-width: 1800px) 481px, (min-width: 1280px) calc(26vw + 18px), (min-width: 780px) calc(47.08vw - 46px), 83.91vw"
                  src="/_image/?href=%2Fcontent%2Fassets%2Fstills%2Fpilgrimage-1933.png%3ForigWidth%3D2000%26origHeight%3D1125%26origFormat%3Dpng&w=640&h=360&q=80&f=avif"
                  srcset="/_image/?href=%2Fcontent%2Fassets%2Fstills%2Fpilgrimage-1933.png%3ForigWidth%3D2000%26origHeight%3D1125%26origFormat%3Dpng&w=160&h=90&q=80&f=avif 160w, /_image/?href=%2Fcontent%2Fassets%2Fstills%2Fpilgrimage-1933.png%3ForigWidth%3D2000%26origHeight%3D1125%26origFormat%3Dpng&w=320&h=180&q=80&f=avif 320w, /_image/?href=%2Fcontent%2Fassets%2Fstills%2Fpilgrimage-1933.png%3ForigWidth%3D2000%26origHeight%3D1125%26origFormat%3Dpng&w=640&h=360&q=80&f=avif 640w, /_image/?href=%2Fcontent%2Fassets%2Fstills%2Fpilgrimage-1933.png%3ForigWidth%3D2000%26origHeight%3D1125%26origFormat%3Dpng&w=1280&h=720&q=80&f=avif 1280w"
                  width="640"
                />
              </div>
              <div
                class="
          flex grow flex-col px-1 pb-8
          tablet:px-[8%]
          laptop:pr-[10%] laptop:pl-[8.5%]
        "
              >
                <div
                  class="
            mb-3 font-sans text-xs leading-4 font-normal tracking-wider
            text-subtle uppercase
            laptop:tracking-wide
          "
                >
                  21 Jun 2022
                </div>
                <a
                  class="
            mb-3 block text-2.5xl leading-7 font-medium text-default
            transition-all duration-500
            after:absolute after:top-0 after:left-0 after:z-sticky
            after:size-full
            hover:text-accent
          "
                  href="/reviews/pilgrimage-1933/"
                >
                  Pilgrimage 
                  <span
                    class="text-sm leading-none font-normal text-muted"
                  >
                    1933
                  </span>
                </a>
                <picture>
                  <source
                    media="(prefers-color-scheme: dark)"
                    srcset="/svg/3-stars-dark.svg"
                  />
                  <img
                    alt="C: 3 stars (out of 5)"
                    class="
            mb-5
            tablet:mb-8
          "
                    height="24"
                    src="/svg/3-stars.svg"
                    width="120"
                  />
                </picture>
                <div
                  class="rendered-markdown leading-normal mb-6 text-lg tracking-prose text-muted"
                >
                  <p>
                    Henrietta Crosman plays a rural woman who, rather than see her only son leave home and marry his local sweetheart, signs him up for World War I, where he perishes. After the war, she travels with a group of other mothers to visit her son’s grave.
                  </p>
                </div>
                <div
                  class="
            mt-auto font-sans text-xs leading-4 tracking-wider text-subtle
            laptop:tracking-wide
          "
                >
                  <span>
                    Drama
                  </span>
                </div>
              </div>
            </li>
            <li
              class="
        group/list-item relative mb-1 flex transform-gpu flex-col bg-default
        px-[8%] pt-12 transition-transform duration-500
        tablet:mb-0 tablet:max-w-[47%] tablet:px-0 tablet:pt-0
        tablet-landscape:has-[a:hover]:scale-105
        tablet-landscape:has-[a:hover]:drop-shadow-2xl
        laptop:max-w-[31.33%]
      "
            >
              <div
                class="
          relative mb-6 block overflow-hidden
          after:absolute after:top-0 after:left-0 after:aspect-video
          after:size-full after:bg-default after:opacity-15 after:duration-500
          group-has-[a:hover]/list-item:after:opacity-0
          tablet:after:inset-x-0 tablet:after:top-0
        "
              >
                <img
                  alt=""
                  class="aspect-video 
            h-auto w-full transform-gpu transition-transform duration-500
            group-has-[a:hover]/list-item:scale-105
          "
                  decoding="async"
                  height="360"
                  loading="lazy"
                  sizes="(min-width: 1800px) 481px, (min-width: 1280px) calc(26vw + 18px), (min-width: 780px) calc(47.08vw - 46px), 83.91vw"
                  src="/_image/?href=%2Fcontent%2Fassets%2Fstills%2Fno-time-to-die-2021.png%3ForigWidth%3D2000%26origHeight%3D1125%26origFormat%3Dpng&w=640&h=360&q=80&f=avif"
                  srcset="/_image/?href=%2Fcontent%2Fassets%2Fstills%2Fno-time-to-die-2021.png%3ForigWidth%3D2000%26origHeight%3D1125%26origFormat%3Dpng&w=160&h=90&q=80&f=avif 160w, /_image/?href=%2Fcontent%2Fassets%2Fstills%2Fno-time-to-die-2021.png%3ForigWidth%3D2000%26origHeight%3D1125%26origFormat%3Dpng&w=320&h=180&q=80&f=avif 320w, /_image/?href=%2Fcontent%2Fassets%2Fstills%2Fno-time-to-die-2021.png%3ForigWidth%3D2000%26origHeight%3D1125%26origFormat%3Dpng&w=640&h=360&q=80&f=avif 640w, /_image/?href=%2Fcontent%2Fassets%2Fstills%2Fno-time-to-die-2021.png%3ForigWidth%3D2000%26origHeight%3D1125%26origFormat%3Dpng&w=1280&h=720&q=80&f=avif 1280w"
                  width="640"
                />
              </div>
              <div
                class="
          flex grow flex-col px-1 pb-8
          tablet:px-[8%]
          laptop:pr-[10%] laptop:pl-[8.5%]
        "
              >
                <div
                  class="
            mb-3 font-sans text-xs leading-4 font-normal tracking-wider
            text-subtle uppercase
            laptop:tracking-wide
          "
                >
                  16 Jun 2022
                </div>
                <a
                  class="
            mb-3 block text-2.5xl leading-7 font-medium text-default
            transition-all duration-500
            after:absolute after:top-0 after:left-0 after:z-sticky
            after:size-full
            hover:text-accent
          "
                  href="/reviews/no-time-to-die-2021/"
                >
                  No Time to Die 
                  <span
                    class="text-sm leading-none font-normal text-muted"
                  >
                    2021
                  </span>
                </a>
                <picture>
                  <source
                    media="(prefers-color-scheme: dark)"
                    srcset="/svg/2-stars-dark.svg"
                  />
                  <img
                    alt="D: 2 stars (out of 5)"
                    class="
            mb-5
            tablet:mb-8
          "
                    height="24"
                    src="/svg/2-stars.svg"
                    width="120"
                  />
                </picture>
                <div
                  class="rendered-markdown leading-normal mb-6 text-lg tracking-prose text-muted"
                >
                  <p>
                    A retired James Bond steps back into action to thwart a madman intent on murdering millions. 
                    <strong>
                      Major spoilers follow.
                    </strong>
                  </p>
                </div>
                <div
                  class="
            mt-auto font-sans text-xs leading-4 tracking-wider text-subtle
            laptop:tracking-wide
          "
                >
                  <span>
                    Action
                  </span>
                  <span>
                    , Adventure
                  </span>
                  <span>
                    , Thriller
                  </span>
                </div>
              </div>
            </li>
            <li
              class="
        group/list-item relative mb-1 flex transform-gpu flex-col bg-default
        px-[8%] pt-12 transition-transform duration-500
        tablet:mb-0 tablet:max-w-[47%] tablet:px-0 tablet:pt-0
        tablet-landscape:has-[a:hover]:scale-105
        tablet-landscape:has-[a:hover]:drop-shadow-2xl
        laptop:max-w-[31.33%]
      "
            >
              <div
                class="
          relative mb-6 block overflow-hidden
          after:absolute after:top-0 after:left-0 after:aspect-video
          after:size-full after:bg-default after:opacity-15 after:duration-500
          group-has-[a:hover]/list-item:after:opacity-0
          tablet:after:inset-x-0 tablet:after:top-0
        "
              >
                <img
                  alt=""
                  class="aspect-video 
            h-auto w-full transform-gpu transition-transform duration-500
            group-has-[a:hover]/list-item:scale-105
          "
                  decoding="async"
                  height="360"
                  loading="lazy"
                  sizes="(min-width: 1800px) 481px, (min-width: 1280px) calc(26vw + 18px), (min-width: 780px) calc(47.08vw - 46px), 83.91vw"
                  src="/_image/?href=%2Fcontent%2Fassets%2Fstills%2F3-from-hell-2019.png%3ForigWidth%3D2000%26origHeight%3D1125%26origFormat%3Dpng&w=640&h=360&q=80&f=avif"
                  srcset="/_image/?href=%2Fcontent%2Fassets%2Fstills%2F3-from-hell-2019.png%3ForigWidth%3D2000%26origHeight%3D1125%26origFormat%3Dpng&w=160&h=90&q=80&f=avif 160w, /_image/?href=%2Fcontent%2Fassets%2Fstills%2F3-from-hell-2019.png%3ForigWidth%3D2000%26origHeight%3D1125%26origFormat%3Dpng&w=320&h=180&q=80&f=avif 320w, /_image/?href=%2Fcontent%2Fassets%2Fstills%2F3-from-hell-2019.png%3ForigWidth%3D2000%26origHeight%3D1125%26origFormat%3Dpng&w=640&h=360&q=80&f=avif 640w, /_image/?href=%2Fcontent%2Fassets%2Fstills%2F3-from-hell-2019.png%3ForigWidth%3D2000%26origHeight%3D1125%26origFormat%3Dpng&w=1280&h=720&q=80&f=avif 1280w"
                  width="640"
                />
              </div>
              <div
                class="
          flex grow flex-col px-1 pb-8
          tablet:px-[8%]
          laptop:pr-[10%] laptop:pl-[8.5%]
        "
              >
                <div
                  class="
            mb-3 font-sans text-xs leading-4 font-normal tracking-wider
            text-subtle uppercase
            laptop:tracking-wide
          "
                >
                  17 Jan 2022
                </div>
                <a
                  class="
            mb-3 block text-2.5xl leading-7 font-medium text-default
            transition-all duration-500
            after:absolute after:top-0 after:left-0 after:z-sticky
            after:size-full
            hover:text-accent
          "
                  href="/reviews/3-from-hell-2019/"
                >
                  3 from Hell 
                  <span
                    class="text-sm leading-none font-normal text-muted"
                  >
                    2019
                  </span>
                </a>
                <picture>
                  <source
                    media="(prefers-color-scheme: dark)"
                    srcset="/svg/2-stars-dark.svg"
                  />
                  <img
                    alt="D+: 2 stars (out of 5)"
                    class="
            mb-5
            tablet:mb-8
          "
                    height="24"
                    src="/svg/2-stars.svg"
                    width="120"
                  />
                </picture>
                <div
                  class="rendered-markdown leading-normal mb-6 text-lg tracking-prose text-muted"
                >
                  <p>
                    Ten years after 
                    <span
                      data-imdb-id="tt0395584"
                    >
                      <em>
                        The Devil’s Rejects
                      </em>
                    </span>
                    , Baby and Otis escape jail with help from Otis’ half brother Foxy, played by Richard Brake. The trio flee to Mexico, where they’re targeted for revenge by a masked gangster.
                  </p>
                </div>
                <div
                  class="
            mt-auto font-sans text-xs leading-4 tracking-wider text-subtle
            laptop:tracking-wide
          "
                >
                  <span>
                    Action
                  </span>
                  <span>
                    , Horror
                  </span>
                </div>
              </div>
            </li>
            <li
              class="
        group/list-item relative mb-1 flex transform-gpu flex-col bg-default
        px-[8%] pt-12 transition-transform duration-500
        tablet:mb-0 tablet:max-w-[47%] tablet:px-0 tablet:pt-0
        tablet-landscape:has-[a:hover]:scale-105
        tablet-landscape:has-[a:hover]:drop-shadow-2xl
        laptop:max-w-[31.33%]
      "
            >
              <div
                class="
          relative mb-6 block overflow-hidden
          after:absolute after:top-0 after:left-0 after:aspect-video
          after:size-full after:bg-default after:opacity-15 after:duration-500
          group-has-[a:hover]/list-item:after:opacity-0
          tablet:after:inset-x-0 tablet:after:top-0
        "
              >
                <img
                  alt=""
                  class="aspect-video 
            h-auto w-full transform-gpu transition-transform duration-500
            group-has-[a:hover]/list-item:scale-105
          "
                  decoding="async"
                  height="360"
                  loading="lazy"
                  sizes="(min-width: 1800px) 481px, (min-width: 1280px) calc(26vw + 18px), (min-width: 780px) calc(47.08vw - 46px), 83.91vw"
                  src="/_image/?href=%2Fcontent%2Fassets%2Fstills%2Fcroupier-1998.png%3ForigWidth%3D2000%26origHeight%3D1125%26origFormat%3Dpng&w=640&h=360&q=80&f=avif"
                  srcset="/_image/?href=%2Fcontent%2Fassets%2Fstills%2Fcroupier-1998.png%3ForigWidth%3D2000%26origHeight%3D1125%26origFormat%3Dpng&w=160&h=90&q=80&f=avif 160w, /_image/?href=%2Fcontent%2Fassets%2Fstills%2Fcroupier-1998.png%3ForigWidth%3D2000%26origHeight%3D1125%26origFormat%3Dpng&w=320&h=180&q=80&f=avif 320w, /_image/?href=%2Fcontent%2Fassets%2Fstills%2Fcroupier-1998.png%3ForigWidth%3D2000%26origHeight%3D1125%26origFormat%3Dpng&w=640&h=360&q=80&f=avif 640w, /_image/?href=%2Fcontent%2Fassets%2Fstills%2Fcroupier-1998.png%3ForigWidth%3D2000%26origHeight%3D1125%26origFormat%3Dpng&w=1280&h=720&q=80&f=avif 1280w"
                  width="640"
                />
              </div>
              <div
                class="
          flex grow flex-col px-1 pb-8
          tablet:px-[8%]
          laptop:pr-[10%] laptop:pl-[8.5%]
        "
              >
                <div
                  class="
            mb-3 font-sans text-xs leading-4 font-normal tracking-wider
            text-subtle uppercase
            laptop:tracking-wide
          "
                >
                  25 Sept 2021
                </div>
                <a
                  class="
            mb-3 block text-2.5xl leading-7 font-medium text-default
            transition-all duration-500
            after:absolute after:top-0 after:left-0 after:z-sticky
            after:size-full
            hover:text-accent
          "
                  href="/reviews/croupier-1998/"
                >
                  Croupier 
                  <span
                    class="text-sm leading-none font-normal text-muted"
                  >
                    1998
                  </span>
                </a>
                <picture>
                  <source
                    media="(prefers-color-scheme: dark)"
                    srcset="/svg/4-stars-dark.svg"
                  />
                  <img
                    alt="B: 4 stars (out of 5)"
                    class="
            mb-5
            tablet:mb-8
          "
                    height="24"
                    src="/svg/4-stars.svg"
                    width="120"
                  />
                </picture>
                <div
                  class="rendered-markdown leading-normal mb-6 text-lg tracking-prose text-muted"
                >
                  <p>
                    Clive Owen plays Jack, an aspiring writer who takes a job as a croupier in a London casino. He soon decides the job would make an excellent book. But his protagonist’s perverse addiction to watching people lose bleeds into Jack’s sense of morality. Complicating matters, a mysterious punter played by Alex Kingston offers Jack a lucrative but dangerous proposition.
                  </p>
                </div>
                <div
                  class="
            mt-auto font-sans text-xs leading-4 tracking-wider text-subtle
            laptop:tracking-wide
          "
                >
                  <span>
                    Crime
                  </span>
                  <span>
                    , Drama
                  </span>
                </div>
              </div>
            </li>
            <li
              class="
        group/list-item relative mb-1 flex transform-gpu flex-col bg-default
        px-[8%] pt-12 transition-transform duration-500
        tablet:mb-0 tablet:max-w-[47%] tablet:px-0 tablet:pt-0
        tablet-landscape:has-[a:hover]:scale-105
        tablet-landscape:has-[a:hover]:drop-shadow-2xl
        laptop:max-w-[31.33%]
      "
            >
              <div
                class="
          relative mb-6 block overflow-hidden
          after:absolute after:top-0 after:left-0 after:aspect-video
          after:size-full after:bg-default after:opacity-15 after:duration-500
          group-has-[a:hover]/list-item:after:opacity-0
          tablet:after:inset-x-0 tablet:after:top-0
        "
              >
                <img
                  alt=""
                  class="aspect-video 
            h-auto w-full transform-gpu transition-transform duration-500
            group-has-[a:hover]/list-item:scale-105
          "
                  decoding="async"
                  height="360"
                  loading="lazy"
                  sizes="(min-width: 1800px) 481px, (min-width: 1280px) calc(26vw + 18px), (min-width: 780px) calc(47.08vw - 46px), 83.91vw"
                  src="/_image/?href=%2Fcontent%2Fassets%2Fstills%2Fharold-and-kumar-go-to-white-castle-2004.png%3ForigWidth%3D2000%26origHeight%3D1125%26origFormat%3Dpng&w=640&h=360&q=80&f=avif"
                  srcset="/_image/?href=%2Fcontent%2Fassets%2Fstills%2Fharold-and-kumar-go-to-white-castle-2004.png%3ForigWidth%3D2000%26origHeight%3D1125%26origFormat%3Dpng&w=160&h=90&q=80&f=avif 160w, /_image/?href=%2Fcontent%2Fassets%2Fstills%2Fharold-and-kumar-go-to-white-castle-2004.png%3ForigWidth%3D2000%26origHeight%3D1125%26origFormat%3Dpng&w=320&h=180&q=80&f=avif 320w, /_image/?href=%2Fcontent%2Fassets%2Fstills%2Fharold-and-kumar-go-to-white-castle-2004.png%3ForigWidth%3D2000%26origHeight%3D1125%26origFormat%3Dpng&w=640&h=360&q=80&f=avif 640w, /_image/?href=%2Fcontent%2Fassets%2Fstills%2Fharold-and-kumar-go-to-white-castle-2004.png%3ForigWidth%3D2000%26origHeight%3D1125%26origFormat%3Dpng&w=1280&h=720&q=80&f=avif 1280w"
                  width="640"
                />
              </div>
              <div
                class="
          flex grow flex-col px-1 pb-8
          tablet:px-[8%]
          laptop:pr-[10%] laptop:pl-[8.5%]
        "
              >
                <div
                  class="
            mb-3 font-sans text-xs leading-4 font-normal tracking-wider
            text-subtle uppercase
            laptop:tracking-wide
          "
                >
                  14 Aug 2021
                </div>
                <a
                  class="
            mb-3 block text-2.5xl leading-7 font-medium text-default
            transition-all duration-500
            after:absolute after:top-0 after:left-0 after:z-sticky
            after:size-full
            hover:text-accent
          "
                  href="/reviews/harold-and-kumar-go-to-white-castle-2004/"
                >
                  Harold & Kumar Go to White Castle 
                  <span
                    class="text-sm leading-none font-normal text-muted"
                  >
                    2004
                  </span>
                </a>
                <picture>
                  <source
                    media="(prefers-color-scheme: dark)"
                    srcset="/svg/4-half-stars-dark.svg"
                  />
                  <img
                    alt="A-: 4.5 stars (out of 5)"
                    class="
            mb-5
            tablet:mb-8
          "
                    height="24"
                    src="/svg/4-half-stars.svg"
                    width="120"
                  />
                </picture>
                <div
                  class="rendered-markdown leading-normal mb-6 text-lg tracking-prose text-muted"
                >
                  <p>
                    John Cho and Kal Penn play roommates who spend a Friday evening getting high, then set out on a quest for White Castle sliders. This unpretentious stoner-comedy has aged well, with its racially-tinged social satire still resonating. Cho and Penn have great chemistry and the parade of cameos all kill, including an unrecognizable Christopher Meloni as a disfigured tow-truck driver.
                  </p>
                </div>
                <div
                  class="
            mt-auto font-sans text-xs leading-4 tracking-wider text-subtle
            laptop:tracking-wide
          "
                >
                  <span>
                    Adventure
                  </span>
                  <span>
                    , Comedy
                  </span>
                </div>
              </div>
            </li>
          </ul>
          <div
            class="
            flex px-container py-10
            has-[a:hover]:drop-shadow-lg
          "
          >
            <a
              class="
              group/all-reviews mx-auto w-full max-w-button transform-gpu
              rounded-md bg-default pt-5 pb-4 text-center font-sans text-sm
              font-bold tracking-wide text-accent uppercase transition-all
              hover:scale-105 hover:bg-accent hover:text-inverse
            "
              href="/reviews/"
            >
              <span
                class="
                relative inline-block pb-1
                after:absolute after:bottom-0 after:left-0 after:h-0.5
                after:w-full after:origin-center after:scale-x-0
                after:transform-gpu after:bg-(--fg-inverse)
                after:transition-transform after:duration-500
                group-hover/all-reviews:after:scale-x-100
              "
              >
                All Reviews
              </span>
            </a>
          </div>
        </nav>
      </main>
      <footer
        class="bg-footer text-inverse"
      >
        <div
          class="mx-auto max-w-(--breakpoint-laptop) px-container py-20"
        >
          <div
            class="
            flex w-full flex-col
            tablet:flex-row-reverse tablet:justify-between
          "
          >
            <a
              class="
              mx-auto mb-8 w-full max-w-button transform-gpu rounded-md
              bg-canvas py-5 text-center font-sans text-sm font-normal
              tracking-wide text-default uppercase transition-all
              hover:scale-105 hover:bg-default hover:text-default
              hover:drop-shadow-lg
              tablet:mx-0
            "
              href="#top"
            >
              To the top
            </a>
            <div
              class="
        flex transform-gpu flex-col transition-transform duration-500
        has-[a:hover]:scale-105
        
      "
            >
              <div
                class="
          text-[1.375rem] leading-8 font-normal whitespace-nowrap
          tablet:text-[1.5625rem]
        "
              >
                <a
                  href="/"
                >
                  Frank's Movie Log
                </a>
              </div>
              <p
                class="w-full pl-px text-sm leading-4 italic opacity-85"
              >
                by Frank Showalter
              </p>
            </div>
          </div>
          <div
            class="
            justify-between
            tablet:flex
          "
          >
            <div
              class="
              flex max-w-[640px] flex-col pb-12
              tablet:pr-32
            "
            >
              <div
                class="pt-10 font-sans font-normal text-inverse-subtle"
              >
                <p
                  class="
                  mb-6 text-pretty
                  first-letter:float-left first-letter:mt-[6px]
                  first-letter:pr-1 first-letter:font-sans
                  first-letter:text-[40px] first-letter:leading-[.8]
                  first-letter:font-bold first-letter:text-inverse
                "
                >
                  Hi there, I'm Frank, a husband and father old enough to have sat wide-eyed during 
                  <em>
                    E.T
                  </em>
                  's first theatrical run, I've been watching, absorbing, and dissecting films ever since.
                </p>
                <p
                  class="mb-6 text-pretty"
                >
                  This site began in 2003 when I realized two things: I had become the designated “movie guy” among my friends (you know, the one everyone asks about every new release), and I was frequently experiencing the peculiar déjà vu of realizing, halfway through a film, that I'd already seen it. Clearly, I needed a system.
                </p>
                <p
                  class="mb-6 text-pretty"
                >
                  What began as personal record-keeping evolved into this little corner of the internet where I share my thoughts on everything from blockbusters to obscure indies that deserved better.
                </p>
                <p
                  class="mb-6 text-pretty"
                >
                  New visitors might want to start by reading about 
                  <a
                    class="
        underline
        hover:text-accent
      "
                    href="/how-i-grade/"
                  >
                    how I grade
                  </a>
                   films. After that, feel free to browse 
                  <a
                    class="
        underline
        hover:text-accent
      "
                    href="/reviews/"
                  >
                    my reviews
                  </a>
                  . If you're looking for something that flew under the radar but deserves your attention, I recommend my 
                  <a
                    class="
        underline
        hover:text-accent
      "
                    href="/reviews/underseen/"
                  >
                    underseen gems
                  </a>
                   section. Or, for those moments when you want to feel righteously contrarian, I maintain an list of 
                  <a
                    class="
        underline
        hover:text-accent
      "
                    href="/reviews/overrated/"
                  >
                    overrated disappointments
                  </a>
                  .
                </p>
                <p
                  class="mb-6 text-pretty"
                >
                  I also keep a 
                  <a
                    class="
        underline
        hover:text-accent
      "
                    href="/viewings/"
                  >
                    viewing log
                  </a>
                   that tracks everything I watch, whether it gets a full review or not, complete with 
                  <a
                    class="
        underline
        hover:text-accent
      "
                    href="/viewings/stats/"
                  >
                    stats
                  </a>
                  . In an age of endless content, sometimes the act of remembering what we've seen becomes as important as the seeing itself.
                </p>
                <p
                  class="mb-6 text-pretty"
                >
                  And finally, if you're curious about what's on my critical horizon, 
                  <a
                    class="
        underline
        hover:text-accent
      "
                    href="/watchlist/"
                  >
                    my watchlist
                  </a>
                   details the films I plan to review and why they've caught my interest.
                </p>
                <p
                  class="text-pretty"
                >
                  In an era of algorithmic recommendations and corporate marketing machines, consider this site a human alternative—one person's attempt to catalog the vast ocean of cinema and maybe help a few fellow travelers along the way.
                </p>
              </div>
            </div>
            <div
              class="
              flex grow-0 flex-col gap-20 pt-10 pb-20
              tablet:basis-button tablet:pr-10
            "
            >
              <ol
                class="flex flex-col gap-y-6"
              >
                <li
                  class="
        block w-1/2 text-2xl whitespace-nowrap
        laptop:w-full
      "
                >
                  <a
                    class="
          relative inline-block origin-left transform-gpu transition-all
          duration-500
          after:absolute after:bottom-0 after:left-0 after:h-px after:w-full
          after:origin-bottom-left after:scale-x-0 after:bg-accent
          after:transition-transform after:duration-500
          hover:text-accent hover:after:scale-x-100
        "
                    href="/"
                  >
                    Home
                  </a>
                </li>
                <li
                  class="
        block w-1/2 text-2xl whitespace-nowrap
        laptop:w-full
      "
                >
                  <a
                    class="
          relative inline-block origin-left transform-gpu transition-all
          duration-500
          after:absolute after:bottom-0 after:left-0 after:h-px after:w-full
          after:origin-bottom-left after:scale-x-0 after:bg-accent
          after:transition-transform after:duration-500
          hover:text-accent hover:after:scale-x-100
        "
                    href="/how-i-grade/"
                  >
                    How I Grade
                  </a>
                </li>
                <li
                  class="
        block w-1/2 text-2xl whitespace-nowrap
        laptop:w-full
      "
                >
                  <a
                    class="
          relative inline-block origin-left transform-gpu transition-all
          duration-500
          after:absolute after:bottom-0 after:left-0 after:h-px after:w-full
          after:origin-bottom-left after:scale-x-0 after:bg-accent
          after:transition-transform after:duration-500
          hover:text-accent hover:after:scale-x-100
        "
                    href="/reviews/"
                  >
                    Reviews
                  </a>
                  <ol
                    class="mt-4"
                  >
                    <li
                      class="
              mb-3 ml-1 font-sans text-[13px] font-medium tracking-wider
              text-inverse-subtle uppercase
              last:-mb-1
            "
                    >
                      <a
                        class="
                relative inline-block origin-left transform-gpu pb-1
                transition-all duration-500
                after:absolute after:bottom-0 after:left-0 after:h-px
                after:w-full after:origin-bottom-left after:scale-x-0
                after:bg-accent after:transition-transform after:duration-500
                hover:text-accent hover:after:scale-x-100
              "
                        href="/cast-and-crew/"
                      >
                        Cast & Crew
                      </a>
                    </li>
                    <li
                      class="
              mb-3 ml-1 font-sans text-[13px] font-medium tracking-wider
              text-inverse-subtle uppercase
              last:-mb-1
            "
                    >
                      <a
                        class="
                relative inline-block origin-left transform-gpu pb-1
                transition-all duration-500
                after:absolute after:bottom-0 after:left-0 after:h-px
                after:w-full after:origin-bottom-left after:scale-x-0
                after:bg-accent after:transition-transform after:duration-500
                hover:text-accent hover:after:scale-x-100
              "
                        href="/collections/"
                      >
                        Collections
                      </a>
                    </li>
                    <li
                      class="
              mb-3 ml-1 font-sans text-[13px] font-medium tracking-wider
              text-inverse-subtle uppercase
              last:-mb-1
            "
                    >
                      <a
                        class="
                relative inline-block origin-left transform-gpu pb-1
                transition-all duration-500
                after:absolute after:bottom-0 after:left-0 after:h-px
                after:w-full after:origin-bottom-left after:scale-x-0
                after:bg-accent after:transition-transform after:duration-500
                hover:text-accent hover:after:scale-x-100
              "
                        href="/reviews/overrated/"
                      >
                        Overrated
                      </a>
                    </li>
                    <li
                      class="
              mb-3 ml-1 font-sans text-[13px] font-medium tracking-wider
              text-inverse-subtle uppercase
              last:-mb-1
            "
                    >
                      <a
                        class="
                relative inline-block origin-left transform-gpu pb-1
                transition-all duration-500
                after:absolute after:bottom-0 after:left-0 after:h-px
                after:w-full after:origin-bottom-left after:scale-x-0
                after:bg-accent after:transition-transform after:duration-500
                hover:text-accent hover:after:scale-x-100
              "
                        href="/reviews/underrated/"
                      >
                        Underrated
                      </a>
                    </li>
                    <li
                      class="
              mb-3 ml-1 font-sans text-[13px] font-medium tracking-wider
              text-inverse-subtle uppercase
              last:-mb-1
            "
                    >
                      <a
                        class="
                relative inline-block origin-left transform-gpu pb-1
                transition-all duration-500
                after:absolute after:bottom-0 after:left-0 after:h-px
                after:w-full after:origin-bottom-left after:scale-x-0
                after:bg-accent after:transition-transform after:duration-500
                hover:text-accent hover:after:scale-x-100
              "
                        href="/reviews/underseen/"
                      >
                        Underseen
                      </a>
                    </li>
                  </ol>
                </li>
                <li
                  class="
        block w-1/2 text-2xl whitespace-nowrap
        laptop:w-full
      "
                >
                  <a
                    class="
          relative inline-block origin-left transform-gpu transition-all
          duration-500
          after:absolute after:bottom-0 after:left-0 after:h-px after:w-full
          after:origin-bottom-left after:scale-x-0 after:bg-accent
          after:transition-transform after:duration-500
          hover:text-accent hover:after:scale-x-100
        "
                    href="/viewings/"
                  >
                    Viewing Log
                  </a>
                  <ol
                    class="mt-4"
                  >
                    <li
                      class="
              mb-3 ml-1 font-sans text-[13px] font-medium tracking-wider
              text-inverse-subtle uppercase
              last:-mb-1
            "
                    >
                      <a
                        class="
                relative inline-block origin-left transform-gpu pb-1
                transition-all duration-500
                after:absolute after:bottom-0 after:left-0 after:h-px
                after:w-full after:origin-bottom-left after:scale-x-0
                after:bg-accent after:transition-transform after:duration-500
                hover:text-accent hover:after:scale-x-100
              "
                        href="/viewings/stats/"
                      >
                        Stats
                      </a>
                    </li>
                  </ol>
                </li>
                <li
                  class="
        block w-1/2 text-2xl whitespace-nowrap
        laptop:w-full
      "
                >
                  <a
                    class="
          relative inline-block origin-left transform-gpu transition-all
          duration-500
          after:absolute after:bottom-0 after:left-0 after:h-px after:w-full
          after:origin-bottom-left after:scale-x-0 after:bg-accent
          after:transition-transform after:duration-500
          hover:text-accent hover:after:scale-x-100
        "
                    href="/watchlist/"
                  >
                    Watchlist
                  </a>
                  <ol
                    class="mt-4"
                  >
                    <li
                      class="
              mb-3 ml-1 font-sans text-[13px] font-medium tracking-wider
              text-inverse-subtle uppercase
              last:-mb-1
            "
                    >
                      <a
                        class="
                relative inline-block origin-left transform-gpu pb-1
                transition-all duration-500
                after:absolute after:bottom-0 after:left-0 after:h-px
                after:w-full after:origin-bottom-left after:scale-x-0
                after:bg-accent after:transition-transform after:duration-500
                hover:text-accent hover:after:scale-x-100
              "
                        href="/watchlist/progress/"
                      >
                        Progress
                      </a>
                    </li>
                  </ol>
                </li>
              </ol>
            </div>
          </div>
        </div>
        <p
          class="
          w-full bg-canvas px-container py-10 text-center leading-5 font-normal
          text-default
        "
        >
          All reviews by Frank Showalter. All images used in accordance with the 
          <a
            class="
            relative inline-block pr-4 text-inherit underline underline-offset-3
            hover:bg-default hover:text-accent
          "
            href="http://www.copyright.gov/title17/92chap1.html#107"
            rel="nofollow"
          >
            Fair Use Law
            <svg
              class="absolute top-0.5 right-0 size-3"
              fill="none"
              stroke="currentColor"
              stroke-width="1.5"
              viewBox="0 0 24 24"
              xmlns="http://www.w3.org/2000/svg"
            >
              <path
                d="M13.5 6H5.25A2.25 2.25 0 0 0 3 8.25v10.5A2.25 2.25 0 0 0 5.25 21h10.5A2.25 2.25 0 0 0 18 18.75V10.5m-10.5 6L21 3m0 0h-5.25M21 3v5.25"
                stroke-linecap="round"
                stroke-linejoin="round"
              />
            </svg>
          </a>
          .
        </p>
      </footer>
    </div>
  </div>
</DocumentFragment>
`;
